 MASs_sfun

 Timestamp is 5af2f1c0 (Wed May 09 21:04:00 2018)

 Preferred load address is 0000000180000000

 Start         Length     Name                   Class
 0001:00000000 0002ec22H .text$mn                CODE
 0001:0002ec30 0000007bH .text$x                 CODE
 0002:00000000 000004f0H .idata$5                DATA
 0002:000004f0 00000008H .CRT$XCA                DATA
 0002:000004f8 00000008H .CRT$XCZ                DATA
 0002:00000500 00000008H .CRT$XIA                DATA
 0002:00000508 00000008H .CRT$XIAA               DATA
 0002:00000510 00000008H .CRT$XIC                DATA
 0002:00000518 00000008H .CRT$XIZ                DATA
 0002:00000520 000007a0H .rdata                  DATA
 0002:00000cc0 00000008H .rtc$IAA                DATA
 0002:00000cc8 00000008H .rtc$IZZ                DATA
 0002:00000cd0 00000008H .rtc$TAA                DATA
 0002:00000cd8 00000008H .rtc$TZZ                DATA
 0002:00000ce0 00001074H .xdata                  DATA
 0002:00001d60 0000004fH .edata                  DATA
 0002:00001db0 000000a0H .idata$2                DATA
 0002:00001e50 00000014H .idata$3                DATA
 0002:00001e68 000004f0H .idata$4                DATA
 0002:00002358 00000e04H .idata$6                DATA
 0003:00000000 00005268H .data                   DATA
 0003:00005270 000007a8H .bss                    DATA
 0004:00000000 00001404H .pdata                  DATA

  Address         Publics by Value              Rva+Base               Lib:Object

 0000:00000000       __guard_fids_table         0000000000000000     <absolute>
 0000:00000000       ___safe_se_handler_table   0000000000000000     <absolute>
 0000:00000000       __guard_fids_count         0000000000000000     <absolute>
 0000:00000000       __guard_flags              0000000000000000     <absolute>
 0000:00000000       ___safe_se_handler_count   0000000000000000     <absolute>
 0000:00000000       __ImageBase                0000000180000000     <linker-defined>
 0001:00000000       MASs_initializer           0000000180001000 f   MASs_sfun.obj
 0001:00000010       MASs_terminator            0000000180001010 f   MASs_sfun.obj
 0001:00000020       load_MASs_optimization_info 0000000180001020 f   MASs_sfun.obj
 0001:00000070       unload_MASs_optimization_info 0000000180001070 f   MASs_sfun.obj
 0001:000000a0       sf_MASs_method_dispatcher  00000001800010a0 f   MASs_sfun.obj
 0001:00000170       sf_MASs_uses_exported_functions 0000000180001170 f   MASs_sfun.obj
 0001:000001b0       sf_MASs_process_check_sum_call 00000001800011b0 f   MASs_sfun.obj
 0001:000007c0       sf_MASs_autoinheritance_info 00000001800017c0 f   MASs_sfun.obj
 0001:00000b40       sf_MASs_get_eml_resolved_functions_info 0000000180001b40 f   MASs_sfun.obj
 0001:00000dc0       sf_MASs_third_party_uses_info 0000000180001dc0 f   MASs_sfun.obj
 0001:00001080       sf_MASs_jit_fallback_info  0000000180002080 f   MASs_sfun.obj
 0001:00001340       sf_MASs_updateBuildInfo_args_info 0000000180002340 f   MASs_sfun.obj
 0001:00001600       sf_MASs_get_post_codegen_info 0000000180002600 f   MASs_sfun.obj
 0001:00001820       MASs_debug_initialize      0000000180002820 f   MASs_sfun.obj
 0001:000018a0       MASs_register_exported_symbols 00000001800028a0 f   MASs_sfun.obj
 0001:000018b0       sf_c8_MASs_get_eml_resolved_functions_info 00000001800028b0 f   c8_MASs.obj
 0001:00001930       sf_c8_MASs_get_check_sum   0000000180002930 f   c8_MASs.obj
 0001:00001a00       c8_MASs_method_dispatcher  0000000180002a00 f   c8_MASs.obj
 0001:00007480       sf_c8_MASs_get_post_codegen_info 0000000180008480 f   c8_MASs.obj
 0001:00007550       sf_c8_MASs_get_autoinheritance_info 0000000180008550 f   c8_MASs.obj
 0001:00007fe0       sf_c8_MASs_third_party_uses_info 0000000180008fe0 f   c8_MASs.obj
 0001:00008030       sf_c8_MASs_jit_fallback_info 0000000180009030 f   c8_MASs.obj
 0001:000081c0       sf_c8_MASs_updateBuildInfo_args_info 00000001800091c0 f   c8_MASs.obj
 0001:00008e30       sf_c15_MASs_get_eml_resolved_functions_info 0000000180009e30 f   c15_MASs.obj
 0001:00008eb0       sf_c15_MASs_get_check_sum  0000000180009eb0 f   c15_MASs.obj
 0001:00008f80       c15_MASs_method_dispatcher 0000000180009f80 f   c15_MASs.obj
 0001:0000ea00       sf_c15_MASs_get_post_codegen_info 000000018000fa00 f   c15_MASs.obj
 0001:0000ead0       sf_c15_MASs_get_autoinheritance_info 000000018000fad0 f   c15_MASs.obj
 0001:0000f560       sf_c15_MASs_third_party_uses_info 0000000180010560 f   c15_MASs.obj
 0001:0000f5b0       sf_c15_MASs_jit_fallback_info 00000001800105b0 f   c15_MASs.obj
 0001:0000f740       sf_c15_MASs_updateBuildInfo_args_info 0000000180010740 f   c15_MASs.obj
 0001:000103b0       sf_c22_MASs_get_eml_resolved_functions_info 00000001800113b0 f   c22_MASs.obj
 0001:00010430       sf_c22_MASs_get_check_sum  0000000180011430 f   c22_MASs.obj
 0001:00010500       c22_MASs_method_dispatcher 0000000180011500 f   c22_MASs.obj
 0001:00015f80       sf_c22_MASs_get_post_codegen_info 0000000180016f80 f   c22_MASs.obj
 0001:00016050       sf_c22_MASs_get_autoinheritance_info 0000000180017050 f   c22_MASs.obj
 0001:00016ae0       sf_c22_MASs_third_party_uses_info 0000000180017ae0 f   c22_MASs.obj
 0001:00016b30       sf_c22_MASs_jit_fallback_info 0000000180017b30 f   c22_MASs.obj
 0001:00016cc0       sf_c22_MASs_updateBuildInfo_args_info 0000000180017cc0 f   c22_MASs.obj
 0001:00017930       sf_c29_MASs_get_eml_resolved_functions_info 0000000180018930 f   c29_MASs.obj
 0001:000179b0       sf_c29_MASs_get_check_sum  00000001800189b0 f   c29_MASs.obj
 0001:00017a80       c29_MASs_method_dispatcher 0000000180018a80 f   c29_MASs.obj
 0001:0001d500       sf_c29_MASs_get_post_codegen_info 000000018001e500 f   c29_MASs.obj
 0001:0001d5d0       sf_c29_MASs_get_autoinheritance_info 000000018001e5d0 f   c29_MASs.obj
 0001:0001e060       sf_c29_MASs_third_party_uses_info 000000018001f060 f   c29_MASs.obj
 0001:0001e0b0       sf_c29_MASs_jit_fallback_info 000000018001f0b0 f   c29_MASs.obj
 0001:0001e240       sf_c29_MASs_updateBuildInfo_args_info 000000018001f240 f   c29_MASs.obj
 0001:0001eeb0       sf_c36_MASs_get_eml_resolved_functions_info 000000018001feb0 f   c36_MASs.obj
 0001:0001ef30       sf_c36_MASs_get_check_sum  000000018001ff30 f   c36_MASs.obj
 0001:0001f000       c36_MASs_method_dispatcher 0000000180020000 f   c36_MASs.obj
 0001:00024a80       sf_c36_MASs_get_post_codegen_info 0000000180025a80 f   c36_MASs.obj
 0001:00024b50       sf_c36_MASs_get_autoinheritance_info 0000000180025b50 f   c36_MASs.obj
 0001:000255e0       sf_c36_MASs_third_party_uses_info 00000001800265e0 f   c36_MASs.obj
 0001:00025630       sf_c36_MASs_jit_fallback_info 0000000180026630 f   c36_MASs.obj
 0001:000257c0       sf_c36_MASs_updateBuildInfo_args_info 00000001800267c0 f   c36_MASs.obj
 0001:00026430       mexFunction                0000000180027430 f   MASs_sfun_registry.obj
 0001:00027800       _ssSetInputPortDirectFeedThroughFcn 0000000180028800 f   MASs_sfun_registry.obj
 0001:00027960       _ssGetInputPortSignalPtrsFcn 0000000180028960 f   MASs_sfun_registry.obj
 0001:00027b80       _ssGetInputPortSignalFcn   0000000180028b80 f   MASs_sfun_registry.obj
 0001:00027da0       _ssSetInputPortReusableFcn 0000000180028da0 f   MASs_sfun_registry.obj
 0001:00027e80       _ssSetOutputPortReusableFcn 0000000180028e80 f   MASs_sfun_registry.obj
 0001:00027f60       _ssSetSymbolicDimsSupport  0000000180028f60 f   MASs_sfun_registry.obj
 0001:00027fd0       _ssRegisterSymbolicDimsExpr 0000000180028fd0 f   MASs_sfun_registry.obj
 0001:00028050       _ssRegisterSymbolicDims    0000000180029050 f   MASs_sfun_registry.obj
 0001:000280f0       _ssRegisterSymbolicDimsString 00000001800290f0 f   MASs_sfun_registry.obj
 0001:00028170       _ssRegisterSymbolicDimsIntValue 0000000180029170 f   MASs_sfun_registry.obj
 0001:000281e0       _ssRegisterSymbolicDimsPlus 00000001800291e0 f   MASs_sfun_registry.obj
 0001:00028260       _ssRegisterSymbolicDimsMinus 0000000180029260 f   MASs_sfun_registry.obj
 0001:000282e0       _ssRegisterSymbolicDimsMultiply 00000001800292e0 f   MASs_sfun_registry.obj
 0001:00028360       _ssRegisterSymbolicDimsDivide 0000000180029360 f   MASs_sfun_registry.obj
 0001:000283e0       _ssGetNumSymbolicDims      00000001800293e0 f   MASs_sfun_registry.obj
 0001:00028450       _ssGetSymbolicDim          0000000180029450 f   MASs_sfun_registry.obj
 0001:000284d0       _ssSetInputPortSymbolicDimsId 00000001800294d0 f   MASs_sfun_registry.obj
 0001:00028540       _ssGetCompInputPortSymbolicDimsId 0000000180029540 f   MASs_sfun_registry.obj
 0001:000285b0       _ssSetCompInputPortSymbolicDimsId 00000001800295b0 f   MASs_sfun_registry.obj
 0001:00028620       _ssSetOutputPortSymbolicDimsId 0000000180029620 f   MASs_sfun_registry.obj
 0001:00028690       _ssGetCompOutputPortSymbolicDimsId 0000000180029690 f   MASs_sfun_registry.obj
 0001:00028700       _ssSetCompOutputPortSymbolicDimsId 0000000180029700 f   MASs_sfun_registry.obj
 0001:00028770       _ssSetCompDWorkSymbolicDimsId 0000000180029770 f   MASs_sfun_registry.obj
 0001:000287e0       ssGetIsZeroCrossControlDisabled 00000001800297e0 f   MASs_sfun_registry.obj
 0001:00028850       ssSetIsInputPortUsedForContZcSignal 0000000180029850 f   MASs_sfun_registry.obj
 0001:000288c0       ssSetZcSignalIsZcElementDisc 00000001800298c0 f   MASs_sfun_registry.obj
 0001:00028970       ssSetZcSignalName          0000000180029970 f   MASs_sfun_registry.obj
 0001:000289e0       ssSetZcSignalWidth         00000001800299e0 f   MASs_sfun_registry.obj
 0001:00028a50       ssSetZcSignalZcEventType   0000000180029a50 f   MASs_sfun_registry.obj
 0001:00028ac0       ssSetZcSignalType          0000000180029ac0 f   MASs_sfun_registry.obj
 0001:00028b30       ssSetZcSignalZcTol         0000000180029b30 f   MASs_sfun_registry.obj
 0001:00028ba0       ssSetZcSignalNeedsEventNotification 0000000180029ba0 f   MASs_sfun_registry.obj
 0001:00028c10       ssCreateAndAddZcSignalInfo 0000000180029c10 f   MASs_sfun_registry.obj
 0001:00028c80       ssCloneAndAddZcSignalInfo  0000000180029c80 f   MASs_sfun_registry.obj
 0001:00028cf0       ssGetNumZcSignals          0000000180029cf0 f   MASs_sfun_registry.obj
 0001:00028d60       ssGetZcSignalVector        0000000180029d60 f   MASs_sfun_registry.obj
 0001:00028dd0       ssGetZcSignalName          0000000180029dd0 f   MASs_sfun_registry.obj
 0001:00028e40       ssGetZcSignalWidth         0000000180029e40 f   MASs_sfun_registry.obj
 0001:00028eb0       ssGetZcSignalZcEventType   0000000180029eb0 f   MASs_sfun_registry.obj
 0001:00028f20       ssGetZcSignalZcEvents      0000000180029f20 f   MASs_sfun_registry.obj
 0001:00028f90       ssGetZcSignalType          0000000180029f90 f   MASs_sfun_registry.obj
 0001:00029000       ssGetZcSignalZcTol         000000018002a000 f   MASs_sfun_registry.obj
 0001:00029080       ssGetZcSignalNeedsEventNotification 000000018002a080 f   MASs_sfun_registry.obj
 0001:000290f0       ssGetZcSignalIsZcElementDisc 000000018002a0f0 f   MASs_sfun_registry.obj
 0001:00029190       ssGetIsInputPortElementContinuous 000000018002a190 f   MASs_sfun_registry.obj
 0001:00029230       ssGetDTypeIdFromMxArray    000000018002a230 f   MASs_sfun_registry.obj
 0001:00029350       ssWriteRTWStr              000000018002a350 f   MASs_sfun_registry.obj
 0001:000293b0       ssWriteRTWNameValuePair    000000018002a3b0 f   MASs_sfun_registry.obj
 0001:000298b0       ssWriteRTWParamSettings    000000018002a8b0 f   MASs_sfun_registry.obj
 0001:00029fa0       ssWriteRTWParameters       000000018002afa0 f   MASs_sfun_registry.obj
 0001:0002a570       ssWriteRTWWorkVect         000000018002b570 f   MASs_sfun_registry.obj
 0001:0002aa60       ssWriteRTWMxVectParam      000000018002ba60 f   MASs_sfun_registry.obj
 0001:0002aae0       ssWriteRTWMx2dMatParam     000000018002bae0 f   MASs_sfun_registry.obj
 0001:0002ab70       _ssSetInputPortMatrixDimensions 000000018002bb70 f   MASs_sfun_registry.obj
 0001:0002ac70       _ssSetOutputPortMatrixDimensions 000000018002bc70 f   MASs_sfun_registry.obj
 0001:0002ad70       _ssSetInputPortVectorDimension 000000018002bd70 f   MASs_sfun_registry.obj
 0001:0002ae20       _ssSetOutputPortVectorDimension 000000018002be20 f   MASs_sfun_registry.obj
 0001:0002aed0       ssIsRunTimeParamTunable    000000018002bed0 f   MASs_sfun_registry.obj
 0001:0002af40       ssGetSFuncBlockHandle      000000018002bf40 f   MASs_sfun_registry.obj
 0001:0002afb0       _ssGetCurrentInputPortWidth 000000018002bfb0 f   MASs_sfun_registry.obj
 0001:0002b0d0       _ssGetCurrentOutputPortWidth 000000018002c0d0 f   MASs_sfun_registry.obj
 0001:0002b1f0       _ssGetCallSystemNumFcnCallDestinations 000000018002c1f0 f   MASs_sfun_registry.obj
 0001:0002b260       ssGetParameterTuningCompliance 000000018002c260 f   MASs_sfun_registry.obj
 0001:0002b2d0       ssWarning                  000000018002c2d0 f   MASs_sfun_registry.obj
 0001:0002b3c0       _ssGetAbsTol               000000018002c3c0 f   MASs_sfun_registry.obj
 0001:0002b430       _ssSetStateAbsTol          000000018002c430 f   MASs_sfun_registry.obj
 0001:0002b510       sf_process_check_sum_call  000000018002c510 f   MASs_sfun_registry.obj
 0001:0002b560       sf_process_machine_uses_exported_functions_call 000000018002c560 f   MASs_sfun_registry.obj
 0001:0002b710       sf_process_autoinheritance_call 000000018002c710 f   MASs_sfun_registry.obj
 0001:0002b940       sf_process_get_third_party_uses_info_call 000000018002c940 f   MASs_sfun_registry.obj
 0001:0002bb70       sf_process_get_jit_fallback_info_call 000000018002cb70 f   MASs_sfun_registry.obj
 0001:0002bda0       sf_process_get_updateBuildInfo_args_info_call 000000018002cda0 f   MASs_sfun_registry.obj
 0001:0002bfd0       sf_process_get_eml_resolved_functions_info_call 000000018002cfd0 f   MASs_sfun_registry.obj
 0001:0002c1d0       sf_process_get_post_codegen_info 000000018002d1d0 f   MASs_sfun_registry.obj
 0001:0002c380       sf_mex_unlock_call         000000018002d380 f   MASs_sfun_registry.obj
 0001:0002c660       sf_machine_global_initializer_called 000000018002d660 f   MASs_sfun_registry.obj
 0001:0002c690       sf_machine_global_method_dispatcher 000000018002d690 f   MASs_sfun_registry.obj
 0001:0002c6f0       sf_machine_global_terminator 000000018002d6f0 f   MASs_sfun_registry.obj
 0001:0002c740       sf_register_machine_exported_symbols 000000018002d740 f   MASs_sfun_registry.obj
 0001:0002c760       callCustomFcn              000000018002d760 f   MASs_sfun_registry.obj
 0001:0002c770       sf_machine_global_initializer 000000018002d770 f   MASs_sfun_registry.obj
 0001:0002c7f0       mdlGetSimState             000000018002d7f0 f   MASs_sfun_registry.obj
 0001:0002c830       mdlSetSimState             000000018002d830 f   MASs_sfun_registry.obj
 0001:0002d090       ProcessMexSfunctionEveryCall 000000018002e090 f   MASs_sfun_registry.obj
 0001:0002dd96       LAPACKE_zgeev              000000018002ed96 f   libmwlapack:libmwlapack.dll
 0001:0002dd9c       sf_load_rtw_optimization_info 000000018002ed9c f   sf_runtime:sf_runtime.dll
 0001:0002dda2       sf_debug_initialize_machine 000000018002eda2 f   sf_runtime:sf_runtime.dll
 0001:0002dda8       sf_debug_set_machine_event_thresholds 000000018002eda8 f   sf_runtime:sf_runtime.dll
 0001:0002ddae       sf_debug_set_machine_data_thresholds 000000018002edae f   sf_runtime:sf_runtime.dll
 0001:0002ddb4       sf_init_ChartRunTimeInfo   000000018002edb4 f   sf_runtime:sf_runtime.dll
 0001:0002ddba       sf_free_ChartRunTimeInfo   000000018002edba f   sf_runtime:sf_runtime.dll
 0001:0002ddc0       sf_get_chart_instance_ptr  000000018002edc0 f   sf_runtime:sf_runtime.dll
 0001:0002ddc6       sf_rtw_info_uint_prop      000000018002edc6 f   sf_runtime:sf_runtime.dll
 0001:0002ddcc       sf_update_buildInfo        000000018002edcc f   sf_runtime:sf_runtime.dll
 0001:0002ddd2       sf_is_chart_inlinable      000000018002edd2 f   sf_runtime:sf_runtime.dll
 0001:0002ddd8       sf_mark_chart_reusable_outputs 000000018002edd8 f   sf_runtime:sf_runtime.dll
 0001:0002ddde       sf_mark_chart_expressionable_inputs 000000018002edde f   sf_runtime:sf_runtime.dll
 0001:0002dde4       sim_mode_is_rtw_gen        000000018002ede4 f   sf_runtime:sf_runtime.dll
 0001:0002ddea       sim_mode_is_external       000000018002edea f   sf_runtime:sf_runtime.dll
 0001:0002ddf0       sf_mex_listen_for_ctrl_c_with_debugger 000000018002edf0 f   sf_runtime:sf_runtime.dll
 0001:0002ddf6       sf_clear_rtw_identifier    000000018002edf6 f   sf_runtime:sf_runtime.dll
 0001:0002ddfc       sf_set_rtw_dwork_info      000000018002edfc f   sf_runtime:sf_runtime.dll
 0001:0002de02       sf_get_time                000000018002ee02 f   sf_runtime:sf_runtime.dll
 0001:0002de08       sf_is_first_init_cond      000000018002ee08 f   sf_runtime:sf_runtime.dll
 0001:0002de0e       sf_set_chart_accesses_machine_info 000000018002ee0e f   sf_runtime:sf_runtime.dll
 0001:0002de14       sf_mex_call_debug          000000018002ee14 f   sf_runtime:sf_runtime.dll
 0001:0002de1a       sf_mex_error_message       000000018002ee1a f   sf_runtime:sf_runtime.dll
 0001:0002de20       sf_mex_create              000000018002ee20 f   sf_runtime:sf_runtime.dll
 0001:0002de26       sf_mex_createcellmatrix    000000018002ee26 f   sf_runtime:sf_runtime.dll
 0001:0002de2c       sf_mex_setcell             000000018002ee2c f   sf_runtime:sf_runtime.dll
 0001:0002de32       sf_mex_getcell             000000018002ee32 f   sf_runtime:sf_runtime.dll
 0001:0002de38       sf_mex_assign              000000018002ee38 f   sf_runtime:sf_runtime.dll
 0001:0002de3e       sf_mex_dup                 000000018002ee3e f   sf_runtime:sf_runtime.dll
 0001:0002de44       sf_mex_destroy             000000018002ee44 f   sf_runtime:sf_runtime.dll
 0001:0002de4a       sf_mex_import              000000018002ee4a f   sf_runtime:sf_runtime.dll
 0001:0002de50       sf_mex_import_vs           000000018002ee50 f   sf_runtime:sf_runtime.dll
 0001:0002de56       sf_mex_decode_encoded_mx_struct_array 000000018002ee56 f   sf_runtime:sf_runtime.dll
 0001:0002de5c       ssGetInputPortSignal_wrapper 000000018002ee5c f   sf_runtime:sf_runtime.dll
 0001:0002de62       ssGetOutputPortSignal_wrapper 000000018002ee62 f   sf_runtime:sf_runtime.dll
 0001:0002de68       sf_eml_array_bounds_check  000000018002ee68 f   sf_runtime:sf_runtime.dll
 0001:0002de6e       sf_debug_initialize_chart  000000018002ee6e f   sf_runtime:sf_runtime.dll
 0001:0002de74       sf_debug_call              000000018002ee74 f   sf_runtime:sf_runtime.dll
 0001:0002de7a       eml_debug_line_call        000000018002ee7a f   sf_runtime:sf_runtime.dll
 0001:0002de80       cv_eml_eval                000000018002ee80 f   sf_runtime:sf_runtime.dll
 0001:0002de86       cv_eval_relational         000000018002ee86 f   sf_runtime:sf_runtime.dll
 0001:0002de8c       cv_eml_init_script         000000018002ee8c f   sf_runtime:sf_runtime.dll
 0001:0002de92       cv_eml_init_fcn            000000018002ee92 f   sf_runtime:sf_runtime.dll
 0001:0002de98       cv_eml_init_if             000000018002ee98 f   sf_runtime:sf_runtime.dll
 0001:0002de9e       cv_eml_init_for            000000018002ee9e f   sf_runtime:sf_runtime.dll
 0001:0002dea4       cv_eml_init_relational     000000018002eea4 f   sf_runtime:sf_runtime.dll
 0001:0002deaa       sf_debug_reset_current_state_configuration 000000018002eeaa f   sf_runtime:sf_runtime.dll
 0001:0002deb0       sf_debug_check_for_state_inconsistency 000000018002eeb0 f   sf_runtime:sf_runtime.dll
 0001:0002deb6       sf_debug_set_chart_data_props 000000018002eeb6 f   sf_runtime:sf_runtime.dll
 0001:0002debc       sf_debug_set_chart_data_compiled_props 000000018002eebc f   sf_runtime:sf_runtime.dll
 0001:0002dec2       sf_debug_symbol_scope_push 000000018002eec2 f   sf_runtime:sf_runtime.dll
 0001:0002dec8       sf_debug_symbol_scope_push_eml 000000018002eec8 f   sf_runtime:sf_runtime.dll
 0001:0002dece       sf_debug_symbol_scope_pop  000000018002eece f   sf_runtime:sf_runtime.dll
 0001:0002ded4       sf_debug_symbol_scope_add_eml 000000018002eed4 f   sf_runtime:sf_runtime.dll
 0001:0002deda       sf_debug_symbol_scope_add_eml_importable 000000018002eeda f   sf_runtime:sf_runtime.dll
 0001:0002dee0       sf_debug_symbol_scope_add_eml_dyn_importable 000000018002eee0 f   sf_runtime:sf_runtime.dll
 0001:0002dee6       sf_debug_set_instance_data_value_ptr 000000018002eee6 f   sf_runtime:sf_runtime.dll
 0001:0002deec       sf_debug_set_chart_disable_implicit_casting 000000018002eeec f   sf_runtime:sf_runtime.dll
 0001:0002def2       sf_debug_set_chart_event_thresholds 000000018002eef2 f   sf_runtime:sf_runtime.dll
 0001:0002def8       sf_debug_set_chart_state_info 000000018002eef8 f   sf_runtime:sf_runtime.dll
 0001:0002defe       sf_debug_set_chart_decomposition 000000018002eefe f   sf_runtime:sf_runtime.dll
 0001:0002df04       sf_debug_set_chart_substate_count 000000018002ef04 f   sf_runtime:sf_runtime.dll
 0001:0002df0a       sf_debug_data_range_wrapper 000000018002ef0a f   sf_runtime:sf_runtime.dll
 0001:0002df10       sf_debug_cv_init_trans     000000018002ef10 f   sf_runtime:sf_runtime.dll
 0001:0002df16       sf_debug_cv_init_chart     000000018002ef16 f   sf_runtime:sf_runtime.dll
 0001:0002df1c       sf_debug_cv_init_state     000000018002ef1c f   sf_runtime:sf_runtime.dll
 0001:0002df22       sf_get_ChartInfoStruct_CodeGen 000000018002ef22 f   sf_runtime:sf_runtime.dll
 0001:0002df28       sf_get_isEnhancedMooreMachine 000000018002ef28 f   sf_runtime:sf_runtime.dll
 0001:0002df2e       sf_set_compiledInfo        000000018002ef2e f   sf_runtime:sf_runtime.dll
 0001:0002df34       callMdlMethodAndReportError 000000018002ef34 f   sf_runtime:sf_runtime.dll
 0001:0002df3a       call_sf_machine_global_method_dispatcher 000000018002ef3a f   sf_runtime:sf_runtime.dll
 0001:0002df40       sf_mex_error_direct_call   000000018002ef40 f   sf_runtime:sf_runtime.dll
 0001:0002df46       sf_clear_error_manager_info 000000018002ef46 f   sf_runtime:sf_runtime.dll
 0001:0002df4c       sf_debug_create_debug_instance_struct 000000018002ef4c f   sf_runtime:sf_runtime.dll
 0001:0002df52       sf_debug_terminate         000000018002ef52 f   sf_runtime:sf_runtime.dll
 0001:0002df58       sf_debug_api               000000018002ef58 f   sf_runtime:sf_runtime.dll
 0001:0002df5e       mxIsChar                   000000018002ef5e f   libmx:libmx.dll
 0001:0002df64       mxGetPr                    000000018002ef64 f   libmx:libmx.dll
 0001:0002df6a       mxGetScalar                000000018002ef6a f   libmx:libmx.dll
 0001:0002df70       mxDestroyArray             000000018002ef70 f   libmx:libmx.dll
 0001:0002df76       mxCreateDoubleMatrix_730   000000018002ef76 f   libmx:libmx.dll
 0001:0002df7c       mxCreateLogicalScalar      000000018002ef7c f   libmx:libmx.dll
 0001:0002df82       mxGetString_730            000000018002ef82 f   libmx:libmx.dll
 0001:0002df88       mxDuplicateArray           000000018002ef88 f   libmx:libmx.dll
 0001:0002df8e       mxSetCell_730              000000018002ef8e f   libmx:libmx.dll
 0001:0002df94       mxSetField_730             000000018002ef94 f   libmx:libmx.dll
 0001:0002df9a       mxCreateDoubleScalar       000000018002ef9a f   libmx:libmx.dll
 0001:0002dfa0       mxCreateString             000000018002efa0 f   libmx:libmx.dll
 0001:0002dfa6       mxCreateCellMatrix_730     000000018002efa6 f   libmx:libmx.dll
 0001:0002dfac       mxCreateCellArray_730      000000018002efac f   libmx:libmx.dll
 0001:0002dfb2       mxCreateStructMatrix_730   000000018002efb2 f   libmx:libmx.dll
 0001:0002dfb8       mxCreateStructArray_730    000000018002efb8 f   libmx:libmx.dll
 0001:0002dfbe       mxGetNaN                   000000018002efbe f   libmx:libmx.dll
 0001:0002dfc4       mxCalloc                   000000018002efc4 f   libmx:libmx.dll
 0001:0002dfca       mxGetM                     000000018002efca f   libmx:libmx.dll
 0001:0002dfd0       mxGetClassID               000000018002efd0 f   libmx:libmx.dll
 0001:0002dfd6       mxIsNumeric                000000018002efd6 f   libmx:libmx.dll
 0001:0002dfdc       mxIsComplex                000000018002efdc f   libmx:libmx.dll
 0001:0002dfe2       mxGetN                     000000018002efe2 f   libmx:libmx.dll
 0001:0002dfe8       mexMakeArrayPersistent     000000018002efe8 f   libmex:libmex.dll
 0001:0002dfee       mexErrMsgTxt               000000018002efee f   libmex:libmex.dll
 0001:0002dff4       mexWarnMsgTxt              000000018002eff4 f   libmex:libmex.dll
 0001:0002dffa       mexCallMATLABWithObject    000000018002effa f   libmex:libmex.dll
 0001:0002e000       mexLock                    000000018002f000 f   libmex:libmex.dll
 0001:0002e006       mexUnlock                  000000018002f006 f   libmex:libmex.dll
 0001:0002e00c       mexIsLocked                000000018002f00c f   libmex:libmex.dll
 0001:0002e012       utMalloc                   000000018002f012 f   libut:libut.dll
 0001:0002e018       utFree                     000000018002f018 f   libut:libut.dll
 0001:0002e01e       muDoubleScalarAbs          000000018002f01e f   libmwmathutil:libmwmathutil.dll
 0001:0002e024       muDoubleScalarFloor        000000018002f024 f   libmwmathutil:libmwmathutil.dll
 0001:0002e02a       muDoubleScalarCos          000000018002f02a f   libmwmathutil:libmwmathutil.dll
 0001:0002e030       muDoubleScalarPower        000000018002f030 f   libmwmathutil:libmwmathutil.dll
 0001:0002e036       muDoubleScalarSin          000000018002f036 f   libmwmathutil:libmwmathutil.dll
 0001:0002e03c       muDoubleScalarSqrt         000000018002f03c f   libmwmathutil:libmwmathutil.dll
 0001:0002e042       muDoubleScalarIsNaN        000000018002f042 f   libmwmathutil:libmwmathutil.dll
 0001:0002e048       muDoubleScalarIsInf        000000018002f048 f   libmwmathutil:libmwmathutil.dll
 0001:0002e050       __raise_securityfailure    000000018002f050 f   MSVCRT:gs_report.obj
 0001:0002e09c       __report_gsfailure         000000018002f09c f   MSVCRT:gs_report.obj
 0001:0002e170       __report_rangecheckfailure 000000018002f170 f   MSVCRT:gs_report.obj
 0001:0002e184       __report_securityfailure   000000018002f184 f   MSVCRT:gs_report.obj
 0001:0002e220       __report_securityfailureEx 000000018002f220 f   MSVCRT:gs_report.obj
 0001:0002e32e       strcmp                     000000018002f32e f   MSVCRT:MSVCR120.dll
 0001:0002e334       __GSHandlerCheck           000000018002f334 f   MSVCRT:gshandler.obj
 0001:0002e354       __GSHandlerCheckCommon     000000018002f354 f   MSVCRT:gshandler.obj
 0001:0002e3d0       __security_check_cookie    000000018002f3d0 f   MSVCRT:amdsecgs.obj
 0001:0002e3f0       memset                     000000018002f3f0 f   MSVCRT:MSVCR120.dll
 0001:0002e3f6       memcpy                     000000018002f3f6 f   MSVCRT:MSVCR120.dll
 0001:0002e3fc       strcat                     000000018002f3fc f   MSVCRT:MSVCR120.dll
 0001:0002e402       strlen                     000000018002f402 f   MSVCRT:MSVCR120.dll
 0001:0002e408       sprintf                    000000018002f408 f   MSVCRT:MSVCR120.dll
 0001:0002e40e       free                       000000018002f40e f   MSVCRT:MSVCR120.dll
 0001:0002e414       malloc                     000000018002f414 f   MSVCRT:MSVCR120.dll
 0001:0002e47c       NtCurrentTeb               000000018002f47c f i MSVCRT:crtdll.obj
 0001:0002e488       _CRT_INIT                  000000018002f488 f   MSVCRT:crtdll.obj
 0001:0002e6d4       _DllMainCRTStartup         000000018002f6d4 f   MSVCRT:crtdll.obj
 0001:0002e84a       __crt_debugger_hook        000000018002f84a f   MSVCRT:MSVCR120.dll
 0001:0002e850       __crtUnhandledException    000000018002f850 f   MSVCRT:MSVCR120.dll
 0001:0002e856       __crtTerminateProcess      000000018002f856 f   MSVCRT:MSVCR120.dll
 0001:0002e85c       __crtCaptureCurrentContext 000000018002f85c f   MSVCRT:MSVCR120.dll
 0001:0002e862       __crtCapturePreviousContext 000000018002f862 f   MSVCRT:MSVCR120.dll
 0001:0002e868       __CppXcptFilter            000000018002f868 f   MSVCRT:MSVCR120.dll
 0001:0002e86e       _amsg_exit                 000000018002f86e f   MSVCRT:MSVCR120.dll
 0001:0002e880       _FindPESection             000000018002f880 f   MSVCRT:pesect.obj
 0001:0002e8d0       _IsNonwritableInCurrentImage 000000018002f8d0 f   MSVCRT:pesect.obj
 0001:0002e920       _ValidateImageBase         000000018002f920 f   MSVCRT:pesect.obj
 0001:0002e950       __atonexitinit             000000018002f950 f   MSVCRT:atonexit.obj
 0001:0002e9a0       _onexit                    000000018002f9a0 f   MSVCRT:atonexit.obj
 0001:0002ea50       atexit                     000000018002fa50 f   MSVCRT:atonexit.obj
 0001:0002ea68       __security_init_cookie     000000018002fa68 f   MSVCRT:gs_support.obj
 0001:0002eb14       DllMain                    000000018002fb14 f   MSVCRT:dllmain.obj
 0001:0002eb38       _malloc_crt                000000018002fb38 f   MSVCRT:MSVCR120.dll
 0001:0002eb40       _RTC_Initialize            000000018002fb40 f   MSVCRT:initsect.obj
 0001:0002eb78       _RTC_Terminate             000000018002fb78 f   MSVCRT:initsect.obj
 0001:0002ebb0       _initterm                  000000018002fbb0 f   MSVCRT:MSVCR120.dll
 0001:0002ebb6       _initterm_e                000000018002fbb6 f   MSVCRT:MSVCR120.dll
 0001:0002ebbc       __clean_type_info_names    000000018002fbbc f   MSVCRT:tncleanup.obj
 0001:0002ebc8       __C_specific_handler       000000018002fbc8 f   MSVCRT:MSVCR120.dll
 0001:0002ebce       _lock                      000000018002fbce f   MSVCRT:MSVCR120.dll
 0001:0002ebd4       _unlock                    000000018002fbd4 f   MSVCRT:MSVCR120.dll
 0001:0002ebda       _calloc_crt                000000018002fbda f   MSVCRT:MSVCR120.dll
 0001:0002ebe0       __dllonexit                000000018002fbe0 f   MSVCRT:MSVCR120.dll
 0001:0002ebe6       __clean_type_info_names_internal 000000018002fbe6 f   MSVCRT:MSVCR120.dll
 0001:0002ebec       IsDebuggerPresent          000000018002fbec f   kernel32:KERNEL32.dll
 0001:0002ebf2       IsProcessorFeaturePresent  000000018002fbf2 f   kernel32:KERNEL32.dll
 0001:0002ebf8       EncodePointer              000000018002fbf8 f   kernel32:KERNEL32.dll
 0001:0002ebfe       DecodePointer              000000018002fbfe f   kernel32:KERNEL32.dll
 0001:0002ec04       QueryPerformanceCounter    000000018002fc04 f   kernel32:KERNEL32.dll
 0001:0002ec0a       GetCurrentProcessId        000000018002fc0a f   kernel32:KERNEL32.dll
 0001:0002ec10       GetCurrentThreadId         000000018002fc10 f   kernel32:KERNEL32.dll
 0001:0002ec16       GetSystemTimeAsFileTime    000000018002fc16 f   kernel32:KERNEL32.dll
 0001:0002ec1c       DisableThreadLibraryCalls  000000018002fc1c f   kernel32:KERNEL32.dll
 0002:00000000       __imp_IsProcessorFeaturePresent 0000000180030000     kernel32:KERNEL32.dll
 0002:00000008       __imp_DisableThreadLibraryCalls 0000000180030008     kernel32:KERNEL32.dll
 0002:00000010       __imp_GetSystemTimeAsFileTime 0000000180030010     kernel32:KERNEL32.dll
 0002:00000018       __imp_GetCurrentThreadId   0000000180030018     kernel32:KERNEL32.dll
 0002:00000020       __imp_GetCurrentProcessId  0000000180030020     kernel32:KERNEL32.dll
 0002:00000028       __imp_QueryPerformanceCounter 0000000180030028     kernel32:KERNEL32.dll
 0002:00000030       __imp_DecodePointer        0000000180030030     kernel32:KERNEL32.dll
 0002:00000038       __imp_EncodePointer        0000000180030038     kernel32:KERNEL32.dll
 0002:00000040       __imp_IsDebuggerPresent    0000000180030040     kernel32:KERNEL32.dll
 0002:00000048       \177KERNEL32_NULL_THUNK_DATA 0000000180030048     kernel32:KERNEL32.dll
 0002:00000050       __imp_strcmp               0000000180030050     MSVCRT:MSVCR120.dll
 0002:00000058       __imp___clean_type_info_names_internal 0000000180030058     MSVCRT:MSVCR120.dll
 0002:00000060       __imp__onexit              0000000180030060     MSVCRT:MSVCR120.dll
 0002:00000068       __imp___dllonexit          0000000180030068     MSVCRT:MSVCR120.dll
 0002:00000070       __imp__calloc_crt          0000000180030070     MSVCRT:MSVCR120.dll
 0002:00000078       __imp__unlock              0000000180030078     MSVCRT:MSVCR120.dll
 0002:00000080       __imp__lock                0000000180030080     MSVCRT:MSVCR120.dll
 0002:00000088       __imp___C_specific_handler 0000000180030088     MSVCRT:MSVCR120.dll
 0002:00000090       __imp__initterm_e          0000000180030090     MSVCRT:MSVCR120.dll
 0002:00000098       __imp__initterm            0000000180030098     MSVCRT:MSVCR120.dll
 0002:000000a0       __imp__malloc_crt          00000001800300a0     MSVCRT:MSVCR120.dll
 0002:000000a8       __imp__amsg_exit           00000001800300a8     MSVCRT:MSVCR120.dll
 0002:000000b0       __imp___CppXcptFilter      00000001800300b0     MSVCRT:MSVCR120.dll
 0002:000000b8       __imp___crtCapturePreviousContext 00000001800300b8     MSVCRT:MSVCR120.dll
 0002:000000c0       __imp___crtCaptureCurrentContext 00000001800300c0     MSVCRT:MSVCR120.dll
 0002:000000c8       __imp___crtTerminateProcess 00000001800300c8     MSVCRT:MSVCR120.dll
 0002:000000d0       __imp___crtUnhandledException 00000001800300d0     MSVCRT:MSVCR120.dll
 0002:000000d8       __imp___crt_debugger_hook  00000001800300d8     MSVCRT:MSVCR120.dll
 0002:000000e0       __imp_malloc               00000001800300e0     MSVCRT:MSVCR120.dll
 0002:000000e8       __imp_free                 00000001800300e8     MSVCRT:MSVCR120.dll
 0002:000000f0       __imp_sprintf              00000001800300f0     MSVCRT:MSVCR120.dll
 0002:000000f8       __imp_strlen               00000001800300f8     MSVCRT:MSVCR120.dll
 0002:00000100       __imp_strcat               0000000180030100     MSVCRT:MSVCR120.dll
 0002:00000108       __imp_memcpy               0000000180030108     MSVCRT:MSVCR120.dll
 0002:00000110       __imp_memset               0000000180030110     MSVCRT:MSVCR120.dll
 0002:00000118       \177MSVCR120_NULL_THUNK_DATA 0000000180030118     MSVCRT:MSVCR120.dll
 0002:00000120       __imp_mexLock              0000000180030120     libmex:libmex.dll
 0002:00000128       __imp_mexIsLocked          0000000180030128     libmex:libmex.dll
 0002:00000130       __imp_mexUnlock            0000000180030130     libmex:libmex.dll
 0002:00000138       __imp_mexMakeArrayPersistent 0000000180030138     libmex:libmex.dll
 0002:00000140       __imp_mexCallMATLABWithObject 0000000180030140     libmex:libmex.dll
 0002:00000148       __imp_mexWarnMsgTxt        0000000180030148     libmex:libmex.dll
 0002:00000150       __imp_mexErrMsgTxt         0000000180030150     libmex:libmex.dll
 0002:00000158       \177libmex_NULL_THUNK_DATA 0000000180030158     libmex:libmex.dll
 0002:00000160       __imp_LAPACKE_zgeev        0000000180030160     libmwlapack:libmwlapack.dll
 0002:00000168       \177libmwlapack_NULL_THUNK_DATA 0000000180030168     libmwlapack:libmwlapack.dll
 0002:00000170       __imp_muDoubleScalarIsInf  0000000180030170     libmwmathutil:libmwmathutil.dll
 0002:00000178       __imp_muDoubleScalarIsNaN  0000000180030178     libmwmathutil:libmwmathutil.dll
 0002:00000180       __imp_muDoubleScalarSqrt   0000000180030180     libmwmathutil:libmwmathutil.dll
 0002:00000188       __imp_muDoubleScalarSin    0000000180030188     libmwmathutil:libmwmathutil.dll
 0002:00000190       __imp_muDoubleScalarPower  0000000180030190     libmwmathutil:libmwmathutil.dll
 0002:00000198       __imp_muDoubleScalarCos    0000000180030198     libmwmathutil:libmwmathutil.dll
 0002:000001a0       __imp_muDoubleScalarFloor  00000001800301a0     libmwmathutil:libmwmathutil.dll
 0002:000001a8       __imp_muDoubleScalarAbs    00000001800301a8     libmwmathutil:libmwmathutil.dll
 0002:000001b0       \177libmwmathutil_NULL_THUNK_DATA 00000001800301b0     libmwmathutil:libmwmathutil.dll
 0002:000001b8       __imp_mxGetN               00000001800301b8     libmx:libmx.dll
 0002:000001c0       __imp_mxIsComplex          00000001800301c0     libmx:libmx.dll
 0002:000001c8       __imp_mxIsNumeric          00000001800301c8     libmx:libmx.dll
 0002:000001d0       __imp_mxGetClassID         00000001800301d0     libmx:libmx.dll
 0002:000001d8       __imp_mxGetM               00000001800301d8     libmx:libmx.dll
 0002:000001e0       __imp_mxCalloc             00000001800301e0     libmx:libmx.dll
 0002:000001e8       __imp_mxGetNaN             00000001800301e8     libmx:libmx.dll
 0002:000001f0       __imp_mxCreateStructArray_730 00000001800301f0     libmx:libmx.dll
 0002:000001f8       __imp_mxCreateStructMatrix_730 00000001800301f8     libmx:libmx.dll
 0002:00000200       __imp_mxCreateCellArray_730 0000000180030200     libmx:libmx.dll
 0002:00000208       __imp_mxCreateCellMatrix_730 0000000180030208     libmx:libmx.dll
 0002:00000210       __imp_mxCreateString       0000000180030210     libmx:libmx.dll
 0002:00000218       __imp_mxCreateDoubleScalar 0000000180030218     libmx:libmx.dll
 0002:00000220       __imp_mxSetField_730       0000000180030220     libmx:libmx.dll
 0002:00000228       __imp_mxSetCell_730        0000000180030228     libmx:libmx.dll
 0002:00000230       __imp_mxDuplicateArray     0000000180030230     libmx:libmx.dll
 0002:00000238       __imp_mxGetString_730      0000000180030238     libmx:libmx.dll
 0002:00000240       __imp_mxCreateLogicalScalar 0000000180030240     libmx:libmx.dll
 0002:00000248       __imp_mxCreateDoubleMatrix_730 0000000180030248     libmx:libmx.dll
 0002:00000250       __imp_mxDestroyArray       0000000180030250     libmx:libmx.dll
 0002:00000258       __imp_mxGetScalar          0000000180030258     libmx:libmx.dll
 0002:00000260       __imp_mxIsChar             0000000180030260     libmx:libmx.dll
 0002:00000268       __imp_mxGetPr              0000000180030268     libmx:libmx.dll
 0002:00000270       \177libmx_NULL_THUNK_DATA  0000000180030270     libmx:libmx.dll
 0002:00000278       __imp_utFree               0000000180030278     libut:libut.dll
 0002:00000280       __imp_utMalloc             0000000180030280     libut:libut.dll
 0002:00000288       \177libut_NULL_THUNK_DATA  0000000180030288     libut:libut.dll
 0002:00000290       __imp_sf_debug_create_debug_instance_struct 0000000180030290     sf_runtime:sf_runtime.dll
 0002:00000298       __imp_sf_clear_error_manager_info 0000000180030298     sf_runtime:sf_runtime.dll
 0002:000002a0       __imp_sf_mex_error_direct_call 00000001800302a0     sf_runtime:sf_runtime.dll
 0002:000002a8       __imp_call_sf_machine_global_method_dispatcher 00000001800302a8     sf_runtime:sf_runtime.dll
 0002:000002b0       __imp_callMdlMethodAndReportError 00000001800302b0     sf_runtime:sf_runtime.dll
 0002:000002b8       __imp_sf_set_compiledInfo  00000001800302b8     sf_runtime:sf_runtime.dll
 0002:000002c0       __imp_sf_get_isEnhancedMooreMachine 00000001800302c0     sf_runtime:sf_runtime.dll
 0002:000002c8       __imp_sf_get_ChartInfoStruct_CodeGen 00000001800302c8     sf_runtime:sf_runtime.dll
 0002:000002d0       __imp_sf_debug_cv_init_state 00000001800302d0     sf_runtime:sf_runtime.dll
 0002:000002d8       __imp_sf_debug_cv_init_chart 00000001800302d8     sf_runtime:sf_runtime.dll
 0002:000002e0       __imp_sf_debug_cv_init_trans 00000001800302e0     sf_runtime:sf_runtime.dll
 0002:000002e8       __imp_sf_debug_data_range_wrapper 00000001800302e8     sf_runtime:sf_runtime.dll
 0002:000002f0       __imp_sf_debug_set_chart_substate_count 00000001800302f0     sf_runtime:sf_runtime.dll
 0002:000002f8       __imp_sf_debug_terminate   00000001800302f8     sf_runtime:sf_runtime.dll
 0002:00000300       __imp_sf_debug_set_chart_state_info 0000000180030300     sf_runtime:sf_runtime.dll
 0002:00000308       __imp_sf_debug_set_chart_event_thresholds 0000000180030308     sf_runtime:sf_runtime.dll
 0002:00000310       __imp_sf_debug_set_chart_disable_implicit_casting 0000000180030310     sf_runtime:sf_runtime.dll
 0002:00000318       __imp_sf_debug_set_instance_data_value_ptr 0000000180030318     sf_runtime:sf_runtime.dll
 0002:00000320       __imp_sf_debug_symbol_scope_add_eml_dyn_importable 0000000180030320     sf_runtime:sf_runtime.dll
 0002:00000328       __imp_sf_debug_symbol_scope_add_eml_importable 0000000180030328     sf_runtime:sf_runtime.dll
 0002:00000330       __imp_cv_eml_init_if       0000000180030330     sf_runtime:sf_runtime.dll
 0002:00000338       __imp_cv_eml_init_fcn      0000000180030338     sf_runtime:sf_runtime.dll
 0002:00000340       __imp_cv_eml_init_script   0000000180030340     sf_runtime:sf_runtime.dll
 0002:00000348       __imp_cv_eval_relational   0000000180030348     sf_runtime:sf_runtime.dll
 0002:00000350       __imp_cv_eml_eval          0000000180030350     sf_runtime:sf_runtime.dll
 0002:00000358       __imp_eml_debug_line_call  0000000180030358     sf_runtime:sf_runtime.dll
 0002:00000360       __imp_sf_debug_call        0000000180030360     sf_runtime:sf_runtime.dll
 0002:00000368       __imp_sf_debug_initialize_chart 0000000180030368     sf_runtime:sf_runtime.dll
 0002:00000370       __imp_sf_debug_api         0000000180030370     sf_runtime:sf_runtime.dll
 0002:00000378       __imp_cv_eml_init_for      0000000180030378     sf_runtime:sf_runtime.dll
 0002:00000380       __imp_sf_debug_set_chart_decomposition 0000000180030380     sf_runtime:sf_runtime.dll
 0002:00000388       __imp_sf_debug_symbol_scope_add_eml 0000000180030388     sf_runtime:sf_runtime.dll
 0002:00000390       __imp_sf_debug_symbol_scope_pop 0000000180030390     sf_runtime:sf_runtime.dll
 0002:00000398       __imp_sf_debug_symbol_scope_push_eml 0000000180030398     sf_runtime:sf_runtime.dll
 0002:000003a0       __imp_sf_debug_symbol_scope_push 00000001800303a0     sf_runtime:sf_runtime.dll
 0002:000003a8       __imp_sf_debug_set_chart_data_compiled_props 00000001800303a8     sf_runtime:sf_runtime.dll
 0002:000003b0       __imp_sf_debug_set_chart_data_props 00000001800303b0     sf_runtime:sf_runtime.dll
 0002:000003b8       __imp_sf_debug_check_for_state_inconsistency 00000001800303b8     sf_runtime:sf_runtime.dll
 0002:000003c0       __imp_sf_debug_reset_current_state_configuration 00000001800303c0     sf_runtime:sf_runtime.dll
 0002:000003c8       __imp_sf_eml_array_bounds_check 00000001800303c8     sf_runtime:sf_runtime.dll
 0002:000003d0       __imp_ssGetOutputPortSignal_wrapper 00000001800303d0     sf_runtime:sf_runtime.dll
 0002:000003d8       __imp_ssGetInputPortSignal_wrapper 00000001800303d8     sf_runtime:sf_runtime.dll
 0002:000003e0       __imp_sf_mex_decode_encoded_mx_struct_array 00000001800303e0     sf_runtime:sf_runtime.dll
 0002:000003e8       __imp_sf_mex_import_vs     00000001800303e8     sf_runtime:sf_runtime.dll
 0002:000003f0       __imp_sf_mex_import        00000001800303f0     sf_runtime:sf_runtime.dll
 0002:000003f8       __imp_sf_mex_destroy       00000001800303f8     sf_runtime:sf_runtime.dll
 0002:00000400       __imp_sf_mex_dup           0000000180030400     sf_runtime:sf_runtime.dll
 0002:00000408       __imp_sf_mex_assign        0000000180030408     sf_runtime:sf_runtime.dll
 0002:00000410       __imp_sf_mex_getcell       0000000180030410     sf_runtime:sf_runtime.dll
 0002:00000418       __imp_sf_mex_setcell       0000000180030418     sf_runtime:sf_runtime.dll
 0002:00000420       __imp_sf_mex_createcellmatrix 0000000180030420     sf_runtime:sf_runtime.dll
 0002:00000428       __imp_sf_mex_create        0000000180030428     sf_runtime:sf_runtime.dll
 0002:00000430       __imp_sf_mex_error_message 0000000180030430     sf_runtime:sf_runtime.dll
 0002:00000438       __imp_sf_mex_call_debug    0000000180030438     sf_runtime:sf_runtime.dll
 0002:00000440       __imp_sf_set_chart_accesses_machine_info 0000000180030440     sf_runtime:sf_runtime.dll
 0002:00000448       __imp_sf_is_first_init_cond 0000000180030448     sf_runtime:sf_runtime.dll
 0002:00000450       __imp_sf_get_time          0000000180030450     sf_runtime:sf_runtime.dll
 0002:00000458       __imp_sf_set_rtw_dwork_info 0000000180030458     sf_runtime:sf_runtime.dll
 0002:00000460       __imp_sf_clear_rtw_identifier 0000000180030460     sf_runtime:sf_runtime.dll
 0002:00000468       __imp_sf_mex_listen_for_ctrl_c_with_debugger 0000000180030468     sf_runtime:sf_runtime.dll
 0002:00000470       __imp_sim_mode_is_external 0000000180030470     sf_runtime:sf_runtime.dll
 0002:00000478       __imp_sim_mode_is_rtw_gen  0000000180030478     sf_runtime:sf_runtime.dll
 0002:00000480       __imp_sf_mark_chart_expressionable_inputs 0000000180030480     sf_runtime:sf_runtime.dll
 0002:00000488       __imp_sf_mark_chart_reusable_outputs 0000000180030488     sf_runtime:sf_runtime.dll
 0002:00000490       __imp_sf_is_chart_inlinable 0000000180030490     sf_runtime:sf_runtime.dll
 0002:00000498       __imp_sf_update_buildInfo  0000000180030498     sf_runtime:sf_runtime.dll
 0002:000004a0       __imp_sf_rtw_info_uint_prop 00000001800304a0     sf_runtime:sf_runtime.dll
 0002:000004a8       __imp_sf_get_chart_instance_ptr 00000001800304a8     sf_runtime:sf_runtime.dll
 0002:000004b0       __imp_sf_free_ChartRunTimeInfo 00000001800304b0     sf_runtime:sf_runtime.dll
 0002:000004b8       __imp_sf_init_ChartRunTimeInfo 00000001800304b8     sf_runtime:sf_runtime.dll
 0002:000004c0       __imp_sf_debug_set_machine_data_thresholds 00000001800304c0     sf_runtime:sf_runtime.dll
 0002:000004c8       __imp_sf_debug_set_machine_event_thresholds 00000001800304c8     sf_runtime:sf_runtime.dll
 0002:000004d0       __imp_sf_debug_initialize_machine 00000001800304d0     sf_runtime:sf_runtime.dll
 0002:000004d8       __imp_sf_load_rtw_optimization_info 00000001800304d8     sf_runtime:sf_runtime.dll
 0002:000004e0       __imp_cv_eml_init_relational 00000001800304e0     sf_runtime:sf_runtime.dll
 0002:000004e8       \177sf_runtime_NULL_THUNK_DATA 00000001800304e8     sf_runtime:sf_runtime.dll
 0002:000004f0       __xc_a                     00000001800304f0     MSVCRT:cinitexe.obj
 0002:000004f8       __xc_z                     00000001800304f8     MSVCRT:cinitexe.obj
 0002:00000500       __xi_a                     0000000180030500     MSVCRT:cinitexe.obj
 0002:00000518       __xi_z                     0000000180030518     MSVCRT:cinitexe.obj
 0002:00000520       __real@41cbbee9b5000000    0000000180030520     MASs_sfun.obj
 0002:00000528       __real@41d0f27f3a400000    0000000180030528     MASs_sfun.obj
 0002:00000530       __real@41d51a379d000000    0000000180030530     MASs_sfun.obj
 0002:00000538       __real@41d9a0a477800000    0000000180030538     MASs_sfun.obj
 0002:00000540       __real@41db71f187c00000    0000000180030540     MASs_sfun.obj
 0002:00000548       __real@41e0999a1b800000    0000000180030548     MASs_sfun.obj
 0002:00000550       __real@41e6787ce6600000    0000000180030550     MASs_sfun.obj
 0002:00000558       __real@41e6fb8be6400000    0000000180030558     MASs_sfun.obj
 0002:00000560       __real@41e954acc5a00000    0000000180030560     MASs_sfun.obj
 0002:00000568       __real@41ebbfa3aba00000    0000000180030568     MASs_sfun.obj
 0002:00000570       __real@41ecabae85600000    0000000180030570     MASs_sfun.obj
 0002:00000578       __real@41ee2725ed000000    0000000180030578     MASs_sfun.obj
 0002:00000580       __real@0000000000000000    0000000180030580     c8_MASs.obj
 0002:00000588       __real@3ddb7cdfd9d7bdbb    0000000180030588     c8_MASs.obj
 0002:00000590       __real@3f847ae147ae147b    0000000180030590     c8_MASs.obj
 0002:00000598       __real@3f947ae147ae147b    0000000180030598     c8_MASs.obj
 0002:000005a0       __real@3fa921fb54442d18    00000001800305a0     c8_MASs.obj
 0002:000005a8       __real@3fe0000000000000    00000001800305a8     c8_MASs.obj
 0002:000005b0       __real@3fe3333333333333    00000001800305b0     c8_MASs.obj
 0002:000005b8       __real@3fe921fb54442d18    00000001800305b8     c8_MASs.obj
 0002:000005c0       __real@3fe999999999999a    00000001800305c0     c8_MASs.obj
 0002:000005c8       __real@3fea9fbe76c8b43a    00000001800305c8     c8_MASs.obj
 0002:000005d0       __real@3fece147ae147ae1    00000001800305d0     c8_MASs.obj
 0002:000005d8       __real@3fee666666666666    00000001800305d8     c8_MASs.obj
 0002:000005e0       __real@3ff0000000000000    00000001800305e0     c8_MASs.obj
 0002:000005e8       __real@4000000000000000    00000001800305e8     c8_MASs.obj
 0002:000005f0       __real@4008000000000000    00000001800305f0     c8_MASs.obj
 0002:000005f8       __real@400921fb54442d18    00000001800305f8     c8_MASs.obj
 0002:00000600       __real@4010000000000000    0000000180030600     c8_MASs.obj
 0002:00000608       __real@402399999999999a    0000000180030608     c8_MASs.obj
 0002:00000610       __real@4024000000000000    0000000180030610     c8_MASs.obj
 0002:00000618       __real@403399999999999a    0000000180030618     c8_MASs.obj
 0002:00000620       __real@403909502b6a16a1    0000000180030620     c8_MASs.obj
 0002:00000628       __real@40488b2f704a9409    0000000180030628     c8_MASs.obj
 0002:00000630       __real@4066800000000000    0000000180030630     c8_MASs.obj
 0002:00000638       __real@407e10e6e98e8ef2    0000000180030638     c8_MASs.obj
 0002:00000640       __real@408f400000000000    0000000180030640     c8_MASs.obj
 0002:00000648       __real@41d4e48a92c00000    0000000180030648     c8_MASs.obj
 0002:00000650       __real@41d8a3962d400000    0000000180030650     c8_MASs.obj
 0002:00000658       __real@41ea563af4600000    0000000180030658     c8_MASs.obj
 0002:00000660       __real@41ee66455ec00000    0000000180030660     c8_MASs.obj
 0002:00000668       __real@c024000000000000    0000000180030668     c8_MASs.obj
 0002:00000670       __xmm@80000000000000008000000000000000 0000000180030670     c8_MASs.obj
 0002:00000680       DYNAMIC_DIMENSION_DEF      0000000180030680     MASs_sfun_registry.obj
 0002:000006a0       _ssBadLevel2InputAccessMsg 00000001800306a0     MASs_sfun_registry.obj
 0002:00000830       _ssBadLevel2DirectFeedMsg  0000000180030830     MASs_sfun_registry.obj
 0002:00000970       _ssBadLevel2DirectFeedSolutionMsg 0000000180030970     MASs_sfun_registry.obj
 0002:000009e0       _ssBadLevel2ZeroDirectFeedMsg 00000001800309e0     MASs_sfun_registry.obj
 0002:00000b20       _ssBadLevel2ZeroDirectFeedMsg2 0000000180030b20     MASs_sfun_registry.obj
 0002:00000c08       __real@41602cbca0000000    0000000180030c08     MASs_sfun_registry.obj
 0002:00000c10       __real@bff0000000000000    0000000180030c10     MASs_sfun_registry.obj
 0002:00000c28       _pRawDllMain               0000000180030c28     MSVCRT:crtdll.obj
 0002:00000c28       _pDefaultRawDllMain        0000000180030c28     MSVCRT:crtdll.obj
 0002:00000c30       ?ProcessDetach@NativeDll@<CrtImplementationDetails>@@0IB 0000000180030c30     MSVCRT:initsect.obj
 0002:00000c34       ?ProcessAttach@NativeDll@<CrtImplementationDetails>@@0IB 0000000180030c34     MSVCRT:initsect.obj
 0002:00000c38       ?ThreadAttach@NativeDll@<CrtImplementationDetails>@@0IB 0000000180030c38     MSVCRT:initsect.obj
 0002:00000c3c       ?ThreadDetach@NativeDll@<CrtImplementationDetails>@@0IB 0000000180030c3c     MSVCRT:initsect.obj
 0002:00000c40       ?ProcessVerifier@NativeDll@<CrtImplementationDetails>@@0IB 0000000180030c40     MSVCRT:initsect.obj
 0002:00000c44       ?value@?$integral_constant@_N$0A@@std@@2_NB 0000000180030c44     MSVCRT:tncleanup.obj
 0002:00000c45       ?value@?$integral_constant@_N$00@std@@2_NB 0000000180030c45     MSVCRT:tncleanup.obj
 0002:00000c50       _load_config_used          0000000180030c50     MSVCRT:loadcfg.obj
 0002:00000cc0       __rtc_iaa                  0000000180030cc0     MSVCRT:initsect.obj
 0002:00000cc8       __rtc_izz                  0000000180030cc8     MSVCRT:initsect.obj
 0002:00000cd0       __rtc_taa                  0000000180030cd0     MSVCRT:initsect.obj
 0002:00000cd8       __rtc_tzz                  0000000180030cd8     MSVCRT:initsect.obj
 0002:00001db0       __IMPORT_DESCRIPTOR_libmwlapack 0000000180031db0     libmwlapack:libmwlapack.dll
 0002:00001dc4       __IMPORT_DESCRIPTOR_sf_runtime 0000000180031dc4     sf_runtime:sf_runtime.dll
 0002:00001dd8       __IMPORT_DESCRIPTOR_libmx  0000000180031dd8     libmx:libmx.dll
 0002:00001dec       __IMPORT_DESCRIPTOR_libmex 0000000180031dec     libmex:libmex.dll
 0002:00001e00       __IMPORT_DESCRIPTOR_libut  0000000180031e00     libut:libut.dll
 0002:00001e14       __IMPORT_DESCRIPTOR_libmwmathutil 0000000180031e14     libmwmathutil:libmwmathutil.dll
 0002:00001e28       __IMPORT_DESCRIPTOR_MSVCR120 0000000180031e28     MSVCRT:MSVCR120.dll
 0002:00001e3c       __IMPORT_DESCRIPTOR_KERNEL32 0000000180031e3c     kernel32:KERNEL32.dll
 0002:00001e50       __NULL_IMPORT_DESCRIPTOR   0000000180031e50     libmwlapack:libmwlapack.dll
 0003:00004a20       DYNAMIC_DIMENSION          0000000180038a20     MASs_sfun_registry.obj
 0003:00005250       __security_cookie          0000000180039250     MSVCRT:gs_cookie.obj
 0003:00005258       __security_cookie_complement 0000000180039258     MSVCRT:gs_cookie.obj
 0003:00005260       _fltused                   0000000180039260     MSVCRT:dllsupp.obj
 0003:00005264       __native_dllmain_reason    0000000180039264     MSVCRT:natstart.obj
 0003:00005378       sfGlobalDebugInstanceStruct 0000000180039378     MASs_sfun_registry.obj
 0003:000059d8       ?__type_info_root_node@@3U__type_info_node@@A 00000001800399d8     MSVCRT:tncleanup.obj
 0003:000059e8       _MASsMachineNumber_        00000001800399e8     <common>
 0003:000059f0       __native_startup_lock      00000001800399f0     <common>
 0003:000059f8       __native_startup_state     00000001800399f8     <common>
 0003:00005a00       __onexitend                0000000180039a00     <common>
 0003:00005a08       __onexitbegin              0000000180039a08     <common>
 0003:00005a10       __dyn_tls_init_callback    0000000180039a10     <common>

 entry point at        0001:0002e6d4

 Static symbols

 0000:00000000       .debug$S                   0000000180000000     libmx:libmx.dll
 0000:00000000       .debug$S                   0000000180000000     sf_runtime:sf_runtime.dll
 0000:00000000       .debug$S                   0000000180000000     sf_runtime:sf_runtime.dll
 0000:00000000       .debug$S                   0000000180000000     sf_runtime:sf_runtime.dll
 0000:00000000       .debug$S                   0000000180000000     sf_runtime:sf_runtime.dll
 0000:00000000       .debug$S                   0000000180000000     sf_runtime:sf_runtime.dll
 0000:00000000       .debug$S                   0000000180000000     kernel32:KERNEL32.dll
 0000:00000000       .debug$S                   0000000180000000     kernel32:KERNEL32.dll
 0000:00000000       .debug$S                   0000000180000000     kernel32:KERNEL32.dll
 0000:00000000       .debug$S                   0000000180000000     kernel32:KERNEL32.dll
 0000:00000000       .debug$S                   0000000180000000     kernel32:KERNEL32.dll
 0000:00000000       .debug$S                   0000000180000000     kernel32:KERNEL32.dll
 0000:00000000       .debug$S                   0000000180000000     kernel32:KERNEL32.dll
 0000:00000000       .debug$S                   0000000180000000     kernel32:KERNEL32.dll
 0000:00000000       .debug$S                   0000000180000000     kernel32:KERNEL32.dll
 0000:00000000       .debug$S                   0000000180000000     MSVCRT:MSVCR120.dll
 0000:00000000       .debug$S                   0000000180000000     MSVCRT:MSVCR120.dll
 0000:00000000       .debug$S                   0000000180000000     MSVCRT:MSVCR120.dll
 0000:00000000       .debug$S                   0000000180000000     MSVCRT:MSVCR120.dll
 0000:00000000       .debug$S                   0000000180000000     MSVCRT:MSVCR120.dll
 0000:00000000       .debug$S                   0000000180000000     MSVCRT:MSVCR120.dll
 0000:00000000       .debug$S                   0000000180000000     MSVCRT:MSVCR120.dll
 0000:00000000       .debug$S                   0000000180000000     MSVCRT:MSVCR120.dll
 0000:00000000       .debug$S                   0000000180000000     MSVCRT:MSVCR120.dll
 0000:00000000       .debug$S                   0000000180000000     MSVCRT:MSVCR120.dll
 0000:00000000       .debug$S                   0000000180000000     MSVCRT:MSVCR120.dll
 0000:00000000       .debug$S                   0000000180000000     MSVCRT:MSVCR120.dll
 0000:00000000       .debug$S                   0000000180000000     MSVCRT:MSVCR120.dll
 0000:00000000       .debug$S                   0000000180000000     MSVCRT:MSVCR120.dll
 0000:00000000       .debug$S                   0000000180000000     MSVCRT:MSVCR120.dll
 0000:00000000       .debug$S                   0000000180000000     MSVCRT:MSVCR120.dll
 0000:00000000       .debug$S                   0000000180000000     MSVCRT:MSVCR120.dll
 0000:00000000       .debug$S                   0000000180000000     MSVCRT:MSVCR120.dll
 0000:00000000       .debug$S                   0000000180000000     MSVCRT:MSVCR120.dll
 0000:00000000       .debug$S                   0000000180000000     MSVCRT:MSVCR120.dll
 0000:00000000       .debug$S                   0000000180000000     MSVCRT:MSVCR120.dll
 0000:00000000       .debug$S                   0000000180000000     MSVCRT:MSVCR120.dll
 0000:00000000       .debug$S                   0000000180000000     MSVCRT:MSVCR120.dll
 0000:00000000       .debug$S                   0000000180000000     MSVCRT:MSVCR120.dll
 0000:00000000       .debug$S                   0000000180000000     MSVCRT:MSVCR120.dll
 0000:00000000       .debug$S                   0000000180000000     sf_runtime:sf_runtime.dll
 0000:00000000       .debug$S                   0000000180000000     sf_runtime:sf_runtime.dll
 0000:00000000       .debug$S                   0000000180000000     sf_runtime:sf_runtime.dll
 0000:00000000       .debug$S                   0000000180000000     sf_runtime:sf_runtime.dll
 0000:00000000       .debug$S                   0000000180000000     libmwlapack:libmwlapack.dll
 0000:00000000       .debug$S                   0000000180000000     sf_runtime:sf_runtime.dll
 0000:00000000       .debug$S                   0000000180000000     sf_runtime:sf_runtime.dll
 0000:00000000       .debug$S                   0000000180000000     sf_runtime:sf_runtime.dll
 0000:00000000       .debug$S                   0000000180000000     sf_runtime:sf_runtime.dll
 0000:00000000       .debug$S                   0000000180000000     sf_runtime:sf_runtime.dll
 0000:00000000       .debug$S                   0000000180000000     sf_runtime:sf_runtime.dll
 0000:00000000       .debug$S                   0000000180000000     sf_runtime:sf_runtime.dll
 0000:00000000       .debug$S                   0000000180000000     sf_runtime:sf_runtime.dll
 0000:00000000       .debug$S                   0000000180000000     sf_runtime:sf_runtime.dll
 0000:00000000       .debug$S                   0000000180000000     sf_runtime:sf_runtime.dll
 0000:00000000       .debug$S                   0000000180000000     sf_runtime:sf_runtime.dll
 0000:00000000       .debug$S                   0000000180000000     sf_runtime:sf_runtime.dll
 0000:00000000       .debug$S                   0000000180000000     sf_runtime:sf_runtime.dll
 0000:00000000       .debug$S                   0000000180000000     sf_runtime:sf_runtime.dll
 0000:00000000       .debug$S                   0000000180000000     sf_runtime:sf_runtime.dll
 0000:00000000       .debug$S                   0000000180000000     sf_runtime:sf_runtime.dll
 0000:00000000       .debug$S                   0000000180000000     sf_runtime:sf_runtime.dll
 0000:00000000       .debug$S                   0000000180000000     sf_runtime:sf_runtime.dll
 0000:00000000       .debug$S                   0000000180000000     sf_runtime:sf_runtime.dll
 0000:00000000       .debug$S                   0000000180000000     sf_runtime:sf_runtime.dll
 0000:00000000       .debug$S                   0000000180000000     sf_runtime:sf_runtime.dll
 0000:00000000       .debug$S                   0000000180000000     sf_runtime:sf_runtime.dll
 0000:00000000       .debug$S                   0000000180000000     sf_runtime:sf_runtime.dll
 0000:00000000       .debug$S                   0000000180000000     sf_runtime:sf_runtime.dll
 0000:00000000       .debug$S                   0000000180000000     sf_runtime:sf_runtime.dll
 0000:00000000       .debug$S                   0000000180000000     sf_runtime:sf_runtime.dll
 0000:00000000       .debug$S                   0000000180000000     sf_runtime:sf_runtime.dll
 0000:00000000       .debug$S                   0000000180000000     sf_runtime:sf_runtime.dll
 0000:00000000       .debug$S                   0000000180000000     sf_runtime:sf_runtime.dll
 0000:00000000       .debug$S                   0000000180000000     sf_runtime:sf_runtime.dll
 0000:00000000       .debug$S                   0000000180000000     sf_runtime:sf_runtime.dll
 0000:00000000       .debug$S                   0000000180000000     libmwmathutil:libmwmathutil.dll
 0000:00000000       .debug$S                   0000000180000000     libmwmathutil:libmwmathutil.dll
 0000:00000000       .debug$S                   0000000180000000     libmwmathutil:libmwmathutil.dll
 0000:00000000       .debug$S                   0000000180000000     libmwmathutil:libmwmathutil.dll
 0000:00000000       .debug$S                   0000000180000000     libmwmathutil:libmwmathutil.dll
 0000:00000000       .debug$S                   0000000180000000     libmwmathutil:libmwmathutil.dll
 0000:00000000       .debug$S                   0000000180000000     libmwmathutil:libmwmathutil.dll
 0000:00000000       .debug$S                   0000000180000000     libmwmathutil:libmwmathutil.dll
 0000:00000000       .debug$S                   0000000180000000     sf_runtime:sf_runtime.dll
 0000:00000000       .debug$S                   0000000180000000     libut:libut.dll
 0000:00000000       .debug$S                   0000000180000000     libut:libut.dll
 0000:00000000       .debug$S                   0000000180000000     sf_runtime:sf_runtime.dll
 0000:00000000       .debug$S                   0000000180000000     libmex:libmex.dll
 0000:00000000       .debug$S                   0000000180000000     libmex:libmex.dll
 0000:00000000       .debug$S                   0000000180000000     libmex:libmex.dll
 0000:00000000       .debug$S                   0000000180000000     libmex:libmex.dll
 0000:00000000       .debug$S                   0000000180000000     libmex:libmex.dll
 0000:00000000       .debug$S                   0000000180000000     libmex:libmex.dll
 0000:00000000       .debug$S                   0000000180000000     libmex:libmex.dll
 0000:00000000       .debug$S                   0000000180000000     sf_runtime:sf_runtime.dll
 0000:00000000       .debug$S                   0000000180000000     libmx:libmx.dll
 0000:00000000       .debug$S                   0000000180000000     libmx:libmx.dll
 0000:00000000       .debug$S                   0000000180000000     libmx:libmx.dll
 0000:00000000       .debug$S                   0000000180000000     libmx:libmx.dll
 0000:00000000       .debug$S                   0000000180000000     libmx:libmx.dll
 0000:00000000       .debug$S                   0000000180000000     libmx:libmx.dll
 0000:00000000       .debug$S                   0000000180000000     libmx:libmx.dll
 0000:00000000       .debug$S                   0000000180000000     libmx:libmx.dll
 0000:00000000       .debug$S                   0000000180000000     sf_runtime:sf_runtime.dll
 0000:00000000       .debug$S                   0000000180000000     sf_runtime:sf_runtime.dll
 0000:00000000       .debug$S                   0000000180000000     sf_runtime:sf_runtime.dll
 0000:00000000       .debug$S                   0000000180000000     sf_runtime:sf_runtime.dll
 0000:00000000       .debug$S                   0000000180000000     sf_runtime:sf_runtime.dll
 0000:00000000       .debug$S                   0000000180000000     sf_runtime:sf_runtime.dll
 0000:00000000       .debug$S                   0000000180000000     sf_runtime:sf_runtime.dll
 0000:00000000       .debug$S                   0000000180000000     sf_runtime:sf_runtime.dll
 0000:00000000       .debug$S                   0000000180000000     sf_runtime:sf_runtime.dll
 0000:00000000       .debug$S                   0000000180000000     sf_runtime:sf_runtime.dll
 0000:00000000       .debug$S                   0000000180000000     sf_runtime:sf_runtime.dll
 0000:00000000       .debug$S                   0000000180000000     sf_runtime:sf_runtime.dll
 0000:00000000       .debug$S                   0000000180000000     sf_runtime:sf_runtime.dll
 0000:00000000       .debug$S                   0000000180000000     sf_runtime:sf_runtime.dll
 0000:00000000       .debug$S                   0000000180000000     sf_runtime:sf_runtime.dll
 0000:00000000       .debug$S                   0000000180000000     sf_runtime:sf_runtime.dll
 0000:00000000       .debug$S                   0000000180000000     sf_runtime:sf_runtime.dll
 0000:00000000       .debug$S                   0000000180000000     sf_runtime:sf_runtime.dll
 0000:00000000       .debug$S                   0000000180000000     sf_runtime:sf_runtime.dll
 0000:00000000       .debug$S                   0000000180000000     sf_runtime:sf_runtime.dll
 0000:00000000       .debug$S                   0000000180000000     sf_runtime:sf_runtime.dll
 0000:00000000       .debug$S                   0000000180000000     sf_runtime:sf_runtime.dll
 0000:00000000       .debug$S                   0000000180000000     sf_runtime:sf_runtime.dll
 0000:00000000       .debug$S                   0000000180000000     sf_runtime:sf_runtime.dll
 0000:00000000       .debug$S                   0000000180000000     sf_runtime:sf_runtime.dll
 0000:00000000       .debug$S                   0000000180000000     sf_runtime:sf_runtime.dll
 0000:00000000       .debug$S                   0000000180000000     sf_runtime:sf_runtime.dll
 0000:00000000       .debug$S                   0000000180000000     sf_runtime:sf_runtime.dll
 0000:00000000       .debug$S                   0000000180000000     sf_runtime:sf_runtime.dll
 0000:00000000       .debug$S                   0000000180000000     sf_runtime:sf_runtime.dll
 0000:00000000       .debug$S                   0000000180000000     sf_runtime:sf_runtime.dll
 0000:00000000       .debug$S                   0000000180000000     libmx:libmx.dll
 0000:00000000       .debug$S                   0000000180000000     libmx:libmx.dll
 0000:00000000       .debug$S                   0000000180000000     libmx:libmx.dll
 0000:00000000       .debug$S                   0000000180000000     libmx:libmx.dll
 0000:00000000       .debug$S                   0000000180000000     libmx:libmx.dll
 0000:00000000       .debug$S                   0000000180000000     libmx:libmx.dll
 0000:00000000       .debug$S                   0000000180000000     libmx:libmx.dll
 0000:00000000       .debug$S                   0000000180000000     sf_runtime:sf_runtime.dll
 0000:00000000       .debug$S                   0000000180000000     libmx:libmx.dll
 0000:00000000       .debug$S                   0000000180000000     libmx:libmx.dll
 0000:00000000       .debug$S                   0000000180000000     libmx:libmx.dll
 0000:00000000       .debug$S                   0000000180000000     libmx:libmx.dll
 0000:00000000       .debug$S                   0000000180000000     libmx:libmx.dll
 0000:00000000       .debug$S                   0000000180000000     libmx:libmx.dll
 0000:00000000       .debug$S                   0000000180000000     libmx:libmx.dll
 0001:00001a70       chart_debug_initialization 0000000180002a70 f   c8_MASs.obj
 0001:000026b0       chart_debug_initialize_data_addresses 00000001800036b0 f   c8_MASs.obj
 0001:00002920       initialize_c8_MASs         0000000180003920 f   c8_MASs.obj
 0001:00002990       initialize_params_c8_MASs  0000000180003990 f   c8_MASs.obj
 0001:000029a0       enable_c8_MASs             00000001800039a0 f   c8_MASs.obj
 0001:000029d0       disable_c8_MASs            00000001800039d0 f   c8_MASs.obj
 0001:00002a00       c8_update_debugger_state_c8_MASs 0000000180003a00 f   c8_MASs.obj
 0001:00002a10       get_sim_state_c8_MASs      0000000180003a10 f   c8_MASs.obj
 0001:00002cd0       set_sim_state_c8_MASs      0000000180003cd0 f   c8_MASs.obj
 0001:00002e30       finalize_c8_MASs           0000000180003e30 f   c8_MASs.obj
 0001:00002e40       sf_gateway_c8_MASs         0000000180003e40 f   c8_MASs.obj
 0001:00003310       mdl_start_c8_MASs          0000000180004310 f   c8_MASs.obj
 0001:00003320       c8_chartstep_c8_MASs       0000000180004320 f   c8_MASs.obj
 0001:00004f10       initSimStructsc8_MASs      0000000180005f10 f   c8_MASs.obj
 0001:00004f20       init_script_number_translation 0000000180005f20 f   c8_MASs.obj
 0001:00004f40       c8_sf_marshallOut          0000000180005f40 f   c8_MASs.obj
 0001:00004ff0       c8_emlrt_marshallIn        0000000180005ff0 f   c8_MASs.obj
 0001:00005060       c8_b_emlrt_marshallIn      0000000180006060 f   c8_MASs.obj
 0001:000050f0       c8_sf_marshallIn           00000001800060f0 f   c8_MASs.obj
 0001:000051a0       c8_b_sf_marshallOut        00000001800061a0 f   c8_MASs.obj
 0001:000052f0       c8_c_emlrt_marshallIn      00000001800062f0 f   c8_MASs.obj
 0001:00005460       c8_b_sf_marshallIn         0000000180006460 f   c8_MASs.obj
 0001:000055a0       c8_rdivide                 00000001800065a0 f   c8_MASs.obj
 0001:000055f0       c8_mpower                  00000001800065f0 f   c8_MASs.obj
 0001:00005680       c8_fltpower_domain_error   0000000180006680 f   c8_MASs.obj
 0001:00005770       c8_error                   0000000180006770 f   c8_MASs.obj
 0001:00005850       c8_b_mpower                0000000180006850 f   c8_MASs.obj
 0001:000058f0       c8_b_error                 00000001800068f0 f   c8_MASs.obj
 0001:00005a40       c8_roots                   0000000180006a40 f   c8_MASs.obj
 0001:00006680       c8_isfinite                0000000180007680 f   c8_MASs.obj
 0001:00006750       c8_c_error                 0000000180007750 f   c8_MASs.obj
 0001:00006830       c8_abs                     0000000180007830 f   c8_MASs.obj
 0001:00006870       c8_check_forloop_overflow_error 0000000180007870 f   c8_MASs.obj
 0001:000069d0       c8_eig                     00000001800079d0 f   c8_MASs.obj
 0001:00006d70       c8_d_error                 0000000180007d70 f   c8_MASs.obj
 0001:00006e50       c8_e_error                 0000000180007e50 f   c8_MASs.obj
 0001:00007020       c8_warning                 0000000180008020 f   c8_MASs.obj
 0001:000071f0       c8_e_emlrt_marshallIn      00000001800081f0 f   c8_MASs.obj
 0001:00007260       c8_f_emlrt_marshallIn      0000000180008260 f   c8_MASs.obj
 0001:000072f0       c8_b_sqrt                  00000001800082f0 f   c8_MASs.obj
 0001:00007380       init_dsm_address_info      0000000180008380 f   c8_MASs.obj
 0001:00007390       init_simulink_io_address   0000000180008390 f   c8_MASs.obj
 0001:000081f0       sf_get_sim_state_info_c8_MASs 00000001800091f0 f   c8_MASs.obj
 0001:000082c0       sf_get_instance_specialization 00000001800092c0 f   c8_MASs.obj
 0001:000082d0       sf_opaque_initialize_c8_MASs 00000001800092d0 f   c8_MASs.obj
 0001:00008310       sf_opaque_enable_c8_MASs   0000000180009310 f   c8_MASs.obj
 0001:00008330       sf_opaque_disable_c8_MASs  0000000180009330 f   c8_MASs.obj
 0001:00008350       sf_opaque_gateway_c8_MASs  0000000180009350 f   c8_MASs.obj
 0001:00008370       sf_opaque_get_sim_state_c8_MASs 0000000180009370 f   c8_MASs.obj
 0001:000083a0       sf_opaque_set_sim_state_c8_MASs 00000001800093a0 f   c8_MASs.obj
 0001:000083d0       sf_opaque_terminate_c8_MASs 00000001800093d0 f   c8_MASs.obj
 0001:00008470       mdlProcessParameters_c8_MASs 0000000180009470 f   c8_MASs.obj
 0001:00008530       mdlSetWorkWidths_c8_MASs   0000000180009530 f   c8_MASs.obj
 0001:00008ba0       mdlRTW_c8_MASs             0000000180009ba0 f   c8_MASs.obj
 0001:00008be0       mdlStart_c8_MASs           0000000180009be0 f   c8_MASs.obj
 0001:00008ff0       chart_debug_initialization 0000000180009ff0 f   c15_MASs.obj
 0001:00009c30       chart_debug_initialize_data_addresses 000000018000ac30 f   c15_MASs.obj
 0001:00009ea0       initialize_c15_MASs        000000018000aea0 f   c15_MASs.obj
 0001:00009f10       initialize_params_c15_MASs 000000018000af10 f   c15_MASs.obj
 0001:00009f20       enable_c15_MASs            000000018000af20 f   c15_MASs.obj
 0001:00009f50       disable_c15_MASs           000000018000af50 f   c15_MASs.obj
 0001:00009f80       c15_update_debugger_state_c15_MASs 000000018000af80 f   c15_MASs.obj
 0001:00009f90       get_sim_state_c15_MASs     000000018000af90 f   c15_MASs.obj
 0001:0000a250       set_sim_state_c15_MASs     000000018000b250 f   c15_MASs.obj
 0001:0000a3b0       finalize_c15_MASs          000000018000b3b0 f   c15_MASs.obj
 0001:0000a3c0       sf_gateway_c15_MASs        000000018000b3c0 f   c15_MASs.obj
 0001:0000a890       mdl_start_c15_MASs         000000018000b890 f   c15_MASs.obj
 0001:0000a8a0       c15_chartstep_c15_MASs     000000018000b8a0 f   c15_MASs.obj
 0001:0000c490       initSimStructsc15_MASs     000000018000d490 f   c15_MASs.obj
 0001:0000c4a0       init_script_number_translation 000000018000d4a0 f   c15_MASs.obj
 0001:0000c4c0       c15_sf_marshallOut         000000018000d4c0 f   c15_MASs.obj
 0001:0000c570       c15_emlrt_marshallIn       000000018000d570 f   c15_MASs.obj
 0001:0000c5e0       c15_b_emlrt_marshallIn     000000018000d5e0 f   c15_MASs.obj
 0001:0000c670       c15_sf_marshallIn          000000018000d670 f   c15_MASs.obj
 0001:0000c720       c15_b_sf_marshallOut       000000018000d720 f   c15_MASs.obj
 0001:0000c870       c15_c_emlrt_marshallIn     000000018000d870 f   c15_MASs.obj
 0001:0000c9e0       c15_b_sf_marshallIn        000000018000d9e0 f   c15_MASs.obj
 0001:0000cb20       c15_rdivide                000000018000db20 f   c15_MASs.obj
 0001:0000cb70       c15_mpower                 000000018000db70 f   c15_MASs.obj
 0001:0000cc00       c15_fltpower_domain_error  000000018000dc00 f   c15_MASs.obj
 0001:0000ccf0       c15_error                  000000018000dcf0 f   c15_MASs.obj
 0001:0000cdd0       c15_b_mpower               000000018000ddd0 f   c15_MASs.obj
 0001:0000ce70       c15_b_error                000000018000de70 f   c15_MASs.obj
 0001:0000cfc0       c15_roots                  000000018000dfc0 f   c15_MASs.obj
 0001:0000dc00       c15_isfinite               000000018000ec00 f   c15_MASs.obj
 0001:0000dcd0       c15_c_error                000000018000ecd0 f   c15_MASs.obj
 0001:0000ddb0       c15_abs                    000000018000edb0 f   c15_MASs.obj
 0001:0000ddf0       c15_check_forloop_overflow_error 000000018000edf0 f   c15_MASs.obj
 0001:0000df50       c15_eig                    000000018000ef50 f   c15_MASs.obj
 0001:0000e2f0       c15_d_error                000000018000f2f0 f   c15_MASs.obj
 0001:0000e3d0       c15_e_error                000000018000f3d0 f   c15_MASs.obj
 0001:0000e5a0       c15_warning                000000018000f5a0 f   c15_MASs.obj
 0001:0000e770       c15_e_emlrt_marshallIn     000000018000f770 f   c15_MASs.obj
 0001:0000e7e0       c15_f_emlrt_marshallIn     000000018000f7e0 f   c15_MASs.obj
 0001:0000e870       c15_b_sqrt                 000000018000f870 f   c15_MASs.obj
 0001:0000e900       init_dsm_address_info      000000018000f900 f   c15_MASs.obj
 0001:0000e910       init_simulink_io_address   000000018000f910 f   c15_MASs.obj
 0001:0000f770       sf_get_sim_state_info_c15_MASs 0000000180010770 f   c15_MASs.obj
 0001:0000f840       sf_get_instance_specialization 0000000180010840 f   c15_MASs.obj
 0001:0000f850       sf_opaque_initialize_c15_MASs 0000000180010850 f   c15_MASs.obj
 0001:0000f890       sf_opaque_enable_c15_MASs  0000000180010890 f   c15_MASs.obj
 0001:0000f8b0       sf_opaque_disable_c15_MASs 00000001800108b0 f   c15_MASs.obj
 0001:0000f8d0       sf_opaque_gateway_c15_MASs 00000001800108d0 f   c15_MASs.obj
 0001:0000f8f0       sf_opaque_get_sim_state_c15_MASs 00000001800108f0 f   c15_MASs.obj
 0001:0000f920       sf_opaque_set_sim_state_c15_MASs 0000000180010920 f   c15_MASs.obj
 0001:0000f950       sf_opaque_terminate_c15_MASs 0000000180010950 f   c15_MASs.obj
 0001:0000f9f0       mdlProcessParameters_c15_MASs 00000001800109f0 f   c15_MASs.obj
 0001:0000fab0       mdlSetWorkWidths_c15_MASs  0000000180010ab0 f   c15_MASs.obj
 0001:00010120       mdlRTW_c15_MASs            0000000180011120 f   c15_MASs.obj
 0001:00010160       mdlStart_c15_MASs          0000000180011160 f   c15_MASs.obj
 0001:00010570       chart_debug_initialization 0000000180011570 f   c22_MASs.obj
 0001:000111b0       chart_debug_initialize_data_addresses 00000001800121b0 f   c22_MASs.obj
 0001:00011420       initialize_c22_MASs        0000000180012420 f   c22_MASs.obj
 0001:00011490       initialize_params_c22_MASs 0000000180012490 f   c22_MASs.obj
 0001:000114a0       enable_c22_MASs            00000001800124a0 f   c22_MASs.obj
 0001:000114d0       disable_c22_MASs           00000001800124d0 f   c22_MASs.obj
 0001:00011500       c22_update_debugger_state_c22_MASs 0000000180012500 f   c22_MASs.obj
 0001:00011510       get_sim_state_c22_MASs     0000000180012510 f   c22_MASs.obj
 0001:000117d0       set_sim_state_c22_MASs     00000001800127d0 f   c22_MASs.obj
 0001:00011930       finalize_c22_MASs          0000000180012930 f   c22_MASs.obj
 0001:00011940       sf_gateway_c22_MASs        0000000180012940 f   c22_MASs.obj
 0001:00011e10       mdl_start_c22_MASs         0000000180012e10 f   c22_MASs.obj
 0001:00011e20       c22_chartstep_c22_MASs     0000000180012e20 f   c22_MASs.obj
 0001:00013a10       initSimStructsc22_MASs     0000000180014a10 f   c22_MASs.obj
 0001:00013a20       init_script_number_translation 0000000180014a20 f   c22_MASs.obj
 0001:00013a40       c22_sf_marshallOut         0000000180014a40 f   c22_MASs.obj
 0001:00013af0       c22_emlrt_marshallIn       0000000180014af0 f   c22_MASs.obj
 0001:00013b60       c22_b_emlrt_marshallIn     0000000180014b60 f   c22_MASs.obj
 0001:00013bf0       c22_sf_marshallIn          0000000180014bf0 f   c22_MASs.obj
 0001:00013ca0       c22_b_sf_marshallOut       0000000180014ca0 f   c22_MASs.obj
 0001:00013df0       c22_c_emlrt_marshallIn     0000000180014df0 f   c22_MASs.obj
 0001:00013f60       c22_b_sf_marshallIn        0000000180014f60 f   c22_MASs.obj
 0001:000140a0       c22_rdivide                00000001800150a0 f   c22_MASs.obj
 0001:000140f0       c22_mpower                 00000001800150f0 f   c22_MASs.obj
 0001:00014180       c22_fltpower_domain_error  0000000180015180 f   c22_MASs.obj
 0001:00014270       c22_error                  0000000180015270 f   c22_MASs.obj
 0001:00014350       c22_b_mpower               0000000180015350 f   c22_MASs.obj
 0001:000143f0       c22_b_error                00000001800153f0 f   c22_MASs.obj
 0001:00014540       c22_roots                  0000000180015540 f   c22_MASs.obj
 0001:00015180       c22_isfinite               0000000180016180 f   c22_MASs.obj
 0001:00015250       c22_c_error                0000000180016250 f   c22_MASs.obj
 0001:00015330       c22_abs                    0000000180016330 f   c22_MASs.obj
 0001:00015370       c22_check_forloop_overflow_error 0000000180016370 f   c22_MASs.obj
 0001:000154d0       c22_eig                    00000001800164d0 f   c22_MASs.obj
 0001:00015870       c22_d_error                0000000180016870 f   c22_MASs.obj
 0001:00015950       c22_e_error                0000000180016950 f   c22_MASs.obj
 0001:00015b20       c22_warning                0000000180016b20 f   c22_MASs.obj
[...]
 0004:00000a08       $pdata$init_simulink_io_address 000000018003aa08     c29_MASs.obj
 0004:00000a14       $pdata$sf_c29_MASs_get_post_codegen_info 000000018003aa14     c29_MASs.obj
 0004:00000a20       $pdata$sf_c29_MASs_get_autoinheritance_info 000000018003aa20     c29_MASs.obj
 0004:00000a2c       $pdata$sf_c29_MASs_third_party_uses_info 000000018003aa2c     c29_MASs.obj
 0004:00000a38       $pdata$sf_c29_MASs_jit_fallback_info 000000018003aa38     c29_MASs.obj
 0004:00000a44       $pdata$sf_c29_MASs_updateBuildInfo_args_info 000000018003aa44     c29_MASs.obj
 0004:00000a50       $pdata$sf_get_sim_state_info_c29_MASs 000000018003aa50     c29_MASs.obj
 0004:00000a5c       $pdata$sf_opaque_initialize_c29_MASs 000000018003aa5c     c29_MASs.obj
 0004:00000a68       $pdata$sf_opaque_enable_c29_MASs 000000018003aa68     c29_MASs.obj
 0004:00000a74       $pdata$sf_opaque_disable_c29_MASs 000000018003aa74     c29_MASs.obj
 0004:00000a80       $pdata$sf_opaque_gateway_c29_MASs 000000018003aa80     c29_MASs.obj
 0004:00000a8c       $pdata$sf_opaque_get_sim_state_c29_MASs 000000018003aa8c     c29_MASs.obj
 0004:00000a98       $pdata$sf_opaque_set_sim_state_c29_MASs 000000018003aa98     c29_MASs.obj
 0004:00000aa4       $pdata$sf_opaque_terminate_c29_MASs 000000018003aaa4     c29_MASs.obj
 0004:00000ab0       $pdata$mdlProcessParameters_c29_MASs 000000018003aab0     c29_MASs.obj
 0004:00000abc       $pdata$mdlSetWorkWidths_c29_MASs 000000018003aabc     c29_MASs.obj
 0004:00000ac8       $pdata$mdlRTW_c29_MASs     000000018003aac8     c29_MASs.obj
 0004:00000ad4       $pdata$mdlStart_c29_MASs   000000018003aad4     c29_MASs.obj
 0004:00000ae0       $pdata$sf_c36_MASs_get_eml_resolved_functions_info 000000018003aae0     c36_MASs.obj
 0004:00000aec       $pdata$sf_c36_MASs_get_check_sum 000000018003aaec     c36_MASs.obj
 0004:00000af8       $pdata$c36_MASs_method_dispatcher 000000018003aaf8     c36_MASs.obj
 0004:00000b04       $pdata$chart_debug_initialization 000000018003ab04     c36_MASs.obj
 0004:00000b10       $pdata$chart_debug_initialize_data_addresses 000000018003ab10     c36_MASs.obj
 0004:00000b1c       $pdata$initialize_c36_MASs 000000018003ab1c     c36_MASs.obj
 0004:00000b28       $pdata$enable_c36_MASs     000000018003ab28     c36_MASs.obj
 0004:00000b34       $pdata$disable_c36_MASs    000000018003ab34     c36_MASs.obj
 0004:00000b40       $pdata$get_sim_state_c36_MASs 000000018003ab40     c36_MASs.obj
 0004:00000b4c       $pdata$set_sim_state_c36_MASs 000000018003ab4c     c36_MASs.obj
 0004:00000b58       $pdata$sf_gateway_c36_MASs 000000018003ab58     c36_MASs.obj
 0004:00000b64       $pdata$c36_chartstep_c36_MASs 000000018003ab64     c36_MASs.obj
 0004:00000b70       $pdata$c36_sf_marshallOut  000000018003ab70     c36_MASs.obj
 0004:00000b7c       $pdata$c36_emlrt_marshallIn 000000018003ab7c     c36_MASs.obj
 0004:00000b88       $pdata$c36_b_emlrt_marshallIn 000000018003ab88     c36_MASs.obj
 0004:00000b94       $pdata$c36_sf_marshallIn   000000018003ab94     c36_MASs.obj
 0004:00000ba0       $pdata$c36_b_sf_marshallOut 000000018003aba0     c36_MASs.obj
 0004:00000bac       $pdata$c36_c_emlrt_marshallIn 000000018003abac     c36_MASs.obj
 0004:00000bb8       $pdata$c36_b_sf_marshallIn 000000018003abb8     c36_MASs.obj
 0004:00000bc4       $pdata$c36_rdivide         000000018003abc4     c36_MASs.obj
 0004:00000bd0       $pdata$c36_mpower          000000018003abd0     c36_MASs.obj
 0004:00000bdc       $pdata$c36_fltpower_domain_error 000000018003abdc     c36_MASs.obj
 0004:00000be8       $pdata$c36_error           000000018003abe8     c36_MASs.obj
 0004:00000bf4       $pdata$c36_b_mpower        000000018003abf4     c36_MASs.obj
 0004:00000c00       $pdata$c36_b_error         000000018003ac00     c36_MASs.obj
 0004:00000c0c       $pdata$c36_roots           000000018003ac0c     c36_MASs.obj
 0004:00000c18       $pdata$c36_isfinite        000000018003ac18     c36_MASs.obj
 0004:00000c24       $pdata$c36_c_error         000000018003ac24     c36_MASs.obj
 0004:00000c30       $pdata$c36_abs             000000018003ac30     c36_MASs.obj
 0004:00000c3c       $pdata$c36_check_forloop_overflow_error 000000018003ac3c     c36_MASs.obj
 0004:00000c48       $pdata$c36_eig             000000018003ac48     c36_MASs.obj
 0004:00000c54       $pdata$c36_d_error         000000018003ac54     c36_MASs.obj
 0004:00000c60       $pdata$c36_e_error         000000018003ac60     c36_MASs.obj
 0004:00000c6c       $pdata$c36_warning         000000018003ac6c     c36_MASs.obj
 0004:00000c78       $pdata$c36_e_emlrt_marshallIn 000000018003ac78     c36_MASs.obj
 0004:00000c84       $pdata$c36_f_emlrt_marshallIn 000000018003ac84     c36_MASs.obj
 0004:00000c90       $pdata$c36_b_sqrt          000000018003ac90     c36_MASs.obj
 0004:00000c9c       $pdata$init_simulink_io_address 000000018003ac9c     c36_MASs.obj
 0004:00000ca8       $pdata$sf_c36_MASs_get_post_codegen_info 000000018003aca8     c36_MASs.obj
 0004:00000cb4       $pdata$sf_c36_MASs_get_autoinheritance_info 000000018003acb4     c36_MASs.obj
 0004:00000cc0       $pdata$sf_c36_MASs_third_party_uses_info 000000018003acc0     c36_MASs.obj
 0004:00000ccc       $pdata$sf_c36_MASs_jit_fallback_info 000000018003accc     c36_MASs.obj
 0004:00000cd8       $pdata$sf_c36_MASs_updateBuildInfo_args_info 000000018003acd8     c36_MASs.obj
 0004:00000ce4       $pdata$sf_get_sim_state_info_c36_MASs 000000018003ace4     c36_MASs.obj
 0004:00000cf0       $pdata$sf_opaque_initialize_c36_MASs 000000018003acf0     c36_MASs.obj
 0004:00000cfc       $pdata$sf_opaque_enable_c36_MASs 000000018003acfc     c36_MASs.obj
 0004:00000d08       $pdata$sf_opaque_disable_c36_MASs 000000018003ad08     c36_MASs.obj
 0004:00000d14       $pdata$sf_opaque_gateway_c36_MASs 000000018003ad14     c36_MASs.obj
 0004:00000d20       $pdata$sf_opaque_get_sim_state_c36_MASs 000000018003ad20     c36_MASs.obj
 0004:00000d2c       $pdata$sf_opaque_set_sim_state_c36_MASs 000000018003ad2c     c36_MASs.obj
 0004:00000d38       $pdata$sf_opaque_terminate_c36_MASs 000000018003ad38     c36_MASs.obj
 0004:00000d44       $pdata$mdlProcessParameters_c36_MASs 000000018003ad44     c36_MASs.obj
 0004:00000d50       $pdata$mdlSetWorkWidths_c36_MASs 000000018003ad50     c36_MASs.obj
 0004:00000d5c       $pdata$mdlRTW_c36_MASs     000000018003ad5c     c36_MASs.obj
 0004:00000d68       $pdata$mdlStart_c36_MASs   000000018003ad68     c36_MASs.obj
 0004:00000d74       $pdata$mexFunction         000000018003ad74     MASs_sfun_registry.obj
 0004:00000d80       $pdata$_ssSetInputPortDirectFeedThroughFcn 000000018003ad80     MASs_sfun_registry.obj
 0004:00000d8c       $pdata$_ssGetInputPortSignalPtrsFcn 000000018003ad8c     MASs_sfun_registry.obj
 0004:00000d98       $pdata$_ssGetInputPortSignalFcn 000000018003ad98     MASs_sfun_registry.obj
 0004:00000da4       $pdata$_ssSetInputPortReusableFcn 000000018003ada4     MASs_sfun_registry.obj
 0004:00000db0       $pdata$_ssSetOutputPortReusableFcn 000000018003adb0     MASs_sfun_registry.obj
 0004:00000dbc       $pdata$_ssSetSymbolicDimsSupport 000000018003adbc     MASs_sfun_registry.obj
 0004:00000dc8       $pdata$_ssRegisterSymbolicDimsExpr 000000018003adc8     MASs_sfun_registry.obj
 0004:00000dd4       $pdata$_ssRegisterSymbolicDims 000000018003add4     MASs_sfun_registry.obj
 0004:00000de0       $pdata$_ssRegisterSymbolicDimsString 000000018003ade0     MASs_sfun_registry.obj
 0004:00000dec       $pdata$_ssRegisterSymbolicDimsIntValue 000000018003adec     MASs_sfun_registry.obj
 0004:00000df8       $pdata$_ssRegisterSymbolicDimsPlus 000000018003adf8     MASs_sfun_registry.obj
 0004:00000e04       $pdata$_ssRegisterSymbolicDimsMinus 000000018003ae04     MASs_sfun_registry.obj
 0004:00000e10       $pdata$_ssRegisterSymbolicDimsMultiply 000000018003ae10     MASs_sfun_registry.obj
 0004:00000e1c       $pdata$_ssRegisterSymbolicDimsDivide 000000018003ae1c     MASs_sfun_registry.obj
 0004:00000e28       $pdata$_ssGetNumSymbolicDims 000000018003ae28     MASs_sfun_registry.obj
 0004:00000e34       $pdata$_ssGetSymbolicDim   000000018003ae34     MASs_sfun_registry.obj
 0004:00000e40       $pdata$_ssSetInputPortSymbolicDimsId 000000018003ae40     MASs_sfun_registry.obj
 0004:00000e4c       $pdata$_ssGetCompInputPortSymbolicDimsId 000000018003ae4c     MASs_sfun_registry.obj
 0004:00000e58       $pdata$_ssSetCompInputPortSymbolicDimsId 000000018003ae58     MASs_sfun_registry.obj
 0004:00000e64       $pdata$_ssSetOutputPortSymbolicDimsId 000000018003ae64     MASs_sfun_registry.obj
 0004:00000e70       $pdata$_ssGetCompOutputPortSymbolicDimsId 000000018003ae70     MASs_sfun_registry.obj
 0004:00000e7c       $pdata$_ssSetCompOutputPortSymbolicDimsId 000000018003ae7c     MASs_sfun_registry.obj
 0004:00000e88       $pdata$_ssSetCompDWorkSymbolicDimsId 000000018003ae88     MASs_sfun_registry.obj
 0004:00000e94       $pdata$ssGetIsZeroCrossControlDisabled 000000018003ae94     MASs_sfun_registry.obj
 0004:00000ea0       $pdata$ssSetIsInputPortUsedForContZcSignal 000000018003aea0     MASs_sfun_registry.obj
 0004:00000eac       $pdata$ssSetZcSignalIsZcElementDisc 000000018003aeac     MASs_sfun_registry.obj
 0004:00000eb8       $pdata$ssSetZcSignalName   000000018003aeb8     MASs_sfun_registry.obj
 0004:00000ec4       $pdata$ssSetZcSignalWidth  000000018003aec4     MASs_sfun_registry.obj
 0004:00000ed0       $pdata$ssSetZcSignalZcEventType 000000018003aed0     MASs_sfun_registry.obj
 0004:00000edc       $pdata$ssSetZcSignalType   000000018003aedc     MASs_sfun_registry.obj
 0004:00000ee8       $pdata$ssSetZcSignalZcTol  000000018003aee8     MASs_sfun_registry.obj
 0004:00000ef4       $pdata$ssSetZcSignalNeedsEventNotification 000000018003aef4     MASs_sfun_registry.obj
 0004:00000f00       $pdata$ssCreateAndAddZcSignalInfo 000000018003af00     MASs_sfun_registry.obj
 0004:00000f0c       $pdata$ssCloneAndAddZcSignalInfo 000000018003af0c     MASs_sfun_registry.obj
 0004:00000f18       $pdata$ssGetNumZcSignals   000000018003af18     MASs_sfun_registry.obj
 0004:00000f24       $pdata$ssGetZcSignalVector 000000018003af24     MASs_sfun_registry.obj
 0004:00000f30       $pdata$ssGetZcSignalName   000000018003af30     MASs_sfun_registry.obj
 0004:00000f3c       $pdata$ssGetZcSignalWidth  000000018003af3c     MASs_sfun_registry.obj
 0004:00000f48       $pdata$ssGetZcSignalZcEventType 000000018003af48     MASs_sfun_registry.obj
 0004:00000f54       $pdata$ssGetZcSignalZcEvents 000000018003af54     MASs_sfun_registry.obj
 0004:00000f60       $pdata$ssGetZcSignalType   000000018003af60     MASs_sfun_registry.obj
 0004:00000f6c       $pdata$ssGetZcSignalZcTol  000000018003af6c     MASs_sfun_registry.obj
 0004:00000f78       $pdata$ssGetZcSignalNeedsEventNotification 000000018003af78     MASs_sfun_registry.obj
 0004:00000f84       $pdata$ssGetZcSignalIsZcElementDisc 000000018003af84     MASs_sfun_registry.obj
 0004:00000f90       $pdata$ssGetIsInputPortElementContinuous 000000018003af90     MASs_sfun_registry.obj
 0004:00000f9c       $pdata$ssGetDTypeIdFromMxArray 000000018003af9c     MASs_sfun_registry.obj
 0004:00000fa8       $pdata$ssWriteRTWStr       000000018003afa8     MASs_sfun_registry.obj
 0004:00000fb4       $pdata$ssWriteRTWNameValuePair 000000018003afb4     MASs_sfun_registry.obj
 0004:00000fc0       $pdata$ssWriteRTWParamSettings 000000018003afc0     MASs_sfun_registry.obj
 0004:00000fcc       $pdata$ssWriteRTWParameters 000000018003afcc     MASs_sfun_registry.obj
 0004:00000fd8       $pdata$ssWriteRTWWorkVect  000000018003afd8     MASs_sfun_registry.obj
 0004:00000fe4       $pdata$ssWriteRTWMxVectParam 000000018003afe4     MASs_sfun_registry.obj
 0004:00000ff0       $pdata$ssWriteRTWMx2dMatParam 000000018003aff0     MASs_sfun_registry.obj
 0004:00000ffc       $pdata$_ssSetInputPortMatrixDimensions 000000018003affc     MASs_sfun_registry.obj
 0004:00001008       $pdata$_ssSetOutputPortMatrixDimensions 000000018003b008     MASs_sfun_registry.obj
 0004:00001014       $pdata$_ssSetInputPortVectorDimension 000000018003b014     MASs_sfun_registry.obj
 0004:00001020       $pdata$_ssSetOutputPortVectorDimension 000000018003b020     MASs_sfun_registry.obj
 0004:0000102c       $pdata$ssIsRunTimeParamTunable 000000018003b02c     MASs_sfun_registry.obj
 0004:00001038       $pdata$ssGetSFuncBlockHandle 000000018003b038     MASs_sfun_registry.obj
 0004:00001044       $pdata$_ssGetCurrentInputPortWidth 000000018003b044     MASs_sfun_registry.obj
 0004:00001050       $pdata$_ssGetCurrentOutputPortWidth 000000018003b050     MASs_sfun_registry.obj
 0004:0000105c       $pdata$_ssGetCallSystemNumFcnCallDestinations 000000018003b05c     MASs_sfun_registry.obj
 0004:00001068       $pdata$ssGetParameterTuningCompliance 000000018003b068     MASs_sfun_registry.obj
 0004:00001074       $pdata$ssWarning           000000018003b074     MASs_sfun_registry.obj
 0004:00001080       $pdata$_ssGetAbsTol        000000018003b080     MASs_sfun_registry.obj
 0004:0000108c       $pdata$sf_process_check_sum_call 000000018003b08c     MASs_sfun_registry.obj
 0004:00001098       $pdata$sf_process_machine_uses_exported_functions_call 000000018003b098     MASs_sfun_registry.obj
 0004:000010a4       $pdata$sf_process_autoinheritance_call 000000018003b0a4     MASs_sfun_registry.obj
 0004:000010b0       $pdata$sf_process_get_third_party_uses_info_call 000000018003b0b0     MASs_sfun_registry.obj
 0004:000010bc       $pdata$sf_process_get_jit_fallback_info_call 000000018003b0bc     MASs_sfun_registry.obj
 0004:000010c8       $pdata$sf_process_get_updateBuildInfo_args_info_call 000000018003b0c8     MASs_sfun_registry.obj
 0004:000010d4       $pdata$sf_process_get_eml_resolved_functions_info_call 000000018003b0d4     MASs_sfun_registry.obj
 0004:000010e0       $pdata$sf_process_get_post_codegen_info 000000018003b0e0     MASs_sfun_registry.obj
 0004:000010ec       $pdata$sf_mex_unlock_call  000000018003b0ec     MASs_sfun_registry.obj
 0004:000010f8       $pdata$sf_debug_api_wrapper 000000018003b0f8     MASs_sfun_registry.obj
 0004:00001104       $pdata$ProcessMexSfunctionCmdLineCall 000000018003b104     MASs_sfun_registry.obj
 0004:00001110       $pdata$sf_machine_global_initializer_called 000000018003b110     MASs_sfun_registry.obj
 0004:0000111c       $pdata$sf_machine_global_method_dispatcher 000000018003b11c     MASs_sfun_registry.obj
 0004:00001128       $pdata$sf_machine_global_terminator 000000018003b128     MASs_sfun_registry.obj
 0004:00001134       $pdata$sf_register_machine_exported_symbols 000000018003b134     MASs_sfun_registry.obj
 0004:00001140       $pdata$sf_machine_global_initializer 000000018003b140     MASs_sfun_registry.obj
 0004:0000114c       $pdata$mdlGetSimState      000000018003b14c     MASs_sfun_registry.obj
 0004:00001158       $pdata$mdlSetSimState      000000018003b158     MASs_sfun_registry.obj
 0004:00001164       $pdata$mdlSetWorkWidths    000000018003b164     MASs_sfun_registry.obj
 0004:00001170       $pdata$mdlProcessParameters 000000018003b170     MASs_sfun_registry.obj
 0004:0000117c       $pdata$mdl_start_processing 000000018003b17c     MASs_sfun_registry.obj
 0004:00001188       $pdata$mdl_terminate_processing 000000018003b188     MASs_sfun_registry.obj
 0004:00001194       $pdata$mdlStart            000000018003b194     MASs_sfun_registry.obj
 0004:000011a0       $pdata$mdlTerminate        000000018003b1a0     MASs_sfun_registry.obj
 0004:000011ac       $pdata$mdlInitializeSizes  000000018003b1ac     MASs_sfun_registry.obj
 0004:000011b8       $pdata$mdlInitializeSampleTimes 000000018003b1b8     MASs_sfun_registry.obj
 0004:000011c4       $pdata$mdl_outputs_continuous_legacy 000000018003b1c4     MASs_sfun_registry.obj
 0004:000011d0       $pdata$mdl_outputs_processing 000000018003b1d0     MASs_sfun_registry.obj
 0004:000011dc       $pdata$mdl_zeroCrossings_processing 000000018003b1dc     MASs_sfun_registry.obj
 0004:000011e8       $pdata$mdlZeroCrossings    000000018003b1e8     MASs_sfun_registry.obj
 0004:000011f4       $pdata$mdl_derivatives_processing 000000018003b1f4     MASs_sfun_registry.obj
 0004:00001200       $pdata$mdlDerivatives      000000018003b200     MASs_sfun_registry.obj
 0004:0000120c       $pdata$mdl_initialize_conditions_processing 000000018003b20c     MASs_sfun_registry.obj
 0004:00001218       $pdata$mdlInitializeConditions 000000018003b218     MASs_sfun_registry.obj
 0004:00001224       $pdata$mdl_ext_mode_exec_processing 000000018003b224     MASs_sfun_registry.obj
 0004:00001230       $pdata$mdlExtModeExec      000000018003b230     MASs_sfun_registry.obj
 0004:0000123c       $pdata$mdlRTW              000000018003b23c     MASs_sfun_registry.obj
 0004:00001248       $pdata$mdl_enable_processing 000000018003b248     MASs_sfun_registry.obj
 0004:00001254       $pdata$mdlEnable           000000018003b254     MASs_sfun_registry.obj
 0004:00001260       $pdata$mdl_disable_processing 000000018003b260     MASs_sfun_registry.obj
 0004:0000126c       $pdata$mdlDisable          000000018003b26c     MASs_sfun_registry.obj
 0004:00001278       $pdata$mdlOutputs          000000018003b278     MASs_sfun_registry.obj
 0004:00001284       $pdata$mdl_update_processing 000000018003b284     MASs_sfun_registry.obj
 0004:00001290       $pdata$mdlUpdate           000000018003b290     MASs_sfun_registry.obj
 0004:0000129c       $pdata$ProcessMexSfunctionEveryCall 000000018003b29c     MASs_sfun_registry.obj
 0004:000012a8       $pdata$_RegNumInputPortsCB 000000018003b2a8     MASs_sfun_registry.obj
 0004:000012b4       $pdata$_RegNumOutputPortsCB 000000018003b2b4     MASs_sfun_registry.obj
 0004:000012c0       $pdata$_CreateSimStruct    000000018003b2c0     MASs_sfun_registry.obj
 0004:000012cc       $pdata$_ssFatalError       000000018003b2cc     MASs_sfun_registry.obj
 0004:000012d8       $pdata$_ProcessMexSfunctionCmdLineCall 000000018003b2d8     MASs_sfun_registry.obj
 0004:000012e4       $pdata$__raise_securityfailure 000000018003b2e4     MSVCRT:gs_report.obj
 0004:000012f0       $pdata$__report_gsfailure  000000018003b2f0     MSVCRT:gs_report.obj
 0004:000012fc       $pdata$__report_rangecheckfailure 000000018003b2fc     MSVCRT:gs_report.obj
 0004:00001308       $pdata$__report_securityfailure 000000018003b308     MSVCRT:gs_report.obj
 0004:00001314       $pdata$__report_securityfailureEx 000000018003b314     MSVCRT:gs_report.obj
 0004:00001320       $pdata$__GSHandlerCheck    000000018003b320     MSVCRT:gshandler.obj
 0004:0000132c       $pdata$__GSHandlerCheckCommon 000000018003b32c     MSVCRT:gshandler.obj
 0004:00001344       $pdata$pre_c_init          000000018003b344     MSVCRT:crtdll.obj
 0004:00001350       $pdata$_CRT_INIT           000000018003b350     MSVCRT:crtdll.obj
 0004:0000135c       $pdata$_DllMainCRTStartup  000000018003b35c     MSVCRT:crtdll.obj
 0004:00001368       $pdata$__DllMainCRTStartup 000000018003b368     MSVCRT:crtdll.obj
 0004:00001374       $pdata$_IsNonwritableInCurrentImage 000000018003b374     MSVCRT:pesect.obj
 0004:00001380       $pdata$__atonexitinit      000000018003b380     MSVCRT:atonexit.obj
 0004:0000138c       $pdata$_onexit             000000018003b38c     MSVCRT:atonexit.obj
 0004:00001398       $pdata$atexit              000000018003b398     MSVCRT:atonexit.obj
 0004:000013a4       $pdata$__security_init_cookie 000000018003b3a4     MSVCRT:gs_support.obj
 0004:000013b0       $pdata$DllMain             000000018003b3b0     MSVCRT:dllmain.obj
 0004:000013bc       $pdata$_RTC_Initialize     000000018003b3bc     MSVCRT:initsect.obj
 0004:000013c8       $pdata$_RTC_Terminate      000000018003b3c8     MSVCRT:initsect.obj
 0004:000013d4       $pdata$__DllMainCRTStartup$filt$0 000000018003b3d4     MSVCRT:crtdll.obj
 0004:000013e0       $pdata$__DllMainCRTStartup$fin$1 000000018003b3e0     MSVCRT:crtdll.obj
 0004:000013ec       $pdata$_IsNonwritableInCurrentImage$filt$0 000000018003b3ec     MSVCRT:pesect.obj
 0004:000013f8       $pdata$_onexit$fin$0       000000018003b3f8     MSVCRT:atonexit.obj
