 MASs_sfun

 Timestamp is 5af40285 (Thu May 10 16:27:49 2018)

 Preferred load address is 0000000180000000

 Start         Length     Name                   Class
 0001:00000000 0002b432H .text$mn                CODE
 0001:0002b440 0000007bH .text$x                 CODE
 0002:00000000 00000478H .idata$5                DATA
 0002:00000478 00000008H .CRT$XCA                DATA
 0002:00000480 00000008H .CRT$XCZ                DATA
 0002:00000488 00000008H .CRT$XIA                DATA
 0002:00000490 00000008H .CRT$XIAA               DATA
 0002:00000498 00000008H .CRT$XIC                DATA
 0002:000004a0 00000008H .CRT$XIZ                DATA
 0002:000004b0 000007c0H .rdata                  DATA
 0002:00000c70 00000008H .rtc$IAA                DATA
 0002:00000c78 00000008H .rtc$IZZ                DATA
 0002:00000c80 00000008H .rtc$TAA                DATA
 0002:00000c88 00000008H .rtc$TZZ                DATA
 0002:00000c90 00000dccH .xdata                  DATA
 0002:00001a60 0000004fH .edata                  DATA
 0002:00001ab0 0000008cH .idata$2                DATA
 0002:00001b3c 00000014H .idata$3                DATA
 0002:00001b50 00000478H .idata$4                DATA
 0002:00001fc8 00000caeH .idata$6                DATA
 0003:00000000 00005858H .data                   DATA
 0003:00005860 000006f8H .bss                    DATA
 0004:00000000 000011e8H .pdata                  DATA

  Address         Publics by Value              Rva+Base               Lib:Object

 0000:00000000       __guard_fids_count         0000000000000000     <absolute>
 0000:00000000       ___safe_se_handler_table   0000000000000000     <absolute>
 0000:00000000       ___safe_se_handler_count   0000000000000000     <absolute>
 0000:00000000       __guard_flags              0000000000000000     <absolute>
 0000:00000000       __guard_fids_table         0000000000000000     <absolute>
 0000:00000000       __ImageBase                0000000180000000     <linker-defined>
 0001:00000000       MASs_initializer           0000000180001000 f   MASs_sfun.obj
 0001:00000010       MASs_terminator            0000000180001010 f   MASs_sfun.obj
 0001:00000020       load_MASs_optimization_info 0000000180001020 f   MASs_sfun.obj
 0001:00000070       unload_MASs_optimization_info 0000000180001070 f   MASs_sfun.obj
 0001:000000a0       sf_MASs_method_dispatcher  00000001800010a0 f   MASs_sfun.obj
 0001:00000170       sf_MASs_uses_exported_functions 0000000180001170 f   MASs_sfun.obj
 0001:000001b0       sf_MASs_process_check_sum_call 00000001800011b0 f   MASs_sfun.obj
 0001:000007c0       sf_MASs_autoinheritance_info 00000001800017c0 f   MASs_sfun.obj
 0001:00000b40       sf_MASs_get_eml_resolved_functions_info 0000000180001b40 f   MASs_sfun.obj
 0001:00000dc0       sf_MASs_third_party_uses_info 0000000180001dc0 f   MASs_sfun.obj
 0001:00001080       sf_MASs_jit_fallback_info  0000000180002080 f   MASs_sfun.obj
 0001:00001340       sf_MASs_updateBuildInfo_args_info 0000000180002340 f   MASs_sfun.obj
 0001:00001600       sf_MASs_get_post_codegen_info 0000000180002600 f   MASs_sfun.obj
 0001:00001820       MASs_debug_initialize      0000000180002820 f   MASs_sfun.obj
 0001:000018a0       MASs_register_exported_symbols 00000001800028a0 f   MASs_sfun.obj
 0001:000018b0       sf_c9_MASs_get_eml_resolved_functions_info 00000001800028b0 f   c9_MASs.obj
 0001:00001930       sf_c9_MASs_get_check_sum   0000000180002930 f   c9_MASs.obj
 0001:00001a00       c9_MASs_method_dispatcher  0000000180002a00 f   c9_MASs.obj
 0001:00006370       sf_c9_MASs_get_post_codegen_info 0000000180007370 f   c9_MASs.obj
 0001:00006440       sf_c9_MASs_get_autoinheritance_info 0000000180007440 f   c9_MASs.obj
 0001:000073e0       sf_c9_MASs_third_party_uses_info 00000001800083e0 f   c9_MASs.obj
 0001:00007410       sf_c9_MASs_jit_fallback_info 0000000180008410 f   c9_MASs.obj
 0001:000075a0       sf_c9_MASs_updateBuildInfo_args_info 00000001800085a0 f   c9_MASs.obj
 0001:00008310       sf_c16_MASs_get_eml_resolved_functions_info 0000000180009310 f   c16_MASs.obj
 0001:00008390       sf_c16_MASs_get_check_sum  0000000180009390 f   c16_MASs.obj
 0001:00008460       c16_MASs_method_dispatcher 0000000180009460 f   c16_MASs.obj
 0001:0000cdd0       sf_c16_MASs_get_post_codegen_info 000000018000ddd0 f   c16_MASs.obj
 0001:0000cea0       sf_c16_MASs_get_autoinheritance_info 000000018000dea0 f   c16_MASs.obj
 0001:0000de40       sf_c16_MASs_third_party_uses_info 000000018000ee40 f   c16_MASs.obj
 0001:0000de70       sf_c16_MASs_jit_fallback_info 000000018000ee70 f   c16_MASs.obj
 0001:0000e000       sf_c16_MASs_updateBuildInfo_args_info 000000018000f000 f   c16_MASs.obj
 0001:0000ed70       sf_c23_MASs_get_eml_resolved_functions_info 000000018000fd70 f   c23_MASs.obj
 0001:0000edf0       sf_c23_MASs_get_check_sum  000000018000fdf0 f   c23_MASs.obj
 0001:0000eec0       c23_MASs_method_dispatcher 000000018000fec0 f   c23_MASs.obj
 0001:00013830       sf_c23_MASs_get_post_codegen_info 0000000180014830 f   c23_MASs.obj
 0001:00013900       sf_c23_MASs_get_autoinheritance_info 0000000180014900 f   c23_MASs.obj
 0001:000148a0       sf_c23_MASs_third_party_uses_info 00000001800158a0 f   c23_MASs.obj
 0001:000148d0       sf_c23_MASs_jit_fallback_info 00000001800158d0 f   c23_MASs.obj
 0001:00014a60       sf_c23_MASs_updateBuildInfo_args_info 0000000180015a60 f   c23_MASs.obj
 0001:000157d0       sf_c30_MASs_get_eml_resolved_functions_info 00000001800167d0 f   c30_MASs.obj
 0001:00015850       sf_c30_MASs_get_check_sum  0000000180016850 f   c30_MASs.obj
 0001:00015920       c30_MASs_method_dispatcher 0000000180016920 f   c30_MASs.obj
 0001:0001a290       sf_c30_MASs_get_post_codegen_info 000000018001b290 f   c30_MASs.obj
 0001:0001a360       sf_c30_MASs_get_autoinheritance_info 000000018001b360 f   c30_MASs.obj
 0001:0001b300       sf_c30_MASs_third_party_uses_info 000000018001c300 f   c30_MASs.obj
 0001:0001b330       sf_c30_MASs_jit_fallback_info 000000018001c330 f   c30_MASs.obj
 0001:0001b4c0       sf_c30_MASs_updateBuildInfo_args_info 000000018001c4c0 f   c30_MASs.obj
 0001:0001c230       sf_c37_MASs_get_eml_resolved_functions_info 000000018001d230 f   c37_MASs.obj
 0001:0001c2b0       sf_c37_MASs_get_check_sum  000000018001d2b0 f   c37_MASs.obj
 0001:0001c380       c37_MASs_method_dispatcher 000000018001d380 f   c37_MASs.obj
 0001:00020cf0       sf_c37_MASs_get_post_codegen_info 0000000180021cf0 f   c37_MASs.obj
 0001:00020dc0       sf_c37_MASs_get_autoinheritance_info 0000000180021dc0 f   c37_MASs.obj
 0001:00021d60       sf_c37_MASs_third_party_uses_info 0000000180022d60 f   c37_MASs.obj
 0001:00021d90       sf_c37_MASs_jit_fallback_info 0000000180022d90 f   c37_MASs.obj
 0001:00021f20       sf_c37_MASs_updateBuildInfo_args_info 0000000180022f20 f   c37_MASs.obj
 0001:00022c90       mexFunction                0000000180023c90 f   MASs_sfun_registry.obj
 0001:00024060       _ssSetInputPortDirectFeedThroughFcn 0000000180025060 f   MASs_sfun_registry.obj
 0001:000241c0       _ssGetInputPortSignalPtrsFcn 00000001800251c0 f   MASs_sfun_registry.obj
 0001:000243e0       _ssGetInputPortSignalFcn   00000001800253e0 f   MASs_sfun_registry.obj
 0001:00024600       _ssSetInputPortReusableFcn 0000000180025600 f   MASs_sfun_registry.obj
 0001:000246e0       _ssSetOutputPortReusableFcn 00000001800256e0 f   MASs_sfun_registry.obj
 0001:000247c0       _ssSetSymbolicDimsSupport  00000001800257c0 f   MASs_sfun_registry.obj
 0001:00024830       _ssRegisterSymbolicDimsExpr 0000000180025830 f   MASs_sfun_registry.obj
 0001:000248b0       _ssRegisterSymbolicDims    00000001800258b0 f   MASs_sfun_registry.obj
 0001:00024950       _ssRegisterSymbolicDimsString 0000000180025950 f   MASs_sfun_registry.obj
 0001:000249d0       _ssRegisterSymbolicDimsIntValue 00000001800259d0 f   MASs_sfun_registry.obj
 0001:00024a40       _ssRegisterSymbolicDimsPlus 0000000180025a40 f   MASs_sfun_registry.obj
 0001:00024ac0       _ssRegisterSymbolicDimsMinus 0000000180025ac0 f   MASs_sfun_registry.obj
 0001:00024b40       _ssRegisterSymbolicDimsMultiply 0000000180025b40 f   MASs_sfun_registry.obj
 0001:00024bc0       _ssRegisterSymbolicDimsDivide 0000000180025bc0 f   MASs_sfun_registry.obj
 0001:00024c40       _ssGetNumSymbolicDims      0000000180025c40 f   MASs_sfun_registry.obj
 0001:00024cb0       _ssGetSymbolicDim          0000000180025cb0 f   MASs_sfun_registry.obj
 0001:00024d30       _ssSetInputPortSymbolicDimsId 0000000180025d30 f   MASs_sfun_registry.obj
 0001:00024da0       _ssGetCompInputPortSymbolicDimsId 0000000180025da0 f   MASs_sfun_registry.obj
 0001:00024e10       _ssSetCompInputPortSymbolicDimsId 0000000180025e10 f   MASs_sfun_registry.obj
 0001:00024e80       _ssSetOutputPortSymbolicDimsId 0000000180025e80 f   MASs_sfun_registry.obj
 0001:00024ef0       _ssGetCompOutputPortSymbolicDimsId 0000000180025ef0 f   MASs_sfun_registry.obj
 0001:00024f60       _ssSetCompOutputPortSymbolicDimsId 0000000180025f60 f   MASs_sfun_registry.obj
 0001:00024fd0       _ssSetCompDWorkSymbolicDimsId 0000000180025fd0 f   MASs_sfun_registry.obj
 0001:00025040       ssGetIsZeroCrossControlDisabled 0000000180026040 f   MASs_sfun_registry.obj
 0001:000250b0       ssSetIsInputPortUsedForContZcSignal 00000001800260b0 f   MASs_sfun_registry.obj
 0001:00025120       ssSetZcSignalIsZcElementDisc 0000000180026120 f   MASs_sfun_registry.obj
 0001:000251d0       ssSetZcSignalName          00000001800261d0 f   MASs_sfun_registry.obj
 0001:00025240       ssSetZcSignalWidth         0000000180026240 f   MASs_sfun_registry.obj
 0001:000252b0       ssSetZcSignalZcEventType   00000001800262b0 f   MASs_sfun_registry.obj
 0001:00025320       ssSetZcSignalType          0000000180026320 f   MASs_sfun_registry.obj
 0001:00025390       ssSetZcSignalZcTol         0000000180026390 f   MASs_sfun_registry.obj
 0001:00025400       ssSetZcSignalNeedsEventNotification 0000000180026400 f   MASs_sfun_registry.obj
 0001:00025470       ssCreateAndAddZcSignalInfo 0000000180026470 f   MASs_sfun_registry.obj
 0001:000254e0       ssCloneAndAddZcSignalInfo  00000001800264e0 f   MASs_sfun_registry.obj
 0001:00025550       ssGetNumZcSignals          0000000180026550 f   MASs_sfun_registry.obj
 0001:000255c0       ssGetZcSignalVector        00000001800265c0 f   MASs_sfun_registry.obj
 0001:00025630       ssGetZcSignalName          0000000180026630 f   MASs_sfun_registry.obj
 0001:000256a0       ssGetZcSignalWidth         00000001800266a0 f   MASs_sfun_registry.obj
 0001:00025710       ssGetZcSignalZcEventType   0000000180026710 f   MASs_sfun_registry.obj
 0001:00025780       ssGetZcSignalZcEvents      0000000180026780 f   MASs_sfun_registry.obj
 0001:000257f0       ssGetZcSignalType          00000001800267f0 f   MASs_sfun_registry.obj
 0001:00025860       ssGetZcSignalZcTol         0000000180026860 f   MASs_sfun_registry.obj
 0001:000258e0       ssGetZcSignalNeedsEventNotification 00000001800268e0 f   MASs_sfun_registry.obj
 0001:00025950       ssGetZcSignalIsZcElementDisc 0000000180026950 f   MASs_sfun_registry.obj
 0001:000259f0       ssGetIsInputPortElementContinuous 00000001800269f0 f   MASs_sfun_registry.obj
 0001:00025a90       ssGetDTypeIdFromMxArray    0000000180026a90 f   MASs_sfun_registry.obj
 0001:00025bb0       ssWriteRTWStr              0000000180026bb0 f   MASs_sfun_registry.obj
 0001:00025c10       ssWriteRTWNameValuePair    0000000180026c10 f   MASs_sfun_registry.obj
 0001:00026110       ssWriteRTWParamSettings    0000000180027110 f   MASs_sfun_registry.obj
 0001:00026800       ssWriteRTWParameters       0000000180027800 f   MASs_sfun_registry.obj
 0001:00026dd0       ssWriteRTWWorkVect         0000000180027dd0 f   MASs_sfun_registry.obj
 0001:000272c0       ssWriteRTWMxVectParam      00000001800282c0 f   MASs_sfun_registry.obj
 0001:00027340       ssWriteRTWMx2dMatParam     0000000180028340 f   MASs_sfun_registry.obj
 0001:000273d0       _ssSetInputPortMatrixDimensions 00000001800283d0 f   MASs_sfun_registry.obj
 0001:000274d0       _ssSetOutputPortMatrixDimensions 00000001800284d0 f   MASs_sfun_registry.obj
 0001:000275d0       _ssSetInputPortVectorDimension 00000001800285d0 f   MASs_sfun_registry.obj
 0001:00027680       _ssSetOutputPortVectorDimension 0000000180028680 f   MASs_sfun_registry.obj
 0001:00027730       ssIsRunTimeParamTunable    0000000180028730 f   MASs_sfun_registry.obj
 0001:000277a0       ssGetSFuncBlockHandle      00000001800287a0 f   MASs_sfun_registry.obj
 0001:00027810       _ssGetCurrentInputPortWidth 0000000180028810 f   MASs_sfun_registry.obj
 0001:00027930       _ssGetCurrentOutputPortWidth 0000000180028930 f   MASs_sfun_registry.obj
 0001:00027a50       _ssGetCallSystemNumFcnCallDestinations 0000000180028a50 f   MASs_sfun_registry.obj
 0001:00027ac0       ssGetParameterTuningCompliance 0000000180028ac0 f   MASs_sfun_registry.obj
 0001:00027b30       ssWarning                  0000000180028b30 f   MASs_sfun_registry.obj
 0001:00027c20       _ssGetAbsTol               0000000180028c20 f   MASs_sfun_registry.obj
 0001:00027c90       _ssSetStateAbsTol          0000000180028c90 f   MASs_sfun_registry.obj
 0001:00027d70       sf_process_check_sum_call  0000000180028d70 f   MASs_sfun_registry.obj
 0001:00027dc0       sf_process_machine_uses_exported_functions_call 0000000180028dc0 f   MASs_sfun_registry.obj
 0001:00027f70       sf_process_autoinheritance_call 0000000180028f70 f   MASs_sfun_registry.obj
 0001:000281a0       sf_process_get_third_party_uses_info_call 00000001800291a0 f   MASs_sfun_registry.obj
 0001:000283d0       sf_process_get_jit_fallback_info_call 00000001800293d0 f   MASs_sfun_registry.obj
 0001:00028600       sf_process_get_updateBuildInfo_args_info_call 0000000180029600 f   MASs_sfun_registry.obj
 0001:00028830       sf_process_get_eml_resolved_functions_info_call 0000000180029830 f   MASs_sfun_registry.obj
 0001:00028a30       sf_process_get_post_codegen_info 0000000180029a30 f   MASs_sfun_registry.obj
 0001:00028be0       sf_mex_unlock_call         0000000180029be0 f   MASs_sfun_registry.obj
 0001:00028ec0       sf_machine_global_initializer_called 0000000180029ec0 f   MASs_sfun_registry.obj
 0001:00028ef0       sf_machine_global_method_dispatcher 0000000180029ef0 f   MASs_sfun_registry.obj
 0001:00028f50       sf_machine_global_terminator 0000000180029f50 f   MASs_sfun_registry.obj
 0001:00028fa0       sf_register_machine_exported_symbols 0000000180029fa0 f   MASs_sfun_registry.obj
 0001:00028fc0       callCustomFcn              0000000180029fc0 f   MASs_sfun_registry.obj
 0001:00028fd0       sf_machine_global_initializer 0000000180029fd0 f   MASs_sfun_registry.obj
 0001:00029050       mdlGetSimState             000000018002a050 f   MASs_sfun_registry.obj
 0001:00029090       mdlSetSimState             000000018002a090 f   MASs_sfun_registry.obj
 0001:000298f0       ProcessMexSfunctionEveryCall 000000018002a8f0 f   MASs_sfun_registry.obj
 0001:0002a5f6       sf_load_rtw_optimization_info 000000018002b5f6 f   sf_runtime:sf_runtime.dll
 0001:0002a5fc       sf_debug_initialize_machine 000000018002b5fc f   sf_runtime:sf_runtime.dll
 0001:0002a602       sf_debug_set_machine_event_thresholds 000000018002b602 f   sf_runtime:sf_runtime.dll
 0001:0002a608       sf_debug_set_machine_data_thresholds 000000018002b608 f   sf_runtime:sf_runtime.dll
 0001:0002a60e       sf_init_ChartRunTimeInfo   000000018002b60e f   sf_runtime:sf_runtime.dll
 0001:0002a614       sf_free_ChartRunTimeInfo   000000018002b614 f   sf_runtime:sf_runtime.dll
 0001:0002a61a       sf_get_chart_instance_ptr  000000018002b61a f   sf_runtime:sf_runtime.dll
 0001:0002a620       sf_rtw_info_uint_prop      000000018002b620 f   sf_runtime:sf_runtime.dll
 0001:0002a626       sf_update_buildInfo        000000018002b626 f   sf_runtime:sf_runtime.dll
 0001:0002a62c       sf_is_chart_inlinable      000000018002b62c f   sf_runtime:sf_runtime.dll
 0001:0002a632       sf_mark_chart_reusable_outputs 000000018002b632 f   sf_runtime:sf_runtime.dll
 0001:0002a638       sf_mark_chart_expressionable_inputs 000000018002b638 f   sf_runtime:sf_runtime.dll
 0001:0002a63e       sim_mode_is_rtw_gen        000000018002b63e f   sf_runtime:sf_runtime.dll
 0001:0002a644       sim_mode_is_external       000000018002b644 f   sf_runtime:sf_runtime.dll
 0001:0002a64a       sf_clear_rtw_identifier    000000018002b64a f   sf_runtime:sf_runtime.dll
 0001:0002a650       sf_set_rtw_dwork_info      000000018002b650 f   sf_runtime:sf_runtime.dll
 0001:0002a656       sf_get_time                000000018002b656 f   sf_runtime:sf_runtime.dll
 0001:0002a65c       sf_is_first_init_cond      000000018002b65c f   sf_runtime:sf_runtime.dll
 0001:0002a662       sf_set_chart_accesses_machine_info 000000018002b662 f   sf_runtime:sf_runtime.dll
 0001:0002a668       sf_mex_call_debug          000000018002b668 f   sf_runtime:sf_runtime.dll
 0001:0002a66e       sf_mex_error_message       000000018002b66e f   sf_runtime:sf_runtime.dll
 0001:0002a674       sf_mex_create              000000018002b674 f   sf_runtime:sf_runtime.dll
 0001:0002a67a       sf_mex_createcellmatrix    000000018002b67a f   sf_runtime:sf_runtime.dll
 0001:0002a680       sf_mex_setcell             000000018002b680 f   sf_runtime:sf_runtime.dll
 0001:0002a686       sf_mex_getcell             000000018002b686 f   sf_runtime:sf_runtime.dll
 0001:0002a68c       sf_mex_assign              000000018002b68c f   sf_runtime:sf_runtime.dll
 0001:0002a692       sf_mex_dup                 000000018002b692 f   sf_runtime:sf_runtime.dll
 0001:0002a698       sf_mex_destroy             000000018002b698 f   sf_runtime:sf_runtime.dll
 0001:0002a69e       sf_mex_import              000000018002b69e f   sf_runtime:sf_runtime.dll
 0001:0002a6a4       sf_mex_decode_encoded_mx_struct_array 000000018002b6a4 f   sf_runtime:sf_runtime.dll
 0001:0002a6aa       ssGetInputPortSignal_wrapper 000000018002b6aa f   sf_runtime:sf_runtime.dll
 0001:0002a6b0       ssGetOutputPortSignal_wrapper 000000018002b6b0 f   sf_runtime:sf_runtime.dll
 0001:0002a6b6       sf_debug_initialize_chart  000000018002b6b6 f   sf_runtime:sf_runtime.dll
 0001:0002a6bc       sf_debug_call              000000018002b6bc f   sf_runtime:sf_runtime.dll
 0001:0002a6c2       eml_debug_line_call        000000018002b6c2 f   sf_runtime:sf_runtime.dll
 0001:0002a6c8       cv_eml_eval                000000018002b6c8 f   sf_runtime:sf_runtime.dll
 0001:0002a6ce       cv_eml_init_script         000000018002b6ce f   sf_runtime:sf_runtime.dll
 0001:0002a6d4       cv_eml_init_fcn            000000018002b6d4 f   sf_runtime:sf_runtime.dll
 0001:0002a6da       sf_debug_reset_current_state_configuration 000000018002b6da f   sf_runtime:sf_runtime.dll
 0001:0002a6e0       sf_debug_check_for_state_inconsistency 000000018002b6e0 f   sf_runtime:sf_runtime.dll
 0001:0002a6e6       sf_debug_set_chart_data_props 000000018002b6e6 f   sf_runtime:sf_runtime.dll
 0001:0002a6ec       sf_debug_set_chart_data_compiled_props 000000018002b6ec f   sf_runtime:sf_runtime.dll
 0001:0002a6f2       sf_debug_symbol_scope_push 000000018002b6f2 f   sf_runtime:sf_runtime.dll
 0001:0002a6f8       sf_debug_symbol_scope_push_eml 000000018002b6f8 f   sf_runtime:sf_runtime.dll
 0001:0002a6fe       sf_debug_symbol_scope_pop  000000018002b6fe f   sf_runtime:sf_runtime.dll
 0001:0002a704       sf_debug_symbol_scope_add_eml 000000018002b704 f   sf_runtime:sf_runtime.dll
 0001:0002a70a       sf_debug_symbol_scope_add_eml_importable 000000018002b70a f   sf_runtime:sf_runtime.dll
 0001:0002a710       sf_debug_set_instance_data_value_ptr 000000018002b710 f   sf_runtime:sf_runtime.dll
 0001:0002a716       sf_debug_set_chart_disable_implicit_casting 000000018002b716 f   sf_runtime:sf_runtime.dll
 0001:0002a71c       sf_debug_set_chart_event_thresholds 000000018002b71c f   sf_runtime:sf_runtime.dll
 0001:0002a722       sf_debug_set_chart_state_info 000000018002b722 f   sf_runtime:sf_runtime.dll
 0001:0002a728       sf_debug_set_chart_decomposition 000000018002b728 f   sf_runtime:sf_runtime.dll
 0001:0002a72e       sf_debug_set_chart_substate_count 000000018002b72e f   sf_runtime:sf_runtime.dll
 0001:0002a734       sf_debug_data_range_wrapper 000000018002b734 f   sf_runtime:sf_runtime.dll
 0001:0002a73a       sf_debug_cv_init_trans     000000018002b73a f   sf_runtime:sf_runtime.dll
 0001:0002a740       sf_debug_cv_init_chart     000000018002b740 f   sf_runtime:sf_runtime.dll
 0001:0002a746       sf_debug_cv_init_state     000000018002b746 f   sf_runtime:sf_runtime.dll
 0001:0002a74c       sf_get_ChartInfoStruct_CodeGen 000000018002b74c f   sf_runtime:sf_runtime.dll
 0001:0002a752       sf_get_isEnhancedMooreMachine 000000018002b752 f   sf_runtime:sf_runtime.dll
 0001:0002a758       sf_set_compiledInfo        000000018002b758 f   sf_runtime:sf_runtime.dll
 0001:0002a75e       callMdlMethodAndReportError 000000018002b75e f   sf_runtime:sf_runtime.dll
 0001:0002a764       call_sf_machine_global_method_dispatcher 000000018002b764 f   sf_runtime:sf_runtime.dll
 0001:0002a76a       sf_mex_error_direct_call   000000018002b76a f   sf_runtime:sf_runtime.dll
 0001:0002a770       sf_clear_error_manager_info 000000018002b770 f   sf_runtime:sf_runtime.dll
 0001:0002a776       sf_debug_create_debug_instance_struct 000000018002b776 f   sf_runtime:sf_runtime.dll
 0001:0002a77c       sf_debug_terminate         000000018002b77c f   sf_runtime:sf_runtime.dll
 0001:0002a782       sf_debug_api               000000018002b782 f   sf_runtime:sf_runtime.dll
 0001:0002a788       mxIsChar                   000000018002b788 f   libmx:libmx.dll
 0001:0002a78e       mxGetPr                    000000018002b78e f   libmx:libmx.dll
 0001:0002a794       mxGetScalar                000000018002b794 f   libmx:libmx.dll
 0001:0002a79a       mxDestroyArray             000000018002b79a f   libmx:libmx.dll
 0001:0002a7a0       mxCreateDoubleMatrix_730   000000018002b7a0 f   libmx:libmx.dll
 0001:0002a7a6       mxCreateLogicalScalar      000000018002b7a6 f   libmx:libmx.dll
 0001:0002a7ac       mxGetString_730            000000018002b7ac f   libmx:libmx.dll
 0001:0002a7b2       mxDuplicateArray           000000018002b7b2 f   libmx:libmx.dll
 0001:0002a7b8       mxSetField_730             000000018002b7b8 f   libmx:libmx.dll
 0001:0002a7be       mxCreateDoubleScalar       000000018002b7be f   libmx:libmx.dll
 0001:0002a7c4       mxCreateString             000000018002b7c4 f   libmx:libmx.dll
 0001:0002a7ca       mxCreateCellMatrix_730     000000018002b7ca f   libmx:libmx.dll
 0001:0002a7d0       mxCreateCellArray_730      000000018002b7d0 f   libmx:libmx.dll
 0001:0002a7d6       mxCreateStructMatrix_730   000000018002b7d6 f   libmx:libmx.dll
 0001:0002a7dc       mxCreateStructArray_730    000000018002b7dc f   libmx:libmx.dll
 0001:0002a7e2       mxCalloc                   000000018002b7e2 f   libmx:libmx.dll
 0001:0002a7e8       mxGetM                     000000018002b7e8 f   libmx:libmx.dll
 0001:0002a7ee       mxGetClassID               000000018002b7ee f   libmx:libmx.dll
 0001:0002a7f4       mxIsNumeric                000000018002b7f4 f   libmx:libmx.dll
 0001:0002a7fa       mxIsComplex                000000018002b7fa f   libmx:libmx.dll
 0001:0002a800       mxGetN                     000000018002b800 f   libmx:libmx.dll
 0001:0002a806       mexMakeArrayPersistent     000000018002b806 f   libmex:libmex.dll
 0001:0002a80c       mexErrMsgTxt               000000018002b80c f   libmex:libmex.dll
 0001:0002a812       mexWarnMsgTxt              000000018002b812 f   libmex:libmex.dll
 0001:0002a818       mexCallMATLABWithObject    000000018002b818 f   libmex:libmex.dll
 0001:0002a81e       mexLock                    000000018002b81e f   libmex:libmex.dll
 0001:0002a824       mexUnlock                  000000018002b824 f   libmex:libmex.dll
 0001:0002a82a       mexIsLocked                000000018002b82a f   libmex:libmex.dll
 0001:0002a830       utMalloc                   000000018002b830 f   libut:libut.dll
 0001:0002a836       utFree                     000000018002b836 f   libut:libut.dll
 0001:0002a83c       muDoubleScalarFloor        000000018002b83c f   libmwmathutil:libmwmathutil.dll
 0001:0002a842       muDoubleScalarLog10        000000018002b842 f   libmwmathutil:libmwmathutil.dll
 0001:0002a848       muDoubleScalarPower        000000018002b848 f   libmwmathutil:libmwmathutil.dll
 0001:0002a84e       muDoubleScalarSqrt         000000018002b84e f   libmwmathutil:libmwmathutil.dll
 0001:0002a854       muDoubleScalarIsNaN        000000018002b854 f   libmwmathutil:libmwmathutil.dll
 0001:0002a85c       __raise_securityfailure    000000018002b85c f   MSVCRT:gs_report.obj
 0001:0002a8a8       __report_gsfailure         000000018002b8a8 f   MSVCRT:gs_report.obj
 0001:0002a97c       __report_rangecheckfailure 000000018002b97c f   MSVCRT:gs_report.obj
 0001:0002a990       __report_securityfailure   000000018002b990 f   MSVCRT:gs_report.obj
 0001:0002aa2c       __report_securityfailureEx 000000018002ba2c f   MSVCRT:gs_report.obj
 0001:0002ab3a       strcmp                     000000018002bb3a f   MSVCRT:MSVCR120.dll
 0001:0002ab40       __GSHandlerCheck           000000018002bb40 f   MSVCRT:gshandler.obj
 0001:0002ab60       __GSHandlerCheckCommon     000000018002bb60 f   MSVCRT:gshandler.obj
 0001:0002abe0       __security_check_cookie    000000018002bbe0 f   MSVCRT:amdsecgs.obj
 0001:0002ac00       memset                     000000018002bc00 f   MSVCRT:MSVCR120.dll
 0001:0002ac06       memcpy                     000000018002bc06 f   MSVCRT:MSVCR120.dll
 0001:0002ac0c       strcat                     000000018002bc0c f   MSVCRT:MSVCR120.dll
 0001:0002ac12       strlen                     000000018002bc12 f   MSVCRT:MSVCR120.dll
 0001:0002ac18       sprintf                    000000018002bc18 f   MSVCRT:MSVCR120.dll
 0001:0002ac1e       free                       000000018002bc1e f   MSVCRT:MSVCR120.dll
 0001:0002ac24       malloc                     000000018002bc24 f   MSVCRT:MSVCR120.dll
 0001:0002ac8c       NtCurrentTeb               000000018002bc8c f i MSVCRT:crtdll.obj
 0001:0002ac98       _CRT_INIT                  000000018002bc98 f   MSVCRT:crtdll.obj
 0001:0002aee4       _DllMainCRTStartup         000000018002bee4 f   MSVCRT:crtdll.obj
 0001:0002b05a       __crt_debugger_hook        000000018002c05a f   MSVCRT:MSVCR120.dll
 0001:0002b060       __crtUnhandledException    000000018002c060 f   MSVCRT:MSVCR120.dll
 0001:0002b066       __crtTerminateProcess      000000018002c066 f   MSVCRT:MSVCR120.dll
 0001:0002b06c       __crtCaptureCurrentContext 000000018002c06c f   MSVCRT:MSVCR120.dll
 0001:0002b072       __crtCapturePreviousContext 000000018002c072 f   MSVCRT:MSVCR120.dll
 0001:0002b078       __CppXcptFilter            000000018002c078 f   MSVCRT:MSVCR120.dll
 0001:0002b07e       _amsg_exit                 000000018002c07e f   MSVCRT:MSVCR120.dll
 0001:0002b090       _FindPESection             000000018002c090 f   MSVCRT:pesect.obj
 0001:0002b0e0       _IsNonwritableInCurrentImage 000000018002c0e0 f   MSVCRT:pesect.obj
 0001:0002b130       _ValidateImageBase         000000018002c130 f   MSVCRT:pesect.obj
 0001:0002b160       __atonexitinit             000000018002c160 f   MSVCRT:atonexit.obj
 0001:0002b1b0       _onexit                    000000018002c1b0 f   MSVCRT:atonexit.obj
 0001:0002b260       atexit                     000000018002c260 f   MSVCRT:atonexit.obj
 0001:0002b278       __security_init_cookie     000000018002c278 f   MSVCRT:gs_support.obj
 0001:0002b324       DllMain                    000000018002c324 f   MSVCRT:dllmain.obj
 0001:0002b348       _malloc_crt                000000018002c348 f   MSVCRT:MSVCR120.dll
 0001:0002b350       _RTC_Initialize            000000018002c350 f   MSVCRT:initsect.obj
 0001:0002b388       _RTC_Terminate             000000018002c388 f   MSVCRT:initsect.obj
 0001:0002b3c0       _initterm                  000000018002c3c0 f   MSVCRT:MSVCR120.dll
 0001:0002b3c6       _initterm_e                000000018002c3c6 f   MSVCRT:MSVCR120.dll
 0001:0002b3cc       __clean_type_info_names    000000018002c3cc f   MSVCRT:tncleanup.obj
 0001:0002b3d8       __C_specific_handler       000000018002c3d8 f   MSVCRT:MSVCR120.dll
 0001:0002b3de       _lock                      000000018002c3de f   MSVCRT:MSVCR120.dll
 0001:0002b3e4       _unlock                    000000018002c3e4 f   MSVCRT:MSVCR120.dll
 0001:0002b3ea       _calloc_crt                000000018002c3ea f   MSVCRT:MSVCR120.dll
 0001:0002b3f0       __dllonexit                000000018002c3f0 f   MSVCRT:MSVCR120.dll
 0001:0002b3f6       __clean_type_info_names_internal 000000018002c3f6 f   MSVCRT:MSVCR120.dll
 0001:0002b3fc       IsDebuggerPresent          000000018002c3fc f   kernel32:KERNEL32.dll
 0001:0002b402       IsProcessorFeaturePresent  000000018002c402 f   kernel32:KERNEL32.dll
 0001:0002b408       EncodePointer              000000018002c408 f   kernel32:KERNEL32.dll
 0001:0002b40e       DecodePointer              000000018002c40e f   kernel32:KERNEL32.dll
 0001:0002b414       QueryPerformanceCounter    000000018002c414 f   kernel32:KERNEL32.dll
 0001:0002b41a       GetCurrentProcessId        000000018002c41a f   kernel32:KERNEL32.dll
 0001:0002b420       GetCurrentThreadId         000000018002c420 f   kernel32:KERNEL32.dll
 0001:0002b426       GetSystemTimeAsFileTime    000000018002c426 f   kernel32:KERNEL32.dll
 0001:0002b42c       DisableThreadLibraryCalls  000000018002c42c f   kernel32:KERNEL32.dll
 0002:00000000       __imp_DisableThreadLibraryCalls 000000018002d000     kernel32:KERNEL32.dll
 0002:00000008       __imp_GetSystemTimeAsFileTime 000000018002d008     kernel32:KERNEL32.dll
 0002:00000010       __imp_GetCurrentThreadId   000000018002d010     kernel32:KERNEL32.dll
 0002:00000018       __imp_GetCurrentProcessId  000000018002d018     kernel32:KERNEL32.dll
 0002:00000020       __imp_QueryPerformanceCounter 000000018002d020     kernel32:KERNEL32.dll
 0002:00000028       __imp_DecodePointer        000000018002d028     kernel32:KERNEL32.dll
 0002:00000030       __imp_EncodePointer        000000018002d030     kernel32:KERNEL32.dll
 0002:00000038       __imp_IsProcessorFeaturePresent 000000018002d038     kernel32:KERNEL32.dll
 0002:00000040       __imp_IsDebuggerPresent    000000018002d040     kernel32:KERNEL32.dll
 0002:00000048       \177KERNEL32_NULL_THUNK_DATA 000000018002d048     kernel32:KERNEL32.dll
 0002:00000050       __imp___clean_type_info_names_internal 000000018002d050     MSVCRT:MSVCR120.dll
 0002:00000058       __imp__onexit              000000018002d058     MSVCRT:MSVCR120.dll
 0002:00000060       __imp___dllonexit          000000018002d060     MSVCRT:MSVCR120.dll
 0002:00000068       __imp__calloc_crt          000000018002d068     MSVCRT:MSVCR120.dll
 0002:00000070       __imp__unlock              000000018002d070     MSVCRT:MSVCR120.dll
 0002:00000078       __imp__lock                000000018002d078     MSVCRT:MSVCR120.dll
 0002:00000080       __imp___C_specific_handler 000000018002d080     MSVCRT:MSVCR120.dll
 0002:00000088       __imp__initterm_e          000000018002d088     MSVCRT:MSVCR120.dll
 0002:00000090       __imp__initterm            000000018002d090     MSVCRT:MSVCR120.dll
 0002:00000098       __imp__malloc_crt          000000018002d098     MSVCRT:MSVCR120.dll
 0002:000000a0       __imp__amsg_exit           000000018002d0a0     MSVCRT:MSVCR120.dll
 0002:000000a8       __imp___CppXcptFilter      000000018002d0a8     MSVCRT:MSVCR120.dll
 0002:000000b0       __imp___crtCapturePreviousContext 000000018002d0b0     MSVCRT:MSVCR120.dll
 0002:000000b8       __imp___crtCaptureCurrentContext 000000018002d0b8     MSVCRT:MSVCR120.dll
 0002:000000c0       __imp___crtTerminateProcess 000000018002d0c0     MSVCRT:MSVCR120.dll
 0002:000000c8       __imp___crtUnhandledException 000000018002d0c8     MSVCRT:MSVCR120.dll
 0002:000000d0       __imp___crt_debugger_hook  000000018002d0d0     MSVCRT:MSVCR120.dll
 0002:000000d8       __imp_malloc               000000018002d0d8     MSVCRT:MSVCR120.dll
 0002:000000e0       __imp_free                 000000018002d0e0     MSVCRT:MSVCR120.dll
 0002:000000e8       __imp_sprintf              000000018002d0e8     MSVCRT:MSVCR120.dll
 0002:000000f0       __imp_strlen               000000018002d0f0     MSVCRT:MSVCR120.dll
 0002:000000f8       __imp_strcat               000000018002d0f8     MSVCRT:MSVCR120.dll
 0002:00000100       __imp_memcpy               000000018002d100     MSVCRT:MSVCR120.dll
 0002:00000108       __imp_memset               000000018002d108     MSVCRT:MSVCR120.dll
 0002:00000110       __imp_strcmp               000000018002d110     MSVCRT:MSVCR120.dll
 0002:00000118       \177MSVCR120_NULL_THUNK_DATA 000000018002d118     MSVCRT:MSVCR120.dll
 0002:00000120       __imp_mexIsLocked          000000018002d120     libmex:libmex.dll
 0002:00000128       __imp_mexErrMsgTxt         000000018002d128     libmex:libmex.dll
 0002:00000130       __imp_mexWarnMsgTxt        000000018002d130     libmex:libmex.dll
 0002:00000138       __imp_mexCallMATLABWithObject 000000018002d138     libmex:libmex.dll
 0002:00000140       __imp_mexLock              000000018002d140     libmex:libmex.dll
 0002:00000148       __imp_mexUnlock            000000018002d148     libmex:libmex.dll
 0002:00000150       __imp_mexMakeArrayPersistent 000000018002d150     libmex:libmex.dll
 0002:00000158       \177libmex_NULL_THUNK_DATA 000000018002d158     libmex:libmex.dll
 0002:00000160       __imp_muDoubleScalarLog10  000000018002d160     libmwmathutil:libmwmathutil.dll
 0002:00000168       __imp_muDoubleScalarPower  000000018002d168     libmwmathutil:libmwmathutil.dll
 0002:00000170       __imp_muDoubleScalarSqrt   000000018002d170     libmwmathutil:libmwmathutil.dll
 0002:00000178       __imp_muDoubleScalarIsNaN  000000018002d178     libmwmathutil:libmwmathutil.dll
 0002:00000180       __imp_muDoubleScalarFloor  000000018002d180     libmwmathutil:libmwmathutil.dll
 0002:00000188       \177libmwmathutil_NULL_THUNK_DATA 000000018002d188     libmwmathutil:libmwmathutil.dll
 0002:00000190       __imp_mxGetN               000000018002d190     libmx:libmx.dll
 0002:00000198       __imp_mxIsComplex          000000018002d198     libmx:libmx.dll
 0002:000001a0       __imp_mxIsNumeric          000000018002d1a0     libmx:libmx.dll
 0002:000001a8       __imp_mxGetClassID         000000018002d1a8     libmx:libmx.dll
 0002:000001b0       __imp_mxGetM               000000018002d1b0     libmx:libmx.dll
 0002:000001b8       __imp_mxCalloc             000000018002d1b8     libmx:libmx.dll
 0002:000001c0       __imp_mxCreateStructArray_730 000000018002d1c0     libmx:libmx.dll
 0002:000001c8       __imp_mxCreateStructMatrix_730 000000018002d1c8     libmx:libmx.dll
 0002:000001d0       __imp_mxCreateCellArray_730 000000018002d1d0     libmx:libmx.dll
 0002:000001d8       __imp_mxCreateCellMatrix_730 000000018002d1d8     libmx:libmx.dll
 0002:000001e0       __imp_mxCreateString       000000018002d1e0     libmx:libmx.dll
 0002:000001e8       __imp_mxCreateDoubleScalar 000000018002d1e8     libmx:libmx.dll
 0002:000001f0       __imp_mxSetField_730       000000018002d1f0     libmx:libmx.dll
 0002:000001f8       __imp_mxDuplicateArray     000000018002d1f8     libmx:libmx.dll
 0002:00000200       __imp_mxGetString_730      000000018002d200     libmx:libmx.dll
 0002:00000208       __imp_mxCreateLogicalScalar 000000018002d208     libmx:libmx.dll
 0002:00000210       __imp_mxCreateDoubleMatrix_730 000000018002d210     libmx:libmx.dll
 0002:00000218       __imp_mxIsChar             000000018002d218     libmx:libmx.dll
 0002:00000220       __imp_mxGetPr              000000018002d220     libmx:libmx.dll
 0002:00000228       __imp_mxGetScalar          000000018002d228     libmx:libmx.dll
 0002:00000230       __imp_mxDestroyArray       000000018002d230     libmx:libmx.dll
 0002:00000238       \177libmx_NULL_THUNK_DATA  000000018002d238     libmx:libmx.dll
 0002:00000240       __imp_utMalloc             000000018002d240     libut:libut.dll
 0002:00000248       __imp_utFree               000000018002d248     libut:libut.dll
 0002:00000250       \177libut_NULL_THUNK_DATA  000000018002d250     libut:libut.dll
 0002:00000258       __imp_sf_debug_create_debug_instance_struct 000000018002d258     sf_runtime:sf_runtime.dll
 0002:00000260       __imp_sf_clear_error_manager_info 000000018002d260     sf_runtime:sf_runtime.dll
 0002:00000268       __imp_sf_mex_error_direct_call 000000018002d268     sf_runtime:sf_runtime.dll
 0002:00000270       __imp_call_sf_machine_global_method_dispatcher 000000018002d270     sf_runtime:sf_runtime.dll
 0002:00000278       __imp_callMdlMethodAndReportError 000000018002d278     sf_runtime:sf_runtime.dll
 0002:00000280       __imp_sf_set_compiledInfo  000000018002d280     sf_runtime:sf_runtime.dll
 0002:00000288       __imp_sf_get_isEnhancedMooreMachine 000000018002d288     sf_runtime:sf_runtime.dll
 0002:00000290       __imp_sf_get_ChartInfoStruct_CodeGen 000000018002d290     sf_runtime:sf_runtime.dll
 0002:00000298       __imp_sf_debug_cv_init_state 000000018002d298     sf_runtime:sf_runtime.dll
 0002:000002a0       __imp_sf_debug_cv_init_chart 000000018002d2a0     sf_runtime:sf_runtime.dll
 0002:000002a8       __imp_sf_debug_cv_init_trans 000000018002d2a8     sf_runtime:sf_runtime.dll
 0002:000002b0       __imp_sf_debug_terminate   000000018002d2b0     sf_runtime:sf_runtime.dll
 0002:000002b8       __imp_sf_debug_set_chart_substate_count 000000018002d2b8     sf_runtime:sf_runtime.dll
 0002:000002c0       __imp_sf_debug_set_chart_decomposition 000000018002d2c0     sf_runtime:sf_runtime.dll
 0002:000002c8       __imp_sf_debug_set_chart_state_info 000000018002d2c8     sf_runtime:sf_runtime.dll
 0002:000002d0       __imp_sf_debug_set_chart_event_thresholds 000000018002d2d0     sf_runtime:sf_runtime.dll
 0002:000002d8       __imp_sf_debug_set_chart_disable_implicit_casting 000000018002d2d8     sf_runtime:sf_runtime.dll
 0002:000002e0       __imp_sf_debug_set_instance_data_value_ptr 000000018002d2e0     sf_runtime:sf_runtime.dll
 0002:000002e8       __imp_sf_debug_symbol_scope_add_eml_importable 000000018002d2e8     sf_runtime:sf_runtime.dll
 0002:000002f0       __imp_sf_debug_symbol_scope_add_eml 000000018002d2f0     sf_runtime:sf_runtime.dll
 0002:000002f8       __imp_sf_debug_symbol_scope_pop 000000018002d2f8     sf_runtime:sf_runtime.dll
 0002:00000300       __imp_sf_debug_symbol_scope_push_eml 000000018002d300     sf_runtime:sf_runtime.dll
 0002:00000308       __imp_sf_debug_symbol_scope_push 000000018002d308     sf_runtime:sf_runtime.dll
 0002:00000310       __imp_sf_debug_api         000000018002d310     sf_runtime:sf_runtime.dll
 0002:00000318       __imp_sf_debug_data_range_wrapper 000000018002d318     sf_runtime:sf_runtime.dll
 0002:00000320       __imp_sf_debug_set_chart_data_compiled_props 000000018002d320     sf_runtime:sf_runtime.dll
 0002:00000328       __imp_sf_debug_set_chart_data_props 000000018002d328     sf_runtime:sf_runtime.dll
 0002:00000330       __imp_sf_debug_check_for_state_inconsistency 000000018002d330     sf_runtime:sf_runtime.dll
 0002:00000338       __imp_sf_debug_reset_current_state_configuration 000000018002d338     sf_runtime:sf_runtime.dll
 0002:00000340       __imp_cv_eml_init_fcn      000000018002d340     sf_runtime:sf_runtime.dll
 0002:00000348       __imp_cv_eml_init_script   000000018002d348     sf_runtime:sf_runtime.dll
 0002:00000350       __imp_cv_eml_eval          000000018002d350     sf_runtime:sf_runtime.dll
 0002:00000358       __imp_eml_debug_line_call  000000018002d358     sf_runtime:sf_runtime.dll
 0002:00000360       __imp_sf_debug_call        000000018002d360     sf_runtime:sf_runtime.dll
 0002:00000368       __imp_sf_debug_initialize_chart 000000018002d368     sf_runtime:sf_runtime.dll
 0002:00000370       __imp_ssGetOutputPortSignal_wrapper 000000018002d370     sf_runtime:sf_runtime.dll
 0002:00000378       __imp_ssGetInputPortSignal_wrapper 000000018002d378     sf_runtime:sf_runtime.dll
 0002:00000380       __imp_sf_mex_decode_encoded_mx_struct_array 000000018002d380     sf_runtime:sf_runtime.dll
 0002:00000388       __imp_sf_mex_import        000000018002d388     sf_runtime:sf_runtime.dll
 0002:00000390       __imp_sf_mex_destroy       000000018002d390     sf_runtime:sf_runtime.dll
 0002:00000398       __imp_sf_mex_dup           000000018002d398     sf_runtime:sf_runtime.dll
 0002:000003a0       __imp_sf_mex_assign        000000018002d3a0     sf_runtime:sf_runtime.dll
 0002:000003a8       __imp_sf_mex_getcell       000000018002d3a8     sf_runtime:sf_runtime.dll
 0002:000003b0       __imp_sf_mex_setcell       000000018002d3b0     sf_runtime:sf_runtime.dll
 0002:000003b8       __imp_sf_mex_createcellmatrix 000000018002d3b8     sf_runtime:sf_runtime.dll
 0002:000003c0       __imp_sf_mex_create        000000018002d3c0     sf_runtime:sf_runtime.dll
 0002:000003c8       __imp_sf_mex_error_message 000000018002d3c8     sf_runtime:sf_runtime.dll
 0002:000003d0       __imp_sf_mex_call_debug    000000018002d3d0     sf_runtime:sf_runtime.dll
 0002:000003d8       __imp_sf_set_chart_accesses_machine_info 000000018002d3d8     sf_runtime:sf_runtime.dll
 0002:000003e0       __imp_sf_is_first_init_cond 000000018002d3e0     sf_runtime:sf_runtime.dll
 0002:000003e8       __imp_sf_get_time          000000018002d3e8     sf_runtime:sf_runtime.dll
 0002:000003f0       __imp_sf_set_rtw_dwork_info 000000018002d3f0     sf_runtime:sf_runtime.dll
 0002:000003f8       __imp_sf_clear_rtw_identifier 000000018002d3f8     sf_runtime:sf_runtime.dll
 0002:00000400       __imp_sim_mode_is_external 000000018002d400     sf_runtime:sf_runtime.dll
 0002:00000408       __imp_sim_mode_is_rtw_gen  000000018002d408     sf_runtime:sf_runtime.dll
 0002:00000410       __imp_sf_mark_chart_expressionable_inputs 000000018002d410     sf_runtime:sf_runtime.dll
 0002:00000418       __imp_sf_mark_chart_reusable_outputs 000000018002d418     sf_runtime:sf_runtime.dll
 0002:00000420       __imp_sf_is_chart_inlinable 000000018002d420     sf_runtime:sf_runtime.dll
 0002:00000428       __imp_sf_update_buildInfo  000000018002d428     sf_runtime:sf_runtime.dll
 0002:00000430       __imp_sf_rtw_info_uint_prop 000000018002d430     sf_runtime:sf_runtime.dll
 0002:00000438       __imp_sf_get_chart_instance_ptr 000000018002d438     sf_runtime:sf_runtime.dll
 0002:00000440       __imp_sf_free_ChartRunTimeInfo 000000018002d440     sf_runtime:sf_runtime.dll
 0002:00000448       __imp_sf_init_ChartRunTimeInfo 000000018002d448     sf_runtime:sf_runtime.dll
 0002:00000450       __imp_sf_debug_set_machine_data_thresholds 000000018002d450     sf_runtime:sf_runtime.dll
 0002:00000458       __imp_sf_debug_set_machine_event_thresholds 000000018002d458     sf_runtime:sf_runtime.dll
 0002:00000460       __imp_sf_debug_initialize_machine 000000018002d460     sf_runtime:sf_runtime.dll
 0002:00000468       __imp_sf_load_rtw_optimization_info 000000018002d468     sf_runtime:sf_runtime.dll
 0002:00000470       \177sf_runtime_NULL_THUNK_DATA 000000018002d470     sf_runtime:sf_runtime.dll
 0002:00000478       __xc_a                     000000018002d478     MSVCRT:cinitexe.obj
 0002:00000480       __xc_z                     000000018002d480     MSVCRT:cinitexe.obj
 0002:00000488       __xi_a                     000000018002d488     MSVCRT:cinitexe.obj
 0002:000004a0       __xi_z                     000000018002d4a0     MSVCRT:cinitexe.obj
 0002:000004b0       __real@41cbbee9b5000000    000000018002d4b0     MASs_sfun.obj
 0002:000004b8       __real@41d0f27f3a400000    000000018002d4b8     MASs_sfun.obj
 0002:000004c0       __real@41d51a379d000000    000000018002d4c0     MASs_sfun.obj
 0002:000004c8       __real@41d9a0a477800000    000000018002d4c8     MASs_sfun.obj
 0002:000004d0       __real@41db71f187c00000    000000018002d4d0     MASs_sfun.obj
 0002:000004d8       __real@41e0999a1b800000    000000018002d4d8     MASs_sfun.obj
 0002:000004e0       __real@41e6787ce6600000    000000018002d4e0     MASs_sfun.obj
 0002:000004e8       __real@41e6fb8be6400000    000000018002d4e8     MASs_sfun.obj
 0002:000004f0       __real@41e954acc5a00000    000000018002d4f0     MASs_sfun.obj
 0002:000004f8       __real@41ebbfa3aba00000    000000018002d4f8     MASs_sfun.obj
 0002:00000500       __real@41ecabae85600000    000000018002d500     MASs_sfun.obj
 0002:00000508       __real@41ee2725ed000000    000000018002d508     MASs_sfun.obj
 0002:00000510       __real@3eb2184b4561aab3    000000018002d510     c9_MASs.obj
 0002:00000518       __real@3f23a92a30553261    000000018002d518     c9_MASs.obj
 0002:00000520       __real@3fb3333333333333    000000018002d520     c9_MASs.obj
 0002:00000528       __real@3fd147ae147ae148    000000018002d528     c9_MASs.obj
 0002:00000530       __real@3fd5555555555555    000000018002d530     c9_MASs.obj
 0002:00000538       __real@3fe0000000000000    000000018002d538     c9_MASs.obj
 0002:00000540       __real@3fe147ae147ae148    000000018002d540     c9_MASs.obj
 0002:00000548       __real@3fe47ae147ae147b    000000018002d548     c9_MASs.obj
 0002:00000550       __real@3fe570a3d70a3d71    000000018002d550     c9_MASs.obj
 0002:00000558       __real@3fe63d70a3d70a3e    000000018002d558     c9_MASs.obj
 0002:00000560       __real@3fe70a3d70a3d70a    000000018002d560     c9_MASs.obj
 0002:00000568       __real@3fe921fb54442d18    000000018002d568     c9_MASs.obj
 0002:00000570       __real@3ff0000000000000    000000018002d570     c9_MASs.obj
 0002:00000578       __real@3ff6666666666666    000000018002d578     c9_MASs.obj
 0002:00000580       __real@3ff921fb54442d18    000000018002d580     c9_MASs.obj
 0002:00000588       __real@4000000000000000    000000018002d588     c9_MASs.obj
 0002:00000590       __real@4008000000000000    000000018002d590     c9_MASs.obj
 0002:00000598       __real@40091eb851eb851f    000000018002d598     c9_MASs.obj
 0002:000005a0       __real@4020000000000000    000000018002d5a0     c9_MASs.obj
 0002:000005a8       __real@4024000000000000    000000018002d5a8     c9_MASs.obj
 0002:000005b0       __real@405a400000000000    000000018002d5b0     c9_MASs.obj
 0002:000005b8       __real@408f400000000000    000000018002d5b8     c9_MASs.obj
 0002:000005c0       __real@4090040000000000    000000018002d5c0     c9_MASs.obj
 0002:000005c8       __real@419459ebd4000000    000000018002d5c8     c9_MASs.obj
 0002:000005d0       __real@41cdc77529000000    000000018002d5d0     c9_MASs.obj
 0002:000005d8       __real@41d5bfa2dfc00000    000000018002d5d8     c9_MASs.obj
 0002:000005e0       __real@41eb0e6a90a00000    000000018002d5e0     c9_MASs.obj
 0002:000005e8       __real@bf9619c8bf8a211e    000000018002d5e8     c9_MASs.obj
 0002:000005f0       __real@bfa8addbe6f3d82f    000000018002d5f0     c9_MASs.obj
 0002:000005f8       __real@bfa9999999999990    000000018002d5f8     c9_MASs.obj
 0002:00000600       __real@bfad77b654b82c28    000000018002d600     c9_MASs.obj
 0002:00000608       __real@bfb26ad1f4f31b99    000000018002d608     c9_MASs.obj
 0002:00000610       __real@bfe0000000000000    000000018002d610     c9_MASs.obj
 0002:00000618       __real@c008000000000000    000000018002d618     c9_MASs.obj
 0002:00000620       __xmm@80000000000000008000000000000000 000000018002d620     c9_MASs.obj
 0002:00000630       DYNAMIC_DIMENSION_DEF      000000018002d630     MASs_sfun_registry.obj
 0002:00000650       _ssBadLevel2InputAccessMsg 000000018002d650     MASs_sfun_registry.obj
 0002:000007e0       _ssBadLevel2DirectFeedMsg  000000018002d7e0     MASs_sfun_registry.obj
 0002:00000920       _ssBadLevel2DirectFeedSolutionMsg 000000018002d920     MASs_sfun_registry.obj
 0002:00000990       _ssBadLevel2ZeroDirectFeedMsg 000000018002d990     MASs_sfun_registry.obj
 0002:00000ad0       _ssBadLevel2ZeroDirectFeedMsg2 000000018002dad0     MASs_sfun_registry.obj
 0002:00000bb8       __real@0000000000000000    000000018002dbb8     MASs_sfun_registry.obj
 0002:00000bc0       __real@41602cbca0000000    000000018002dbc0     MASs_sfun_registry.obj
 0002:00000bc8       __real@bff0000000000000    000000018002dbc8     MASs_sfun_registry.obj
 0002:00000be0       _pRawDllMain               000000018002dbe0     MSVCRT:crtdll.obj
 0002:00000be0       _pDefaultRawDllMain        000000018002dbe0     MSVCRT:crtdll.obj
 0002:00000be8       ?ProcessDetach@NativeDll@<CrtImplementationDetails>@@0IB 000000018002dbe8     MSVCRT:initsect.obj
 0002:00000bec       ?ProcessAttach@NativeDll@<CrtImplementationDetails>@@0IB 000000018002dbec     MSVCRT:initsect.obj
 0002:00000bf0       ?ThreadAttach@NativeDll@<CrtImplementationDetails>@@0IB 000000018002dbf0     MSVCRT:initsect.obj
 0002:00000bf4       ?ThreadDetach@NativeDll@<CrtImplementationDetails>@@0IB 000000018002dbf4     MSVCRT:initsect.obj
 0002:00000bf8       ?ProcessVerifier@NativeDll@<CrtImplementationDetails>@@0IB 000000018002dbf8     MSVCRT:initsect.obj
 0002:00000bfc       ?value@?$integral_constant@_N$0A@@std@@2_NB 000000018002dbfc     MSVCRT:tncleanup.obj
 0002:00000bfd       ?value@?$integral_constant@_N$00@std@@2_NB 000000018002dbfd     MSVCRT:tncleanup.obj
 0002:00000c00       _load_config_used          000000018002dc00     MSVCRT:loadcfg.obj
 0002:00000c70       __rtc_iaa                  000000018002dc70     MSVCRT:initsect.obj
 0002:00000c78       __rtc_izz                  000000018002dc78     MSVCRT:initsect.obj
 0002:00000c80       __rtc_taa                  000000018002dc80     MSVCRT:initsect.obj
 0002:00000c88       __rtc_tzz                  000000018002dc88     MSVCRT:initsect.obj
 0002:00001ab0       __IMPORT_DESCRIPTOR_sf_runtime 000000018002eab0     sf_runtime:sf_runtime.dll
 0002:00001ac4       __IMPORT_DESCRIPTOR_libmx  000000018002eac4     libmx:libmx.dll
 0002:00001ad8       __IMPORT_DESCRIPTOR_libmex 000000018002ead8     libmex:libmex.dll
 0002:00001aec       __IMPORT_DESCRIPTOR_libut  000000018002eaec     libut:libut.dll
 0002:00001b00       __IMPORT_DESCRIPTOR_libmwmathutil 000000018002eb00     libmwmathutil:libmwmathutil.dll
 0002:00001b14       __IMPORT_DESCRIPTOR_MSVCR120 000000018002eb14     MSVCRT:MSVCR120.dll
 0002:00001b28       __IMPORT_DESCRIPTOR_KERNEL32 000000018002eb28     kernel32:KERNEL32.dll
 0002:00001b3c       __NULL_IMPORT_DESCRIPTOR   000000018002eb3c     sf_runtime:sf_runtime.dll
 0003:00005008       DYNAMIC_DIMENSION          0000000180035008     MASs_sfun_registry.obj
 0003:00005840       __security_cookie          0000000180035840     MSVCRT:gs_cookie.obj
 0003:00005848       __security_cookie_complement 0000000180035848     MSVCRT:gs_cookie.obj
 0003:00005850       _fltused                   0000000180035850     MSVCRT:dllsupp.obj
 0003:00005854       __native_dllmain_reason    0000000180035854     MSVCRT:natstart.obj
 0003:000058c8       sfGlobalDebugInstanceStruct 00000001800358c8     MASs_sfun_registry.obj
 0003:00005f18       ?__type_info_root_node@@3U__type_info_node@@A 0000000180035f18     MSVCRT:tncleanup.obj
 0003:00005f28       _MASsMachineNumber_        0000000180035f28     <common>
 0003:00005f30       __native_startup_lock      0000000180035f30     <common>
 0003:00005f38       __native_startup_state     0000000180035f38     <common>
 0003:00005f40       __onexitend                0000000180035f40     <common>
 0003:00005f48       __onexitbegin              0000000180035f48     <common>
 0003:00005f50       __dyn_tls_init_callback    0000000180035f50     <common>

 entry point at        0001:0002aee4

 Static symbols

 0000:00000000       .debug$S                   0000000180000000     sf_runtime:sf_runtime.dll
 0000:00000000       .debug$S                   0000000180000000     sf_runtime:sf_runtime.dll
 0000:00000000       .debug$S                   0000000180000000     sf_runtime:sf_runtime.dll
 0000:00000000       .debug$S                   0000000180000000     sf_runtime:sf_runtime.dll
 0000:00000000       .debug$S                   0000000180000000     sf_runtime:sf_runtime.dll
 0000:00000000       .debug$S                   0000000180000000     sf_runtime:sf_runtime.dll
 0000:00000000       .debug$S                   0000000180000000     kernel32:KERNEL32.dll
 0000:00000000       .debug$S                   0000000180000000     kernel32:KERNEL32.dll
 0000:00000000       .debug$S                   0000000180000000     kernel32:KERNEL32.dll
 0000:00000000       .debug$S                   0000000180000000     kernel32:KERNEL32.dll
 0000:00000000       .debug$S                   0000000180000000     kernel32:KERNEL32.dll
 0000:00000000       .debug$S                   0000000180000000     kernel32:KERNEL32.dll
 0000:00000000       .debug$S                   0000000180000000     kernel32:KERNEL32.dll
 0000:00000000       .debug$S                   0000000180000000     kernel32:KERNEL32.dll
 0000:00000000       .debug$S                   0000000180000000     kernel32:KERNEL32.dll
 0000:00000000       .debug$S                   0000000180000000     MSVCRT:MSVCR120.dll
 0000:00000000       .debug$S                   0000000180000000     MSVCRT:MSVCR120.dll
 0000:00000000       .debug$S                   0000000180000000     MSVCRT:MSVCR120.dll
 0000:00000000       .debug$S                   0000000180000000     MSVCRT:MSVCR120.dll
 0000:00000000       .debug$S                   0000000180000000     MSVCRT:MSVCR120.dll
 0000:00000000       .debug$S                   0000000180000000     MSVCRT:MSVCR120.dll
 0000:00000000       .debug$S                   0000000180000000     MSVCRT:MSVCR120.dll
 0000:00000000       .debug$S                   0000000180000000     MSVCRT:MSVCR120.dll
 0000:00000000       .debug$S                   0000000180000000     MSVCRT:MSVCR120.dll
 0000:00000000       .debug$S                   0000000180000000     MSVCRT:MSVCR120.dll
 0000:00000000       .debug$S                   0000000180000000     MSVCRT:MSVCR120.dll
 0000:00000000       .debug$S                   0000000180000000     MSVCRT:MSVCR120.dll
 0000:00000000       .debug$S                   0000000180000000     MSVCRT:MSVCR120.dll
 0000:00000000       .debug$S                   0000000180000000     MSVCRT:MSVCR120.dll
 0000:00000000       .debug$S                   0000000180000000     MSVCRT:MSVCR120.dll
 0000:00000000       .debug$S                   0000000180000000     MSVCRT:MSVCR120.dll
 0000:00000000       .debug$S                   0000000180000000     MSVCRT:MSVCR120.dll
 0000:00000000       .debug$S                   0000000180000000     MSVCRT:MSVCR120.dll
 0000:00000000       .debug$S                   0000000180000000     MSVCRT:MSVCR120.dll
 0000:00000000       .debug$S                   0000000180000000     MSVCRT:MSVCR120.dll
 0000:00000000       .debug$S                   0000000180000000     MSVCRT:MSVCR120.dll
 0000:00000000       .debug$S                   0000000180000000     MSVCRT:MSVCR120.dll
 0000:00000000       .debug$S                   0000000180000000     MSVCRT:MSVCR120.dll
 0000:00000000       .debug$S                   0000000180000000     MSVCRT:MSVCR120.dll
 0000:00000000       .debug$S                   0000000180000000     MSVCRT:MSVCR120.dll
 0000:00000000       .debug$S                   0000000180000000     sf_runtime:sf_runtime.dll
 0000:00000000       .debug$S                   0000000180000000     sf_runtime:sf_runtime.dll
 0000:00000000       .debug$S                   0000000180000000     sf_runtime:sf_runtime.dll
 0000:00000000       .debug$S                   0000000180000000     sf_runtime:sf_runtime.dll
 0000:00000000       .debug$S                   0000000180000000     sf_runtime:sf_runtime.dll
 0000:00000000       .debug$S                   0000000180000000     sf_runtime:sf_runtime.dll
 0000:00000000       .debug$S                   0000000180000000     sf_runtime:sf_runtime.dll
 0000:00000000       .debug$S                   0000000180000000     sf_runtime:sf_runtime.dll
 0000:00000000       .debug$S                   0000000180000000     sf_runtime:sf_runtime.dll
 0000:00000000       .debug$S                   0000000180000000     sf_runtime:sf_runtime.dll
 0000:00000000       .debug$S                   0000000180000000     sf_runtime:sf_runtime.dll
 0000:00000000       .debug$S                   0000000180000000     sf_runtime:sf_runtime.dll
 0000:00000000       .debug$S                   0000000180000000     sf_runtime:sf_runtime.dll
 0000:00000000       .debug$S                   0000000180000000     sf_runtime:sf_runtime.dll
 0000:00000000       .debug$S                   0000000180000000     sf_runtime:sf_runtime.dll
 0000:00000000       .debug$S                   0000000180000000     sf_runtime:sf_runtime.dll
 0000:00000000       .debug$S                   0000000180000000     sf_runtime:sf_runtime.dll
 0000:00000000       .debug$S                   0000000180000000     sf_runtime:sf_runtime.dll
 0000:00000000       .debug$S                   0000000180000000     sf_runtime:sf_runtime.dll
 0000:00000000       .debug$S                   0000000180000000     sf_runtime:sf_runtime.dll
 0000:00000000       .debug$S                   0000000180000000     sf_runtime:sf_runtime.dll
 0000:00000000       .debug$S                   0000000180000000     sf_runtime:sf_runtime.dll
 0000:00000000       .debug$S                   0000000180000000     sf_runtime:sf_runtime.dll
 0000:00000000       .debug$S                   0000000180000000     sf_runtime:sf_runtime.dll
 0000:00000000       .debug$S                   0000000180000000     sf_runtime:sf_runtime.dll
 0000:00000000       .debug$S                   0000000180000000     sf_runtime:sf_runtime.dll
 0000:00000000       .debug$S                   0000000180000000     sf_runtime:sf_runtime.dll
 0000:00000000       .debug$S                   0000000180000000     sf_runtime:sf_runtime.dll
 0000:00000000       .debug$S                   0000000180000000     sf_runtime:sf_runtime.dll
 0000:00000000       .debug$S                   0000000180000000     sf_runtime:sf_runtime.dll
 0000:00000000       .debug$S                   0000000180000000     sf_runtime:sf_runtime.dll
 0000:00000000       .debug$S                   0000000180000000     sf_runtime:sf_runtime.dll
 0000:00000000       .debug$S                   0000000180000000     sf_runtime:sf_runtime.dll
 0000:00000000       .debug$S                   0000000180000000     sf_runtime:sf_runtime.dll
 0000:00000000       .debug$S                   0000000180000000     sf_runtime:sf_runtime.dll
 0000:00000000       .debug$S                   0000000180000000     sf_runtime:sf_runtime.dll
 0000:00000000       .debug$S                   0000000180000000     libmwmathutil:libmwmathutil.dll
 0000:00000000       .debug$S                   0000000180000000     libmwmathutil:libmwmathutil.dll
 0000:00000000       .debug$S                   0000000180000000     libmwmathutil:libmwmathutil.dll
 0000:00000000       .debug$S                   0000000180000000     libmwmathutil:libmwmathutil.dll
 0000:00000000       .debug$S                   0000000180000000     libmwmathutil:libmwmathutil.dll
 0000:00000000       .debug$S                   0000000180000000     libmx:libmx.dll
 0000:00000000       .debug$S                   0000000180000000     libut:libut.dll
 0000:00000000       .debug$S                   0000000180000000     libut:libut.dll
 0000:00000000       .debug$S                   0000000180000000     sf_runtime:sf_runtime.dll
 0000:00000000       .debug$S                   0000000180000000     libmex:libmex.dll
 0000:00000000       .debug$S                   0000000180000000     libmex:libmex.dll
 0000:00000000       .debug$S                   0000000180000000     libmex:libmex.dll
 0000:00000000       .debug$S                   0000000180000000     libmex:libmex.dll
 0000:00000000       .debug$S                   0000000180000000     libmex:libmex.dll
 0000:00000000       .debug$S                   0000000180000000     libmex:libmex.dll
 0000:00000000       .debug$S                   0000000180000000     libmex:libmex.dll
 0000:00000000       .debug$S                   0000000180000000     libmx:libmx.dll
 0000:00000000       .debug$S                   0000000180000000     libmx:libmx.dll
 0000:00000000       .debug$S                   0000000180000000     libmx:libmx.dll
 0000:00000000       .debug$S                   0000000180000000     libmx:libmx.dll
 0000:00000000       .debug$S                   0000000180000000     libmx:libmx.dll
 0000:00000000       .debug$S                   0000000180000000     libmx:libmx.dll
 0000:00000000       .debug$S                   0000000180000000     libmx:libmx.dll
 0000:00000000       .debug$S                   0000000180000000     libmx:libmx.dll
 0000:00000000       .debug$S                   0000000180000000     libmx:libmx.dll
 0000:00000000       .debug$S                   0000000180000000     libmx:libmx.dll
 0000:00000000       .debug$S                   0000000180000000     libmx:libmx.dll
 0000:00000000       .debug$S                   0000000180000000     libmx:libmx.dll
 0000:00000000       .debug$S                   0000000180000000     sf_runtime:sf_runtime.dll
 0000:00000000       .debug$S                   0000000180000000     sf_runtime:sf_runtime.dll
 0000:00000000       .debug$S                   0000000180000000     sf_runtime:sf_runtime.dll
 0000:00000000       .debug$S                   0000000180000000     libmx:libmx.dll
 0000:00000000       .debug$S                   0000000180000000     sf_runtime:sf_runtime.dll
 0000:00000000       .debug$S                   0000000180000000     libmx:libmx.dll
 0000:00000000       .debug$S                   0000000180000000     sf_runtime:sf_runtime.dll
 0000:00000000       .debug$S                   0000000180000000     sf_runtime:sf_runtime.dll
 0000:00000000       .debug$S                   0000000180000000     sf_runtime:sf_runtime.dll
 0000:00000000       .debug$S                   0000000180000000     libmx:libmx.dll
 0000:00000000       .debug$S                   0000000180000000     sf_runtime:sf_runtime.dll
 0000:00000000       .debug$S                   0000000180000000     libmx:libmx.dll
 0000:00000000       .debug$S                   0000000180000000     sf_runtime:sf_runtime.dll
 0000:00000000       .debug$S                   0000000180000000     sf_runtime:sf_runtime.dll
 0000:00000000       .debug$S                   0000000180000000     sf_runtime:sf_runtime.dll
 0000:00000000       .debug$S                   0000000180000000     libmx:libmx.dll
 0000:00000000       .debug$S                   0000000180000000     sf_runtime:sf_runtime.dll
 0000:00000000       .debug$S                   0000000180000000     libmx:libmx.dll
 0000:00000000       .debug$S                   0000000180000000     sf_runtime:sf_runtime.dll
 0000:00000000       .debug$S                   0000000180000000     sf_runtime:sf_runtime.dll
 0000:00000000       .debug$S                   0000000180000000     sf_runtime:sf_runtime.dll
 0000:00000000       .debug$S                   0000000180000000     libmx:libmx.dll
 0000:00000000       .debug$S                   0000000180000000     sf_runtime:sf_runtime.dll
 0000:00000000       .debug$S                   0000000180000000     libmx:libmx.dll
 0000:00000000       .debug$S                   0000000180000000     sf_runtime:sf_runtime.dll
 0000:00000000       .debug$S                   0000000180000000     sf_runtime:sf_runtime.dll
 0000:00000000       .debug$S                   0000000180000000     sf_runtime:sf_runtime.dll
 0000:00000000       .debug$S                   0000000180000000     sf_runtime:sf_runtime.dll
 0000:00000000       .debug$S                   0000000180000000     sf_runtime:sf_runtime.dll
 0000:00000000       .debug$S                   0000000180000000     sf_runtime:sf_runtime.dll
 0000:00000000       .debug$S                   0000000180000000     sf_runtime:sf_runtime.dll
 0000:00000000       .debug$S                   0000000180000000     sf_runtime:sf_runtime.dll
 0001:00001a70       chart_debug_initialization 0000000180002a70 f   c9_MASs.obj
 0001:00002950       chart_debug_initialize_data_addresses 0000000180003950 f   c9_MASs.obj
 0001:00002cf0       initialize_c9_MASs         0000000180003cf0 f   c9_MASs.obj
 0001:00002d60       initialize_params_c9_MASs  0000000180003d60 f   c9_MASs.obj
 0001:00002d70       enable_c9_MASs             0000000180003d70 f   c9_MASs.obj
 0001:00002da0       disable_c9_MASs            0000000180003da0 f   c9_MASs.obj
 0001:00002dd0       c9_update_debugger_state_c9_MASs 0000000180003dd0 f   c9_MASs.obj
 0001:00002de0       get_sim_state_c9_MASs      0000000180003de0 f   c9_MASs.obj
 0001:000030a0       set_sim_state_c9_MASs      00000001800040a0 f   c9_MASs.obj
 0001:00003200       finalize_c9_MASs           0000000180004200 f   c9_MASs.obj
 0001:00003210       sf_gateway_c9_MASs         0000000180004210 f   c9_MASs.obj
 0001:00003900       mdl_start_c9_MASs          0000000180004900 f   c9_MASs.obj
 0001:00003910       c9_chartstep_c9_MASs       0000000180004910 f   c9_MASs.obj
 0001:000055a0       initSimStructsc9_MASs      00000001800065a0 f   c9_MASs.obj
 0001:000055b0       init_script_number_translation 00000001800065b0 f   c9_MASs.obj
 0001:000055d0       c9_sf_marshallOut          00000001800065d0 f   c9_MASs.obj
 0001:00005680       c9_emlrt_marshallIn        0000000180006680 f   c9_MASs.obj
 0001:000056f0       c9_b_emlrt_marshallIn      00000001800066f0 f   c9_MASs.obj
 0001:00005780       c9_sf_marshallIn           0000000180006780 f   c9_MASs.obj
 0001:00005830       c9_mpower                  0000000180006830 f   c9_MASs.obj
 0001:000058c0       c9_fltpower_domain_error   00000001800068c0 f   c9_MASs.obj
 0001:000059d0       c9_error                   00000001800069d0 f   c9_MASs.obj
 0001:00005ab0       c9_b_mpower                0000000180006ab0 f   c9_MASs.obj
 0001:00005ba0       c9_b_error                 0000000180006ba0 f   c9_MASs.obj
 0001:00005cf0       c9_c_mpower                0000000180006cf0 f   c9_MASs.obj
 0001:00005de0       c9_d_mpower                0000000180006de0 f   c9_MASs.obj
 0001:00005e80       c9_c_error                 0000000180006e80 f   c9_MASs.obj
 0001:00005fd0       c9_e_mpower                0000000180006fd0 f   c9_MASs.obj
 0001:00006070       c9_d_emlrt_marshallIn      0000000180007070 f   c9_MASs.obj
 0001:000060e0       c9_e_emlrt_marshallIn      00000001800070e0 f   c9_MASs.obj
 0001:00006170       c9_b_log10                 0000000180007170 f   c9_MASs.obj
 0001:00006200       init_dsm_address_info      0000000180007200 f   c9_MASs.obj
 0001:00006210       init_simulink_io_address   0000000180007210 f   c9_MASs.obj
 0001:000075d0       sf_get_sim_state_info_c9_MASs 00000001800085d0 f   c9_MASs.obj
 0001:000076a0       sf_get_instance_specialization 00000001800086a0 f   c9_MASs.obj
 0001:000076b0       sf_opaque_initialize_c9_MASs 00000001800086b0 f   c9_MASs.obj
 0001:000076f0       sf_opaque_enable_c9_MASs   00000001800086f0 f   c9_MASs.obj
 0001:00007710       sf_opaque_disable_c9_MASs  0000000180008710 f   c9_MASs.obj
 0001:00007730       sf_opaque_gateway_c9_MASs  0000000180008730 f   c9_MASs.obj
 0001:00007750       sf_opaque_get_sim_state_c9_MASs 0000000180008750 f   c9_MASs.obj
 0001:00007780       sf_opaque_set_sim_state_c9_MASs 0000000180008780 f   c9_MASs.obj
 0001:000077b0       sf_opaque_terminate_c9_MASs 00000001800087b0 f   c9_MASs.obj
 0001:00007850       mdlProcessParameters_c9_MASs 0000000180008850 f   c9_MASs.obj
 0001:00007910       mdlSetWorkWidths_c9_MASs   0000000180008910 f   c9_MASs.obj
 0001:00008080       mdlRTW_c9_MASs             0000000180009080 f   c9_MASs.obj
 0001:000080c0       mdlStart_c9_MASs           00000001800090c0 f   c9_MASs.obj
 0001:000084d0       chart_debug_initialization 00000001800094d0 f   c16_MASs.obj
 0001:000093b0       chart_debug_initialize_data_addresses 000000018000a3b0 f   c16_MASs.obj
 0001:00009750       initialize_c16_MASs        000000018000a750 f   c16_MASs.obj
 0001:000097c0       initialize_params_c16_MASs 000000018000a7c0 f   c16_MASs.obj
 0001:000097d0       enable_c16_MASs            000000018000a7d0 f   c16_MASs.obj
 0001:00009800       disable_c16_MASs           000000018000a800 f   c16_MASs.obj
 0001:00009830       c16_update_debugger_state_c16_MASs 000000018000a830 f   c16_MASs.obj
 0001:00009840       get_sim_state_c16_MASs     000000018000a840 f   c16_MASs.obj
 0001:00009b00       set_sim_state_c16_MASs     000000018000ab00 f   c16_MASs.obj
 0001:00009c60       finalize_c16_MASs          000000018000ac60 f   c16_MASs.obj
 0001:00009c70       sf_gateway_c16_MASs        000000018000ac70 f   c16_MASs.obj
 0001:0000a360       mdl_start_c16_MASs         000000018000b360 f   c16_MASs.obj
 0001:0000a370       c16_chartstep_c16_MASs     000000018000b370 f   c16_MASs.obj
 0001:0000c000       initSimStructsc16_MASs     000000018000d000 f   c16_MASs.obj
 0001:0000c010       init_script_number_translation 000000018000d010 f   c16_MASs.obj
 0001:0000c030       c16_sf_marshallOut         000000018000d030 f   c16_MASs.obj
 0001:0000c0e0       c16_emlrt_marshallIn       000000018000d0e0 f   c16_MASs.obj
 0001:0000c150       c16_b_emlrt_marshallIn     000000018000d150 f   c16_MASs.obj
 0001:0000c1e0       c16_sf_marshallIn          000000018000d1e0 f   c16_MASs.obj
 0001:0000c290       c16_mpower                 000000018000d290 f   c16_MASs.obj
 0001:0000c320       c16_fltpower_domain_error  000000018000d320 f   c16_MASs.obj
 0001:0000c430       c16_error                  000000018000d430 f   c16_MASs.obj
 0001:0000c510       c16_b_mpower               000000018000d510 f   c16_MASs.obj
 0001:0000c600       c16_b_error                000000018000d600 f   c16_MASs.obj
 0001:0000c750       c16_c_mpower               000000018000d750 f   c16_MASs.obj
 0001:0000c840       c16_d_mpower               000000018000d840 f   c16_MASs.obj
 0001:0000c8e0       c16_c_error                000000018000d8e0 f   c16_MASs.obj
 0001:0000ca30       c16_e_mpower               000000018000da30 f   c16_MASs.obj
 0001:0000cad0       c16_d_emlrt_marshallIn     000000018000dad0 f   c16_MASs.obj
 0001:0000cb40       c16_e_emlrt_marshallIn     000000018000db40 f   c16_MASs.obj
 0001:0000cbd0       c16_b_log10                000000018000dbd0 f   c16_MASs.obj
 0001:0000cc60       init_dsm_address_info      000000018000dc60 f   c16_MASs.obj
 0001:0000cc70       init_simulink_io_address   000000018000dc70 f   c16_MASs.obj
 0001:0000e030       sf_get_sim_state_info_c16_MASs 000000018000f030 f   c16_MASs.obj
 0001:0000e100       sf_get_instance_specialization 000000018000f100 f   c16_MASs.obj
 0001:0000e110       sf_opaque_initialize_c16_MASs 000000018000f110 f   c16_MASs.obj
 0001:0000e150       sf_opaque_enable_c16_MASs  000000018000f150 f   c16_MASs.obj
 0001:0000e170       sf_opaque_disable_c16_MASs 000000018000f170 f   c16_MASs.obj
 0001:0000e190       sf_opaque_gateway_c16_MASs 000000018000f190 f   c16_MASs.obj
 0001:0000e1b0       sf_opaque_get_sim_state_c16_MASs 000000018000f1b0 f   c16_MASs.obj
 0001:0000e1e0       sf_opaque_set_sim_state_c16_MASs 000000018000f1e0 f   c16_MASs.obj
 0001:0000e210       sf_opaque_terminate_c16_MASs 000000018000f210 f   c16_MASs.obj
 0001:0000e2b0       mdlProcessParameters_c16_MASs 000000018000f2b0 f   c16_MASs.obj
 0001:0000e370       mdlSetWorkWidths_c16_MASs  000000018000f370 f   c16_MASs.obj
 0001:0000eae0       mdlRTW_c16_MASs            000000018000fae0 f   c16_MASs.obj
 0001:0000eb20       mdlStart_c16_MASs          000000018000fb20 f   c16_MASs.obj
 0001:0000ef30       chart_debug_initialization 000000018000ff30 f   c23_MASs.obj
 0001:0000fe10       chart_debug_initialize_data_addresses 0000000180010e10 f   c23_MASs.obj
 0001:000101b0       initialize_c23_MASs        00000001800111b0 f   c23_MASs.obj
 0001:00010220       initialize_params_c23_MASs 0000000180011220 f   c23_MASs.obj
 0001:00010230       enable_c23_MASs            0000000180011230 f   c23_MASs.obj
 0001:00010260       disable_c23_MASs           0000000180011260 f   c23_MASs.obj
 0001:00010290       c23_update_debugger_state_c23_MASs 0000000180011290 f   c23_MASs.obj
 0001:000102a0       get_sim_state_c23_MASs     00000001800112a0 f   c23_MASs.obj
 0001:00010560       set_sim_state_c23_MASs     0000000180011560 f   c23_MASs.obj
 0001:000106c0       finalize_c23_MASs          00000001800116c0 f   c23_MASs.obj
 0001:000106d0       sf_gateway_c23_MASs        00000001800116d0 f   c23_MASs.obj
 0001:00010dc0       mdl_start_c23_MASs         0000000180011dc0 f   c23_MASs.obj
 0001:00010dd0       c23_chartstep_c23_MASs     0000000180011dd0 f   c23_MASs.obj
 0001:00012a60       initSimStructsc23_MASs     0000000180013a60 f   c23_MASs.obj
 0001:00012a70       init_script_number_translation 0000000180013a70 f   c23_MASs.obj
 0001:00012a90       c23_sf_marshallOut         0000000180013a90 f   c23_MASs.obj
 0001:00012b40       c23_emlrt_marshallIn       0000000180013b40 f   c23_MASs.obj
 0001:00012bb0       c23_b_emlrt_marshallIn     0000000180013bb0 f   c23_MASs.obj
 0001:00012c40       c23_sf_marshallIn          0000000180013c40 f   c23_MASs.obj
 0001:00012cf0       c23_mpower                 0000000180013cf0 f   c23_MASs.obj
 0001:00012d80       c23_fltpower_domain_error  0000000180013d80 f   c23_MASs.obj
 0001:00012e90       c23_error                  0000000180013e90 f   c23_MASs.obj
 0001:00012f70       c23_b_mpower               0000000180013f70 f   c23_MASs.obj
 0001:00013060       c23_b_error                0000000180014060 f   c23_MASs.obj
 0001:000131b0       c23_c_mpower               00000001800141b0 f   c23_MASs.obj
 0001:000132a0       c23_d_mpower               00000001800142a0 f   c23_MASs.obj
 0001:00013340       c23_c_error                0000000180014340 f   c23_MASs.obj
 0001:00013490       c23_e_mpower               0000000180014490 f   c23_MASs.obj
 0001:00013530       c23_d_emlrt_marshallIn     0000000180014530 f   c23_MASs.obj
 0001:000135a0       c23_e_emlrt_marshallIn     00000001800145a0 f   c23_MASs.obj
 0001:00013630       c23_b_log10                0000000180014630 f   c23_MASs.obj
 0001:000136c0       init_dsm_address_info      00000001800146c0 f   c23_MASs.obj
 0001:000136d0       init_simulink_io_address   00000001800146d0 f   c23_MASs.obj
 0001:00014a90       sf_get_sim_state_info_c23_MASs 0000000180015a90 f   c23_MASs.obj
 0001:00014b60       sf_get_instance_specialization 0000000180015b60 f   c23_MASs.obj
 0001:00014b70       sf_opaque_initialize_c23_MASs 0000000180015b70 f   c23_MASs.obj
 0001:00014bb0       sf_opaque_enable_c23_MASs  0000000180015bb0 f   c23_MASs.obj
 0001:00014bd0       sf_opaque_disable_c23_MASs 0000000180015bd0 f   c23_MASs.obj
 0001:00014bf0       sf_opaque_gateway_c23_MASs 0000000180015bf0 f   c23_MASs.obj
 0001:00014c10       sf_opaque_get_sim_state_c23_MASs 0000000180015c10 f   c23_MASs.obj
 0001:00014c40       sf_opaque_set_sim_state_c23_MASs 0000000180015c40 f   c23_MASs.obj
 0001:00014c70       sf_opaque_terminate_c23_MASs 0000000180015c70 f   c23_MASs.obj
 0001:00014d10       mdlProcessParameters_c23_MASs 0000000180015d10 f   c23_MASs.obj
 0001:00014dd0       mdlSetWorkWidths_c23_MASs  0000000180015dd0 f   c23_MASs.obj
 0001:00015540       mdlRTW_c23_MASs            0000000180016540 f   c23_MASs.obj
 0001:00015580       mdlStart_c23_MASs          0000000180016580 f   c23_MASs.obj
 0001:00015990       chart_debug_initialization 0000000180016990 f   c30_MASs.obj
 0001:00016870       chart_debug_initialize_data_addresses 0000000180017870 f   c30_MASs.obj
 0001:00016c10       initialize_c30_MASs        0000000180017c10 f   c30_MASs.obj
 0001:00016c80       initialize_params_c30_MASs 0000000180017c80 f   c30_MASs.obj
 0001:00016c90       enable_c30_MASs            0000000180017c90 f   c30_MASs.obj
 0001:00016cc0       disable_c30_MASs           0000000180017cc0 f   c30_MASs.obj
 0001:00016cf0       c30_update_debugger_state_c30_MASs 0000000180017cf0 f   c30_MASs.obj
 0001:00016d00       get_sim_state_c30_MASs     0000000180017d00 f   c30_MASs.obj
 0001:00016fc0       set_sim_state_c30_MASs     0000000180017fc0 f   c30_MASs.obj
 0001:00017120       finalize_c30_MASs          0000000180018120 f   c30_MASs.obj
 0001:00017130       sf_gateway_c30_MASs        0000000180018130 f   c30_MASs.obj
 0001:00017820       mdl_start_c30_MASs         0000000180018820 f   c30_MASs.obj
 0001:00017830       c30_chartstep_c30_MASs     0000000180018830 f   c30_MASs.obj
 0001:000194c0       initSimStructsc30_MASs     000000018001a4c0 f   c30_MASs.obj
 0001:000194d0       init_script_number_translation 000000018001a4d0 f   c30_MASs.obj
 0001:000194f0       c30_sf_marshallOut         000000018001a4f0 f   c30_MASs.obj
 0001:000195a0       c30_emlrt_marshallIn       000000018001a5a0 f   c30_MASs.obj
 0001:00019610       c30_b_emlrt_marshallIn     000000018001a610 f   c30_MASs.obj
 0001:000196a0       c30_sf_marshallIn          000000018001a6a0 f   c30_MASs.obj
 0001:00019750       c30_mpower                 000000018001a750 f   c30_MASs.obj
 0001:000197e0       c30_fltpower_domain_error  000000018001a7e0 f   c30_MASs.obj
 0001:000198f0       c30_error                  000000018001a8f0 f   c30_MASs.obj
 0001:000199d0       c30_b_mpower               000000018001a9d0 f   c30_MASs.obj
 0001:00019ac0       c30_b_error                000000018001aac0 f   c30_MASs.obj
 0001:00019c10       c30_c_mpower               000000018001ac10 f   c30_MASs.obj
 0001:00019d00       c30_d_mpower               000000018001ad00 f   c30_MASs.obj
 0001:00019da0       c30_c_error                000000018001ada0 f   c30_MASs.obj
 0001:00019ef0       c30_e_mpower               000000018001aef0 f   c30_MASs.obj
 0001:00019f90       c30_d_emlrt_marshallIn     000000018001af90 f   c30_MASs.obj
 0001:0001a000       c30_e_emlrt_marshallIn     000000018001b000 f   c30_MASs.obj
 0001:0001a090       c30_b_log10                000000018001b090 f   c30_MASs.obj
 0001:0001a120       init_dsm_address_info      000000018001b120 f   c30_MASs.obj
 0001:0001a130       init_simulink_io_address   000000018001b130 f   c30_MASs.obj
 0001:0001b4f0       sf_get_sim_state_info_c30_MASs 000000018001c4f0 f   c30_MASs.obj
 0001:0001b5c0       sf_get_instance_specialization 000000018001c5c0 f   c30_MASs.obj
 0001:0001b5d0       sf_opaque_initialize_c30_MASs 000000018001c5d0 f   c30_MASs.obj
 0001:0001b610       sf_opaque_enable_c30_MASs  000000018001c610 f   c30_MASs.obj
 0001:0001b630       sf_opaque_disable_c30_MASs 000000018001c630 f   c30_MASs.obj
 0001:0001b650       sf_opaque_gateway_c30_MASs 000000018001c650 f   c30_MASs.obj
 0001:0001b670       sf_opaque_get_sim_state_c30_MASs 000000018001c670 f   c30_MASs.obj
 0001:0001b6a0       sf_opaque_set_sim_state_c30_MASs 000000018001c6a0 f   c30_MASs.obj
 0001:0001b6d0       sf_opaque_terminate_c30_MASs 000000018001c6d0 f   c30_MASs.obj
 0001:0001b770       mdlProcessParameters_c30_MASs 000000018001c770 f   c30_MASs.obj
 0001:0001b830       mdlSetWorkWidths_c30_MASs  000000018001c830 f   c30_MASs.obj
 0001:0001bfa0       mdlRTW_c30_MASs            000000018001cfa0 f   c30_MASs.obj
 0001:0001bfe0       mdlStart_c30_MASs          000000018001cfe0 f   c30_MASs.obj
 0001:0001c3f0       chart_debug_initialization 000000018001d3f0 f   c37_MASs.obj
 0001:0001d2d0       chart_debug_initialize_data_addresses 000000018001e2d0 f   c37_MASs.obj
 0001:0001d670       initialize_c37_MASs        000000018001e670 f   c37_MASs.obj
 0001:0001d6e0       initialize_params_c37_MASs 000000018001e6e0 f   c37_MASs.obj
 0001:0001d6f0       enable_c37_MASs            000000018001e6f0 f   c37_MASs.obj
 0001:0001d720       disable_c37_MASs           000000018001e720 f   c37_MASs.obj
 0001:0001d750       c37_update_debugger_state_c37_MASs 000000018001e750 f   c37_MASs.obj
 0001:0001d760       get_sim_state_c37_MASs     000000018001e760 f   c37_MASs.obj
 0001:0001da20       set_sim_state_c37_MASs     000000018001ea20 f   c37_MASs.obj
[...]
 0004:000007ec       $pdata$c30_b_mpower        00000001800367ec     c30_MASs.obj
 0004:000007f8       $pdata$c30_b_error         00000001800367f8     c30_MASs.obj
 0004:00000804       $pdata$c30_c_mpower        0000000180036804     c30_MASs.obj
 0004:00000810       $pdata$c30_d_mpower        0000000180036810     c30_MASs.obj
 0004:0000081c       $pdata$c30_c_error         000000018003681c     c30_MASs.obj
 0004:00000828       $pdata$c30_e_mpower        0000000180036828     c30_MASs.obj
 0004:00000834       $pdata$c30_d_emlrt_marshallIn 0000000180036834     c30_MASs.obj
 0004:00000840       $pdata$c30_e_emlrt_marshallIn 0000000180036840     c30_MASs.obj
 0004:0000084c       $pdata$c30_b_log10         000000018003684c     c30_MASs.obj
 0004:00000858       $pdata$init_simulink_io_address 0000000180036858     c30_MASs.obj
 0004:00000864       $pdata$sf_c30_MASs_get_post_codegen_info 0000000180036864     c30_MASs.obj
 0004:00000870       $pdata$sf_c30_MASs_get_autoinheritance_info 0000000180036870     c30_MASs.obj
 0004:0000087c       $pdata$sf_c30_MASs_third_party_uses_info 000000018003687c     c30_MASs.obj
 0004:00000888       $pdata$sf_c30_MASs_jit_fallback_info 0000000180036888     c30_MASs.obj
 0004:00000894       $pdata$sf_c30_MASs_updateBuildInfo_args_info 0000000180036894     c30_MASs.obj
 0004:000008a0       $pdata$sf_get_sim_state_info_c30_MASs 00000001800368a0     c30_MASs.obj
 0004:000008ac       $pdata$sf_opaque_initialize_c30_MASs 00000001800368ac     c30_MASs.obj
 0004:000008b8       $pdata$sf_opaque_enable_c30_MASs 00000001800368b8     c30_MASs.obj
 0004:000008c4       $pdata$sf_opaque_disable_c30_MASs 00000001800368c4     c30_MASs.obj
 0004:000008d0       $pdata$sf_opaque_gateway_c30_MASs 00000001800368d0     c30_MASs.obj
 0004:000008dc       $pdata$sf_opaque_get_sim_state_c30_MASs 00000001800368dc     c30_MASs.obj
 0004:000008e8       $pdata$sf_opaque_set_sim_state_c30_MASs 00000001800368e8     c30_MASs.obj
 0004:000008f4       $pdata$sf_opaque_terminate_c30_MASs 00000001800368f4     c30_MASs.obj
 0004:00000900       $pdata$mdlProcessParameters_c30_MASs 0000000180036900     c30_MASs.obj
 0004:0000090c       $pdata$mdlSetWorkWidths_c30_MASs 000000018003690c     c30_MASs.obj
 0004:00000918       $pdata$mdlRTW_c30_MASs     0000000180036918     c30_MASs.obj
 0004:00000924       $pdata$mdlStart_c30_MASs   0000000180036924     c30_MASs.obj
 0004:00000930       $pdata$sf_c37_MASs_get_eml_resolved_functions_info 0000000180036930     c37_MASs.obj
 0004:0000093c       $pdata$sf_c37_MASs_get_check_sum 000000018003693c     c37_MASs.obj
 0004:00000948       $pdata$c37_MASs_method_dispatcher 0000000180036948     c37_MASs.obj
 0004:00000954       $pdata$chart_debug_initialization 0000000180036954     c37_MASs.obj
 0004:00000960       $pdata$chart_debug_initialize_data_addresses 0000000180036960     c37_MASs.obj
 0004:0000096c       $pdata$initialize_c37_MASs 000000018003696c     c37_MASs.obj
 0004:00000978       $pdata$enable_c37_MASs     0000000180036978     c37_MASs.obj
 0004:00000984       $pdata$disable_c37_MASs    0000000180036984     c37_MASs.obj
 0004:00000990       $pdata$get_sim_state_c37_MASs 0000000180036990     c37_MASs.obj
 0004:0000099c       $pdata$set_sim_state_c37_MASs 000000018003699c     c37_MASs.obj
 0004:000009a8       $pdata$sf_gateway_c37_MASs 00000001800369a8     c37_MASs.obj
 0004:000009b4       $pdata$c37_chartstep_c37_MASs 00000001800369b4     c37_MASs.obj
 0004:000009c0       $pdata$c37_sf_marshallOut  00000001800369c0     c37_MASs.obj
 0004:000009cc       $pdata$c37_emlrt_marshallIn 00000001800369cc     c37_MASs.obj
 0004:000009d8       $pdata$c37_b_emlrt_marshallIn 00000001800369d8     c37_MASs.obj
 0004:000009e4       $pdata$c37_sf_marshallIn   00000001800369e4     c37_MASs.obj
 0004:000009f0       $pdata$c37_mpower          00000001800369f0     c37_MASs.obj
 0004:000009fc       $pdata$c37_fltpower_domain_error 00000001800369fc     c37_MASs.obj
 0004:00000a08       $pdata$c37_error           0000000180036a08     c37_MASs.obj
 0004:00000a14       $pdata$c37_b_mpower        0000000180036a14     c37_MASs.obj
 0004:00000a20       $pdata$c37_b_error         0000000180036a20     c37_MASs.obj
 0004:00000a2c       $pdata$c37_c_mpower        0000000180036a2c     c37_MASs.obj
 0004:00000a38       $pdata$c37_d_mpower        0000000180036a38     c37_MASs.obj
 0004:00000a44       $pdata$c37_c_error         0000000180036a44     c37_MASs.obj
 0004:00000a50       $pdata$c37_e_mpower        0000000180036a50     c37_MASs.obj
 0004:00000a5c       $pdata$c37_d_emlrt_marshallIn 0000000180036a5c     c37_MASs.obj
 0004:00000a68       $pdata$c37_e_emlrt_marshallIn 0000000180036a68     c37_MASs.obj
 0004:00000a74       $pdata$c37_b_log10         0000000180036a74     c37_MASs.obj
 0004:00000a80       $pdata$init_simulink_io_address 0000000180036a80     c37_MASs.obj
 0004:00000a8c       $pdata$sf_c37_MASs_get_post_codegen_info 0000000180036a8c     c37_MASs.obj
 0004:00000a98       $pdata$sf_c37_MASs_get_autoinheritance_info 0000000180036a98     c37_MASs.obj
 0004:00000aa4       $pdata$sf_c37_MASs_third_party_uses_info 0000000180036aa4     c37_MASs.obj
 0004:00000ab0       $pdata$sf_c37_MASs_jit_fallback_info 0000000180036ab0     c37_MASs.obj
 0004:00000abc       $pdata$sf_c37_MASs_updateBuildInfo_args_info 0000000180036abc     c37_MASs.obj
 0004:00000ac8       $pdata$sf_get_sim_state_info_c37_MASs 0000000180036ac8     c37_MASs.obj
 0004:00000ad4       $pdata$sf_opaque_initialize_c37_MASs 0000000180036ad4     c37_MASs.obj
 0004:00000ae0       $pdata$sf_opaque_enable_c37_MASs 0000000180036ae0     c37_MASs.obj
 0004:00000aec       $pdata$sf_opaque_disable_c37_MASs 0000000180036aec     c37_MASs.obj
 0004:00000af8       $pdata$sf_opaque_gateway_c37_MASs 0000000180036af8     c37_MASs.obj
 0004:00000b04       $pdata$sf_opaque_get_sim_state_c37_MASs 0000000180036b04     c37_MASs.obj
 0004:00000b10       $pdata$sf_opaque_set_sim_state_c37_MASs 0000000180036b10     c37_MASs.obj
 0004:00000b1c       $pdata$sf_opaque_terminate_c37_MASs 0000000180036b1c     c37_MASs.obj
 0004:00000b28       $pdata$mdlProcessParameters_c37_MASs 0000000180036b28     c37_MASs.obj
 0004:00000b34       $pdata$mdlSetWorkWidths_c37_MASs 0000000180036b34     c37_MASs.obj
 0004:00000b40       $pdata$mdlRTW_c37_MASs     0000000180036b40     c37_MASs.obj
 0004:00000b4c       $pdata$mdlStart_c37_MASs   0000000180036b4c     c37_MASs.obj
 0004:00000b58       $pdata$mexFunction         0000000180036b58     MASs_sfun_registry.obj
 0004:00000b64       $pdata$_ssSetInputPortDirectFeedThroughFcn 0000000180036b64     MASs_sfun_registry.obj
 0004:00000b70       $pdata$_ssGetInputPortSignalPtrsFcn 0000000180036b70     MASs_sfun_registry.obj
 0004:00000b7c       $pdata$_ssGetInputPortSignalFcn 0000000180036b7c     MASs_sfun_registry.obj
 0004:00000b88       $pdata$_ssSetInputPortReusableFcn 0000000180036b88     MASs_sfun_registry.obj
 0004:00000b94       $pdata$_ssSetOutputPortReusableFcn 0000000180036b94     MASs_sfun_registry.obj
 0004:00000ba0       $pdata$_ssSetSymbolicDimsSupport 0000000180036ba0     MASs_sfun_registry.obj
 0004:00000bac       $pdata$_ssRegisterSymbolicDimsExpr 0000000180036bac     MASs_sfun_registry.obj
 0004:00000bb8       $pdata$_ssRegisterSymbolicDims 0000000180036bb8     MASs_sfun_registry.obj
 0004:00000bc4       $pdata$_ssRegisterSymbolicDimsString 0000000180036bc4     MASs_sfun_registry.obj
 0004:00000bd0       $pdata$_ssRegisterSymbolicDimsIntValue 0000000180036bd0     MASs_sfun_registry.obj
 0004:00000bdc       $pdata$_ssRegisterSymbolicDimsPlus 0000000180036bdc     MASs_sfun_registry.obj
 0004:00000be8       $pdata$_ssRegisterSymbolicDimsMinus 0000000180036be8     MASs_sfun_registry.obj
 0004:00000bf4       $pdata$_ssRegisterSymbolicDimsMultiply 0000000180036bf4     MASs_sfun_registry.obj
 0004:00000c00       $pdata$_ssRegisterSymbolicDimsDivide 0000000180036c00     MASs_sfun_registry.obj
 0004:00000c0c       $pdata$_ssGetNumSymbolicDims 0000000180036c0c     MASs_sfun_registry.obj
 0004:00000c18       $pdata$_ssGetSymbolicDim   0000000180036c18     MASs_sfun_registry.obj
 0004:00000c24       $pdata$_ssSetInputPortSymbolicDimsId 0000000180036c24     MASs_sfun_registry.obj
 0004:00000c30       $pdata$_ssGetCompInputPortSymbolicDimsId 0000000180036c30     MASs_sfun_registry.obj
 0004:00000c3c       $pdata$_ssSetCompInputPortSymbolicDimsId 0000000180036c3c     MASs_sfun_registry.obj
 0004:00000c48       $pdata$_ssSetOutputPortSymbolicDimsId 0000000180036c48     MASs_sfun_registry.obj
 0004:00000c54       $pdata$_ssGetCompOutputPortSymbolicDimsId 0000000180036c54     MASs_sfun_registry.obj
 0004:00000c60       $pdata$_ssSetCompOutputPortSymbolicDimsId 0000000180036c60     MASs_sfun_registry.obj
 0004:00000c6c       $pdata$_ssSetCompDWorkSymbolicDimsId 0000000180036c6c     MASs_sfun_registry.obj
 0004:00000c78       $pdata$ssGetIsZeroCrossControlDisabled 0000000180036c78     MASs_sfun_registry.obj
 0004:00000c84       $pdata$ssSetIsInputPortUsedForContZcSignal 0000000180036c84     MASs_sfun_registry.obj
 0004:00000c90       $pdata$ssSetZcSignalIsZcElementDisc 0000000180036c90     MASs_sfun_registry.obj
 0004:00000c9c       $pdata$ssSetZcSignalName   0000000180036c9c     MASs_sfun_registry.obj
 0004:00000ca8       $pdata$ssSetZcSignalWidth  0000000180036ca8     MASs_sfun_registry.obj
 0004:00000cb4       $pdata$ssSetZcSignalZcEventType 0000000180036cb4     MASs_sfun_registry.obj
 0004:00000cc0       $pdata$ssSetZcSignalType   0000000180036cc0     MASs_sfun_registry.obj
 0004:00000ccc       $pdata$ssSetZcSignalZcTol  0000000180036ccc     MASs_sfun_registry.obj
 0004:00000cd8       $pdata$ssSetZcSignalNeedsEventNotification 0000000180036cd8     MASs_sfun_registry.obj
 0004:00000ce4       $pdata$ssCreateAndAddZcSignalInfo 0000000180036ce4     MASs_sfun_registry.obj
 0004:00000cf0       $pdata$ssCloneAndAddZcSignalInfo 0000000180036cf0     MASs_sfun_registry.obj
 0004:00000cfc       $pdata$ssGetNumZcSignals   0000000180036cfc     MASs_sfun_registry.obj
 0004:00000d08       $pdata$ssGetZcSignalVector 0000000180036d08     MASs_sfun_registry.obj
 0004:00000d14       $pdata$ssGetZcSignalName   0000000180036d14     MASs_sfun_registry.obj
 0004:00000d20       $pdata$ssGetZcSignalWidth  0000000180036d20     MASs_sfun_registry.obj
 0004:00000d2c       $pdata$ssGetZcSignalZcEventType 0000000180036d2c     MASs_sfun_registry.obj
 0004:00000d38       $pdata$ssGetZcSignalZcEvents 0000000180036d38     MASs_sfun_registry.obj
 0004:00000d44       $pdata$ssGetZcSignalType   0000000180036d44     MASs_sfun_registry.obj
 0004:00000d50       $pdata$ssGetZcSignalZcTol  0000000180036d50     MASs_sfun_registry.obj
 0004:00000d5c       $pdata$ssGetZcSignalNeedsEventNotification 0000000180036d5c     MASs_sfun_registry.obj
 0004:00000d68       $pdata$ssGetZcSignalIsZcElementDisc 0000000180036d68     MASs_sfun_registry.obj
 0004:00000d74       $pdata$ssGetIsInputPortElementContinuous 0000000180036d74     MASs_sfun_registry.obj
 0004:00000d80       $pdata$ssGetDTypeIdFromMxArray 0000000180036d80     MASs_sfun_registry.obj
 0004:00000d8c       $pdata$ssWriteRTWStr       0000000180036d8c     MASs_sfun_registry.obj
 0004:00000d98       $pdata$ssWriteRTWNameValuePair 0000000180036d98     MASs_sfun_registry.obj
 0004:00000da4       $pdata$ssWriteRTWParamSettings 0000000180036da4     MASs_sfun_registry.obj
 0004:00000db0       $pdata$ssWriteRTWParameters 0000000180036db0     MASs_sfun_registry.obj
 0004:00000dbc       $pdata$ssWriteRTWWorkVect  0000000180036dbc     MASs_sfun_registry.obj
 0004:00000dc8       $pdata$ssWriteRTWMxVectParam 0000000180036dc8     MASs_sfun_registry.obj
 0004:00000dd4       $pdata$ssWriteRTWMx2dMatParam 0000000180036dd4     MASs_sfun_registry.obj
 0004:00000de0       $pdata$_ssSetInputPortMatrixDimensions 0000000180036de0     MASs_sfun_registry.obj
 0004:00000dec       $pdata$_ssSetOutputPortMatrixDimensions 0000000180036dec     MASs_sfun_registry.obj
 0004:00000df8       $pdata$_ssSetInputPortVectorDimension 0000000180036df8     MASs_sfun_registry.obj
 0004:00000e04       $pdata$_ssSetOutputPortVectorDimension 0000000180036e04     MASs_sfun_registry.obj
 0004:00000e10       $pdata$ssIsRunTimeParamTunable 0000000180036e10     MASs_sfun_registry.obj
 0004:00000e1c       $pdata$ssGetSFuncBlockHandle 0000000180036e1c     MASs_sfun_registry.obj
 0004:00000e28       $pdata$_ssGetCurrentInputPortWidth 0000000180036e28     MASs_sfun_registry.obj
 0004:00000e34       $pdata$_ssGetCurrentOutputPortWidth 0000000180036e34     MASs_sfun_registry.obj
 0004:00000e40       $pdata$_ssGetCallSystemNumFcnCallDestinations 0000000180036e40     MASs_sfun_registry.obj
 0004:00000e4c       $pdata$ssGetParameterTuningCompliance 0000000180036e4c     MASs_sfun_registry.obj
 0004:00000e58       $pdata$ssWarning           0000000180036e58     MASs_sfun_registry.obj
 0004:00000e64       $pdata$_ssGetAbsTol        0000000180036e64     MASs_sfun_registry.obj
 0004:00000e70       $pdata$sf_process_check_sum_call 0000000180036e70     MASs_sfun_registry.obj
 0004:00000e7c       $pdata$sf_process_machine_uses_exported_functions_call 0000000180036e7c     MASs_sfun_registry.obj
 0004:00000e88       $pdata$sf_process_autoinheritance_call 0000000180036e88     MASs_sfun_registry.obj
 0004:00000e94       $pdata$sf_process_get_third_party_uses_info_call 0000000180036e94     MASs_sfun_registry.obj
 0004:00000ea0       $pdata$sf_process_get_jit_fallback_info_call 0000000180036ea0     MASs_sfun_registry.obj
 0004:00000eac       $pdata$sf_process_get_updateBuildInfo_args_info_call 0000000180036eac     MASs_sfun_registry.obj
 0004:00000eb8       $pdata$sf_process_get_eml_resolved_functions_info_call 0000000180036eb8     MASs_sfun_registry.obj
 0004:00000ec4       $pdata$sf_process_get_post_codegen_info 0000000180036ec4     MASs_sfun_registry.obj
 0004:00000ed0       $pdata$sf_mex_unlock_call  0000000180036ed0     MASs_sfun_registry.obj
 0004:00000edc       $pdata$sf_debug_api_wrapper 0000000180036edc     MASs_sfun_registry.obj
 0004:00000ee8       $pdata$ProcessMexSfunctionCmdLineCall 0000000180036ee8     MASs_sfun_registry.obj
 0004:00000ef4       $pdata$sf_machine_global_initializer_called 0000000180036ef4     MASs_sfun_registry.obj
 0004:00000f00       $pdata$sf_machine_global_method_dispatcher 0000000180036f00     MASs_sfun_registry.obj
 0004:00000f0c       $pdata$sf_machine_global_terminator 0000000180036f0c     MASs_sfun_registry.obj
 0004:00000f18       $pdata$sf_register_machine_exported_symbols 0000000180036f18     MASs_sfun_registry.obj
 0004:00000f24       $pdata$sf_machine_global_initializer 0000000180036f24     MASs_sfun_registry.obj
 0004:00000f30       $pdata$mdlGetSimState      0000000180036f30     MASs_sfun_registry.obj
 0004:00000f3c       $pdata$mdlSetSimState      0000000180036f3c     MASs_sfun_registry.obj
 0004:00000f48       $pdata$mdlSetWorkWidths    0000000180036f48     MASs_sfun_registry.obj
 0004:00000f54       $pdata$mdlProcessParameters 0000000180036f54     MASs_sfun_registry.obj
 0004:00000f60       $pdata$mdl_start_processing 0000000180036f60     MASs_sfun_registry.obj
 0004:00000f6c       $pdata$mdl_terminate_processing 0000000180036f6c     MASs_sfun_registry.obj
 0004:00000f78       $pdata$mdlStart            0000000180036f78     MASs_sfun_registry.obj
 0004:00000f84       $pdata$mdlTerminate        0000000180036f84     MASs_sfun_registry.obj
 0004:00000f90       $pdata$mdlInitializeSizes  0000000180036f90     MASs_sfun_registry.obj
 0004:00000f9c       $pdata$mdlInitializeSampleTimes 0000000180036f9c     MASs_sfun_registry.obj
 0004:00000fa8       $pdata$mdl_outputs_continuous_legacy 0000000180036fa8     MASs_sfun_registry.obj
 0004:00000fb4       $pdata$mdl_outputs_processing 0000000180036fb4     MASs_sfun_registry.obj
 0004:00000fc0       $pdata$mdl_zeroCrossings_processing 0000000180036fc0     MASs_sfun_registry.obj
 0004:00000fcc       $pdata$mdlZeroCrossings    0000000180036fcc     MASs_sfun_registry.obj
 0004:00000fd8       $pdata$mdl_derivatives_processing 0000000180036fd8     MASs_sfun_registry.obj
 0004:00000fe4       $pdata$mdlDerivatives      0000000180036fe4     MASs_sfun_registry.obj
 0004:00000ff0       $pdata$mdl_initialize_conditions_processing 0000000180036ff0     MASs_sfun_registry.obj
 0004:00000ffc       $pdata$mdlInitializeConditions 0000000180036ffc     MASs_sfun_registry.obj
 0004:00001008       $pdata$mdl_ext_mode_exec_processing 0000000180037008     MASs_sfun_registry.obj
 0004:00001014       $pdata$mdlExtModeExec      0000000180037014     MASs_sfun_registry.obj
 0004:00001020       $pdata$mdlRTW              0000000180037020     MASs_sfun_registry.obj
 0004:0000102c       $pdata$mdl_enable_processing 000000018003702c     MASs_sfun_registry.obj
 0004:00001038       $pdata$mdlEnable           0000000180037038     MASs_sfun_registry.obj
 0004:00001044       $pdata$mdl_disable_processing 0000000180037044     MASs_sfun_registry.obj
 0004:00001050       $pdata$mdlDisable          0000000180037050     MASs_sfun_registry.obj
 0004:0000105c       $pdata$mdlOutputs          000000018003705c     MASs_sfun_registry.obj
 0004:00001068       $pdata$mdl_update_processing 0000000180037068     MASs_sfun_registry.obj
 0004:00001074       $pdata$mdlUpdate           0000000180037074     MASs_sfun_registry.obj
 0004:00001080       $pdata$ProcessMexSfunctionEveryCall 0000000180037080     MASs_sfun_registry.obj
 0004:0000108c       $pdata$_RegNumInputPortsCB 000000018003708c     MASs_sfun_registry.obj
 0004:00001098       $pdata$_RegNumOutputPortsCB 0000000180037098     MASs_sfun_registry.obj
 0004:000010a4       $pdata$_CreateSimStruct    00000001800370a4     MASs_sfun_registry.obj
 0004:000010b0       $pdata$_ssFatalError       00000001800370b0     MASs_sfun_registry.obj
 0004:000010bc       $pdata$_ProcessMexSfunctionCmdLineCall 00000001800370bc     MASs_sfun_registry.obj
 0004:000010c8       $pdata$__raise_securityfailure 00000001800370c8     MSVCRT:gs_report.obj
 0004:000010d4       $pdata$__report_gsfailure  00000001800370d4     MSVCRT:gs_report.obj
 0004:000010e0       $pdata$__report_rangecheckfailure 00000001800370e0     MSVCRT:gs_report.obj
 0004:000010ec       $pdata$__report_securityfailure 00000001800370ec     MSVCRT:gs_report.obj
 0004:000010f8       $pdata$__report_securityfailureEx 00000001800370f8     MSVCRT:gs_report.obj
 0004:00001104       $pdata$__GSHandlerCheck    0000000180037104     MSVCRT:gshandler.obj
 0004:00001110       $pdata$__GSHandlerCheckCommon 0000000180037110     MSVCRT:gshandler.obj
 0004:00001128       $pdata$pre_c_init          0000000180037128     MSVCRT:crtdll.obj
 0004:00001134       $pdata$_CRT_INIT           0000000180037134     MSVCRT:crtdll.obj
 0004:00001140       $pdata$_DllMainCRTStartup  0000000180037140     MSVCRT:crtdll.obj
 0004:0000114c       $pdata$__DllMainCRTStartup 000000018003714c     MSVCRT:crtdll.obj
 0004:00001158       $pdata$_IsNonwritableInCurrentImage 0000000180037158     MSVCRT:pesect.obj
 0004:00001164       $pdata$__atonexitinit      0000000180037164     MSVCRT:atonexit.obj
 0004:00001170       $pdata$_onexit             0000000180037170     MSVCRT:atonexit.obj
 0004:0000117c       $pdata$atexit              000000018003717c     MSVCRT:atonexit.obj
 0004:00001188       $pdata$__security_init_cookie 0000000180037188     MSVCRT:gs_support.obj
 0004:00001194       $pdata$DllMain             0000000180037194     MSVCRT:dllmain.obj
 0004:000011a0       $pdata$_RTC_Initialize     00000001800371a0     MSVCRT:initsect.obj
 0004:000011ac       $pdata$_RTC_Terminate      00000001800371ac     MSVCRT:initsect.obj
 0004:000011b8       $pdata$__DllMainCRTStartup$filt$0 00000001800371b8     MSVCRT:crtdll.obj
 0004:000011c4       $pdata$__DllMainCRTStartup$fin$1 00000001800371c4     MSVCRT:crtdll.obj
 0004:000011d0       $pdata$_IsNonwritableInCurrentImage$filt$0 00000001800371d0     MSVCRT:pesect.obj
 0004:000011dc       $pdata$_onexit$fin$0       00000001800371dc     MSVCRT:atonexit.obj
