 usv_model_sfun

 Timestamp is 5aec48c8 (Fri May 04 19:49:28 2018)

 Preferred load address is 0000000180000000

 Start         Length     Name                   Class
 0001:00000000 00010ed2H .text$mn                CODE
 0001:00010ee0 0000007bH .text$x                 CODE
 0002:00000000 000004f0H .idata$5                DATA
 0002:000004f0 00000008H .CRT$XCA                DATA
 0002:000004f8 00000008H .CRT$XCZ                DATA
 0002:00000500 00000008H .CRT$XIA                DATA
 0002:00000508 00000008H .CRT$XIAA               DATA
 0002:00000510 00000008H .CRT$XIC                DATA
 0002:00000518 00000008H .CRT$XIZ                DATA
 0002:00000520 000007a0H .rdata                  DATA
 0002:00000cc0 00000008H .rtc$IAA                DATA
 0002:00000cc8 00000008H .rtc$IZZ                DATA
 0002:00000cd0 00000008H .rtc$TAA                DATA
 0002:00000cd8 00000008H .rtc$TZZ                DATA
 0002:00000ce0 00000834H .xdata                  DATA
 0002:00001520 00000054H .edata                  DATA
 0002:00001574 000000a0H .idata$2                DATA
 0002:00001614 00000014H .idata$3                DATA
 0002:00001628 000004f0H .idata$4                DATA
 0002:00001b18 00000e04H .idata$6                DATA
 0003:00000000 00001d48H .data                   DATA
 0003:00001d50 000006e8H .bss                    DATA
 0004:00000000 000009b4H .pdata                  DATA

  Address         Publics by Value              Rva+Base               Lib:Object

 0000:00000000       __guard_fids_count         0000000000000000     <absolute>
 0000:00000000       ___safe_se_handler_table   0000000000000000     <absolute>
 0000:00000000       __guard_fids_table         0000000000000000     <absolute>
 0000:00000000       ___safe_se_handler_count   0000000000000000     <absolute>
 0000:00000000       __guard_flags              0000000000000000     <absolute>
 0000:00000000       __ImageBase                0000000180000000     <linker-defined>
 0001:00000000       usv_model_initializer      0000000180001000 f   usv_model_sfun.obj
 0001:00000010       usv_model_terminator       0000000180001010 f   usv_model_sfun.obj
 0001:00000020       load_usv_model_optimization_info 0000000180001020 f   usv_model_sfun.obj
 0001:00000070       unload_usv_model_optimization_info 0000000180001070 f   usv_model_sfun.obj
 0001:000000a0       sf_usv_model_method_dispatcher 00000001800010a0 f   usv_model_sfun.obj
 0001:000000f0       sf_usv_model_uses_exported_functions 00000001800010f0 f   usv_model_sfun.obj
 0001:00000130       sf_usv_model_process_check_sum_call 0000000180001130 f   usv_model_sfun.obj
 0001:000006e0       sf_usv_model_autoinheritance_info 00000001800016e0 f   usv_model_sfun.obj
 0001:000008c0       sf_usv_model_get_eml_resolved_functions_info 00000001800018c0 f   usv_model_sfun.obj
 0001:00000a40       sf_usv_model_third_party_uses_info 0000000180001a40 f   usv_model_sfun.obj
 0001:00000c10       sf_usv_model_jit_fallback_info 0000000180001c10 f   usv_model_sfun.obj
 0001:00000de0       sf_usv_model_updateBuildInfo_args_info 0000000180001de0 f   usv_model_sfun.obj
 0001:00000fb0       sf_usv_model_get_post_codegen_info 0000000180001fb0 f   usv_model_sfun.obj
 0001:000010d0       usv_model_debug_initialize 00000001800020d0 f   usv_model_sfun.obj
 0001:00001150       usv_model_register_exported_symbols 0000000180002150 f   usv_model_sfun.obj
 0001:00001160       sf_c6_usv_model_get_eml_resolved_functions_info 0000000180002160 f   c6_usv_model.obj
 0001:000011e0       sf_c6_usv_model_get_check_sum 00000001800021e0 f   c6_usv_model.obj
 0001:000012b0       c6_usv_model_method_dispatcher 00000001800022b0 f   c6_usv_model.obj
 0001:00006d30       sf_c6_usv_model_get_post_codegen_info 0000000180007d30 f   c6_usv_model.obj
 0001:00006e00       sf_c6_usv_model_get_autoinheritance_info 0000000180007e00 f   c6_usv_model.obj
 0001:00007890       sf_c6_usv_model_third_party_uses_info 0000000180008890 f   c6_usv_model.obj
 0001:000078e0       sf_c6_usv_model_jit_fallback_info 00000001800088e0 f   c6_usv_model.obj
 0001:00007a70       sf_c6_usv_model_updateBuildInfo_args_info 0000000180008a70 f   c6_usv_model.obj
 0001:000086e0       mexFunction                00000001800096e0 f   usv_model_sfun_registry.obj
 0001:00009ab0       _ssSetInputPortDirectFeedThroughFcn 000000018000aab0 f   usv_model_sfun_registry.obj
 0001:00009c10       _ssGetInputPortSignalPtrsFcn 000000018000ac10 f   usv_model_sfun_registry.obj
 0001:00009e30       _ssGetInputPortSignalFcn   000000018000ae30 f   usv_model_sfun_registry.obj
 0001:0000a050       _ssSetInputPortReusableFcn 000000018000b050 f   usv_model_sfun_registry.obj
 0001:0000a130       _ssSetOutputPortReusableFcn 000000018000b130 f   usv_model_sfun_registry.obj
 0001:0000a210       _ssSetSymbolicDimsSupport  000000018000b210 f   usv_model_sfun_registry.obj
 0001:0000a280       _ssRegisterSymbolicDimsExpr 000000018000b280 f   usv_model_sfun_registry.obj
 0001:0000a300       _ssRegisterSymbolicDims    000000018000b300 f   usv_model_sfun_registry.obj
 0001:0000a3a0       _ssRegisterSymbolicDimsString 000000018000b3a0 f   usv_model_sfun_registry.obj
 0001:0000a420       _ssRegisterSymbolicDimsIntValue 000000018000b420 f   usv_model_sfun_registry.obj
 0001:0000a490       _ssRegisterSymbolicDimsPlus 000000018000b490 f   usv_model_sfun_registry.obj
 0001:0000a510       _ssRegisterSymbolicDimsMinus 000000018000b510 f   usv_model_sfun_registry.obj
 0001:0000a590       _ssRegisterSymbolicDimsMultiply 000000018000b590 f   usv_model_sfun_registry.obj
 0001:0000a610       _ssRegisterSymbolicDimsDivide 000000018000b610 f   usv_model_sfun_registry.obj
 0001:0000a690       _ssGetNumSymbolicDims      000000018000b690 f   usv_model_sfun_registry.obj
 0001:0000a700       _ssGetSymbolicDim          000000018000b700 f   usv_model_sfun_registry.obj
 0001:0000a780       _ssSetInputPortSymbolicDimsId 000000018000b780 f   usv_model_sfun_registry.obj
 0001:0000a7f0       _ssGetCompInputPortSymbolicDimsId 000000018000b7f0 f   usv_model_sfun_registry.obj
 0001:0000a860       _ssSetCompInputPortSymbolicDimsId 000000018000b860 f   usv_model_sfun_registry.obj
 0001:0000a8d0       _ssSetOutputPortSymbolicDimsId 000000018000b8d0 f   usv_model_sfun_registry.obj
 0001:0000a940       _ssGetCompOutputPortSymbolicDimsId 000000018000b940 f   usv_model_sfun_registry.obj
 0001:0000a9b0       _ssSetCompOutputPortSymbolicDimsId 000000018000b9b0 f   usv_model_sfun_registry.obj
 0001:0000aa20       _ssSetCompDWorkSymbolicDimsId 000000018000ba20 f   usv_model_sfun_registry.obj
 0001:0000aa90       ssGetIsZeroCrossControlDisabled 000000018000ba90 f   usv_model_sfun_registry.obj
 0001:0000ab00       ssSetIsInputPortUsedForContZcSignal 000000018000bb00 f   usv_model_sfun_registry.obj
 0001:0000ab70       ssSetZcSignalIsZcElementDisc 000000018000bb70 f   usv_model_sfun_registry.obj
 0001:0000ac20       ssSetZcSignalName          000000018000bc20 f   usv_model_sfun_registry.obj
 0001:0000ac90       ssSetZcSignalWidth         000000018000bc90 f   usv_model_sfun_registry.obj
 0001:0000ad00       ssSetZcSignalZcEventType   000000018000bd00 f   usv_model_sfun_registry.obj
 0001:0000ad70       ssSetZcSignalType          000000018000bd70 f   usv_model_sfun_registry.obj
 0001:0000ade0       ssSetZcSignalZcTol         000000018000bde0 f   usv_model_sfun_registry.obj
 0001:0000ae50       ssSetZcSignalNeedsEventNotification 000000018000be50 f   usv_model_sfun_registry.obj
 0001:0000aec0       ssCreateAndAddZcSignalInfo 000000018000bec0 f   usv_model_sfun_registry.obj
 0001:0000af30       ssCloneAndAddZcSignalInfo  000000018000bf30 f   usv_model_sfun_registry.obj
 0001:0000afa0       ssGetNumZcSignals          000000018000bfa0 f   usv_model_sfun_registry.obj
 0001:0000b010       ssGetZcSignalVector        000000018000c010 f   usv_model_sfun_registry.obj
 0001:0000b080       ssGetZcSignalName          000000018000c080 f   usv_model_sfun_registry.obj
 0001:0000b0f0       ssGetZcSignalWidth         000000018000c0f0 f   usv_model_sfun_registry.obj
 0001:0000b160       ssGetZcSignalZcEventType   000000018000c160 f   usv_model_sfun_registry.obj
 0001:0000b1d0       ssGetZcSignalZcEvents      000000018000c1d0 f   usv_model_sfun_registry.obj
 0001:0000b240       ssGetZcSignalType          000000018000c240 f   usv_model_sfun_registry.obj
 0001:0000b2b0       ssGetZcSignalZcTol         000000018000c2b0 f   usv_model_sfun_registry.obj
 0001:0000b330       ssGetZcSignalNeedsEventNotification 000000018000c330 f   usv_model_sfun_registry.obj
 0001:0000b3a0       ssGetZcSignalIsZcElementDisc 000000018000c3a0 f   usv_model_sfun_registry.obj
 0001:0000b440       ssGetIsInputPortElementContinuous 000000018000c440 f   usv_model_sfun_registry.obj
 0001:0000b4e0       ssGetDTypeIdFromMxArray    000000018000c4e0 f   usv_model_sfun_registry.obj
 0001:0000b600       ssWriteRTWStr              000000018000c600 f   usv_model_sfun_registry.obj
 0001:0000b660       ssWriteRTWNameValuePair    000000018000c660 f   usv_model_sfun_registry.obj
 0001:0000bb60       ssWriteRTWParamSettings    000000018000cb60 f   usv_model_sfun_registry.obj
 0001:0000c250       ssWriteRTWParameters       000000018000d250 f   usv_model_sfun_registry.obj
 0001:0000c820       ssWriteRTWWorkVect         000000018000d820 f   usv_model_sfun_registry.obj
 0001:0000cd10       ssWriteRTWMxVectParam      000000018000dd10 f   usv_model_sfun_registry.obj
 0001:0000cd90       ssWriteRTWMx2dMatParam     000000018000dd90 f   usv_model_sfun_registry.obj
 0001:0000ce20       _ssSetInputPortMatrixDimensions 000000018000de20 f   usv_model_sfun_registry.obj
 0001:0000cf20       _ssSetOutputPortMatrixDimensions 000000018000df20 f   usv_model_sfun_registry.obj
 0001:0000d020       _ssSetInputPortVectorDimension 000000018000e020 f   usv_model_sfun_registry.obj
 0001:0000d0d0       _ssSetOutputPortVectorDimension 000000018000e0d0 f   usv_model_sfun_registry.obj
 0001:0000d180       ssIsRunTimeParamTunable    000000018000e180 f   usv_model_sfun_registry.obj
 0001:0000d1f0       ssGetSFuncBlockHandle      000000018000e1f0 f   usv_model_sfun_registry.obj
 0001:0000d260       _ssGetCurrentInputPortWidth 000000018000e260 f   usv_model_sfun_registry.obj
 0001:0000d380       _ssGetCurrentOutputPortWidth 000000018000e380 f   usv_model_sfun_registry.obj
 0001:0000d4a0       _ssGetCallSystemNumFcnCallDestinations 000000018000e4a0 f   usv_model_sfun_registry.obj
 0001:0000d510       ssGetParameterTuningCompliance 000000018000e510 f   usv_model_sfun_registry.obj
 0001:0000d580       ssWarning                  000000018000e580 f   usv_model_sfun_registry.obj
 0001:0000d670       _ssGetAbsTol               000000018000e670 f   usv_model_sfun_registry.obj
 0001:0000d6e0       _ssSetStateAbsTol          000000018000e6e0 f   usv_model_sfun_registry.obj
 0001:0000d7c0       sf_process_check_sum_call  000000018000e7c0 f   usv_model_sfun_registry.obj
 0001:0000d810       sf_process_machine_uses_exported_functions_call 000000018000e810 f   usv_model_sfun_registry.obj
 0001:0000d9c0       sf_process_autoinheritance_call 000000018000e9c0 f   usv_model_sfun_registry.obj
 0001:0000dbf0       sf_process_get_third_party_uses_info_call 000000018000ebf0 f   usv_model_sfun_registry.obj
 0001:0000de20       sf_process_get_jit_fallback_info_call 000000018000ee20 f   usv_model_sfun_registry.obj
 0001:0000e050       sf_process_get_updateBuildInfo_args_info_call 000000018000f050 f   usv_model_sfun_registry.obj
 0001:0000e280       sf_process_get_eml_resolved_functions_info_call 000000018000f280 f   usv_model_sfun_registry.obj
 0001:0000e480       sf_process_get_post_codegen_info 000000018000f480 f   usv_model_sfun_registry.obj
 0001:0000e630       sf_mex_unlock_call         000000018000f630 f   usv_model_sfun_registry.obj
 0001:0000e910       sf_machine_global_initializer_called 000000018000f910 f   usv_model_sfun_registry.obj
 0001:0000e940       sf_machine_global_method_dispatcher 000000018000f940 f   usv_model_sfun_registry.obj
 0001:0000e9a0       sf_machine_global_terminator 000000018000f9a0 f   usv_model_sfun_registry.obj
 0001:0000e9f0       sf_register_machine_exported_symbols 000000018000f9f0 f   usv_model_sfun_registry.obj
 0001:0000ea10       callCustomFcn              000000018000fa10 f   usv_model_sfun_registry.obj
 0001:0000ea20       sf_machine_global_initializer 000000018000fa20 f   usv_model_sfun_registry.obj
 0001:0000eaa0       mdlGetSimState             000000018000faa0 f   usv_model_sfun_registry.obj
 0001:0000eae0       mdlSetSimState             000000018000fae0 f   usv_model_sfun_registry.obj
 0001:0000f340       ProcessMexSfunctionEveryCall 0000000180010340 f   usv_model_sfun_registry.obj
 0001:00010046       LAPACKE_zgeev              0000000180011046 f   libmwlapack:libmwlapack.dll
 0001:0001004c       sf_load_rtw_optimization_info 000000018001104c f   sf_runtime:sf_runtime.dll
 0001:00010052       sf_debug_initialize_machine 0000000180011052 f   sf_runtime:sf_runtime.dll
 0001:00010058       sf_debug_set_machine_event_thresholds 0000000180011058 f   sf_runtime:sf_runtime.dll
 0001:0001005e       sf_debug_set_machine_data_thresholds 000000018001105e f   sf_runtime:sf_runtime.dll
 0001:00010064       sf_init_ChartRunTimeInfo   0000000180011064 f   sf_runtime:sf_runtime.dll
 0001:0001006a       sf_free_ChartRunTimeInfo   000000018001106a f   sf_runtime:sf_runtime.dll
 0001:00010070       sf_get_chart_instance_ptr  0000000180011070 f   sf_runtime:sf_runtime.dll
 0001:00010076       sf_rtw_info_uint_prop      0000000180011076 f   sf_runtime:sf_runtime.dll
 0001:0001007c       sf_update_buildInfo        000000018001107c f   sf_runtime:sf_runtime.dll
 0001:00010082       sf_is_chart_inlinable      0000000180011082 f   sf_runtime:sf_runtime.dll
 0001:00010088       sf_mark_chart_reusable_outputs 0000000180011088 f   sf_runtime:sf_runtime.dll
 0001:0001008e       sf_mark_chart_expressionable_inputs 000000018001108e f   sf_runtime:sf_runtime.dll
 0001:00010094       sim_mode_is_rtw_gen        0000000180011094 f   sf_runtime:sf_runtime.dll
 0001:0001009a       sim_mode_is_external       000000018001109a f   sf_runtime:sf_runtime.dll
 0001:000100a0       sf_mex_listen_for_ctrl_c_with_debugger 00000001800110a0 f   sf_runtime:sf_runtime.dll
 0001:000100a6       sf_clear_rtw_identifier    00000001800110a6 f   sf_runtime:sf_runtime.dll
 0001:000100ac       sf_set_rtw_dwork_info      00000001800110ac f   sf_runtime:sf_runtime.dll
 0001:000100b2       sf_get_time                00000001800110b2 f   sf_runtime:sf_runtime.dll
 0001:000100b8       sf_is_first_init_cond      00000001800110b8 f   sf_runtime:sf_runtime.dll
 0001:000100be       sf_set_chart_accesses_machine_info 00000001800110be f   sf_runtime:sf_runtime.dll
 0001:000100c4       sf_mex_call_debug          00000001800110c4 f   sf_runtime:sf_runtime.dll
 0001:000100ca       sf_mex_error_message       00000001800110ca f   sf_runtime:sf_runtime.dll
 0001:000100d0       sf_mex_create              00000001800110d0 f   sf_runtime:sf_runtime.dll
 0001:000100d6       sf_mex_createcellmatrix    00000001800110d6 f   sf_runtime:sf_runtime.dll
 0001:000100dc       sf_mex_setcell             00000001800110dc f   sf_runtime:sf_runtime.dll
 0001:000100e2       sf_mex_getcell             00000001800110e2 f   sf_runtime:sf_runtime.dll
 0001:000100e8       sf_mex_assign              00000001800110e8 f   sf_runtime:sf_runtime.dll
 0001:000100ee       sf_mex_dup                 00000001800110ee f   sf_runtime:sf_runtime.dll
 0001:000100f4       sf_mex_destroy             00000001800110f4 f   sf_runtime:sf_runtime.dll
 0001:000100fa       sf_mex_import              00000001800110fa f   sf_runtime:sf_runtime.dll
 0001:00010100       sf_mex_import_vs           0000000180011100 f   sf_runtime:sf_runtime.dll
 0001:00010106       sf_mex_decode_encoded_mx_struct_array 0000000180011106 f   sf_runtime:sf_runtime.dll
 0001:0001010c       ssGetInputPortSignal_wrapper 000000018001110c f   sf_runtime:sf_runtime.dll
 0001:00010112       ssGetOutputPortSignal_wrapper 0000000180011112 f   sf_runtime:sf_runtime.dll
 0001:00010118       sf_eml_array_bounds_check  0000000180011118 f   sf_runtime:sf_runtime.dll
 0001:0001011e       sf_debug_initialize_chart  000000018001111e f   sf_runtime:sf_runtime.dll
 0001:00010124       sf_debug_call              0000000180011124 f   sf_runtime:sf_runtime.dll
 0001:0001012a       eml_debug_line_call        000000018001112a f   sf_runtime:sf_runtime.dll
 0001:00010130       cv_eml_eval                0000000180011130 f   sf_runtime:sf_runtime.dll
 0001:00010136       cv_eval_relational         0000000180011136 f   sf_runtime:sf_runtime.dll
 0001:0001013c       cv_eml_init_script         000000018001113c f   sf_runtime:sf_runtime.dll
 0001:00010142       cv_eml_init_fcn            0000000180011142 f   sf_runtime:sf_runtime.dll
 0001:00010148       cv_eml_init_if             0000000180011148 f   sf_runtime:sf_runtime.dll
 0001:0001014e       cv_eml_init_for            000000018001114e f   sf_runtime:sf_runtime.dll
 0001:00010154       cv_eml_init_relational     0000000180011154 f   sf_runtime:sf_runtime.dll
 0001:0001015a       sf_debug_reset_current_state_configuration 000000018001115a f   sf_runtime:sf_runtime.dll
 0001:00010160       sf_debug_check_for_state_inconsistency 0000000180011160 f   sf_runtime:sf_runtime.dll
 0001:00010166       sf_debug_set_chart_data_props 0000000180011166 f   sf_runtime:sf_runtime.dll
 0001:0001016c       sf_debug_set_chart_data_compiled_props 000000018001116c f   sf_runtime:sf_runtime.dll
 0001:00010172       sf_debug_symbol_scope_push 0000000180011172 f   sf_runtime:sf_runtime.dll
 0001:00010178       sf_debug_symbol_scope_push_eml 0000000180011178 f   sf_runtime:sf_runtime.dll
 0001:0001017e       sf_debug_symbol_scope_pop  000000018001117e f   sf_runtime:sf_runtime.dll
 0001:00010184       sf_debug_symbol_scope_add_eml 0000000180011184 f   sf_runtime:sf_runtime.dll
 0001:0001018a       sf_debug_symbol_scope_add_eml_importable 000000018001118a f   sf_runtime:sf_runtime.dll
 0001:00010190       sf_debug_symbol_scope_add_eml_dyn_importable 0000000180011190 f   sf_runtime:sf_runtime.dll
 0001:00010196       sf_debug_set_instance_data_value_ptr 0000000180011196 f   sf_runtime:sf_runtime.dll
 0001:0001019c       sf_debug_set_chart_disable_implicit_casting 000000018001119c f   sf_runtime:sf_runtime.dll
 0001:000101a2       sf_debug_set_chart_event_thresholds 00000001800111a2 f   sf_runtime:sf_runtime.dll
 0001:000101a8       sf_debug_set_chart_state_info 00000001800111a8 f   sf_runtime:sf_runtime.dll
 0001:000101ae       sf_debug_set_chart_decomposition 00000001800111ae f   sf_runtime:sf_runtime.dll
 0001:000101b4       sf_debug_set_chart_substate_count 00000001800111b4 f   sf_runtime:sf_runtime.dll
 0001:000101ba       sf_debug_data_range_wrapper 00000001800111ba f   sf_runtime:sf_runtime.dll
 0001:000101c0       sf_debug_cv_init_trans     00000001800111c0 f   sf_runtime:sf_runtime.dll
 0001:000101c6       sf_debug_cv_init_chart     00000001800111c6 f   sf_runtime:sf_runtime.dll
 0001:000101cc       sf_debug_cv_init_state     00000001800111cc f   sf_runtime:sf_runtime.dll
 0001:000101d2       sf_get_ChartInfoStruct_CodeGen 00000001800111d2 f   sf_runtime:sf_runtime.dll
 0001:000101d8       sf_get_isEnhancedMooreMachine 00000001800111d8 f   sf_runtime:sf_runtime.dll
 0001:000101de       sf_set_compiledInfo        00000001800111de f   sf_runtime:sf_runtime.dll
 0001:000101e4       callMdlMethodAndReportError 00000001800111e4 f   sf_runtime:sf_runtime.dll
 0001:000101ea       call_sf_machine_global_method_dispatcher 00000001800111ea f   sf_runtime:sf_runtime.dll
 0001:000101f0       sf_mex_error_direct_call   00000001800111f0 f   sf_runtime:sf_runtime.dll
 0001:000101f6       sf_clear_error_manager_info 00000001800111f6 f   sf_runtime:sf_runtime.dll
 0001:000101fc       sf_debug_create_debug_instance_struct 00000001800111fc f   sf_runtime:sf_runtime.dll
 0001:00010202       sf_debug_terminate         0000000180011202 f   sf_runtime:sf_runtime.dll
 0001:00010208       sf_debug_api               0000000180011208 f   sf_runtime:sf_runtime.dll
 0001:0001020e       mxIsChar                   000000018001120e f   libmx:libmx.dll
 0001:00010214       mxGetPr                    0000000180011214 f   libmx:libmx.dll
 0001:0001021a       mxGetScalar                000000018001121a f   libmx:libmx.dll
 0001:00010220       mxDestroyArray             0000000180011220 f   libmx:libmx.dll
 0001:00010226       mxCreateDoubleMatrix_730   0000000180011226 f   libmx:libmx.dll
 0001:0001022c       mxCreateLogicalScalar      000000018001122c f   libmx:libmx.dll
 0001:00010232       mxGetString_730            0000000180011232 f   libmx:libmx.dll
 0001:00010238       mxDuplicateArray           0000000180011238 f   libmx:libmx.dll
 0001:0001023e       mxSetCell_730              000000018001123e f   libmx:libmx.dll
 0001:00010244       mxSetField_730             0000000180011244 f   libmx:libmx.dll
 0001:0001024a       mxCreateDoubleScalar       000000018001124a f   libmx:libmx.dll
 0001:00010250       mxCreateString             0000000180011250 f   libmx:libmx.dll
 0001:00010256       mxCreateCellMatrix_730     0000000180011256 f   libmx:libmx.dll
 0001:0001025c       mxCreateCellArray_730      000000018001125c f   libmx:libmx.dll
 0001:00010262       mxCreateStructMatrix_730   0000000180011262 f   libmx:libmx.dll
 0001:00010268       mxCreateStructArray_730    0000000180011268 f   libmx:libmx.dll
 0001:0001026e       mxGetNaN                   000000018001126e f   libmx:libmx.dll
 0001:00010274       mxCalloc                   0000000180011274 f   libmx:libmx.dll
 0001:0001027a       mxGetM                     000000018001127a f   libmx:libmx.dll
 0001:00010280       mxGetClassID               0000000180011280 f   libmx:libmx.dll
 0001:00010286       mxIsNumeric                0000000180011286 f   libmx:libmx.dll
 0001:0001028c       mxIsComplex                000000018001128c f   libmx:libmx.dll
 0001:00010292       mxGetN                     0000000180011292 f   libmx:libmx.dll
 0001:00010298       mexMakeArrayPersistent     0000000180011298 f   libmex:libmex.dll
 0001:0001029e       mexErrMsgTxt               000000018001129e f   libmex:libmex.dll
 0001:000102a4       mexWarnMsgTxt              00000001800112a4 f   libmex:libmex.dll
 0001:000102aa       mexCallMATLABWithObject    00000001800112aa f   libmex:libmex.dll
 0001:000102b0       mexLock                    00000001800112b0 f   libmex:libmex.dll
 0001:000102b6       mexUnlock                  00000001800112b6 f   libmex:libmex.dll
 0001:000102bc       mexIsLocked                00000001800112bc f   libmex:libmex.dll
 0001:000102c2       utMalloc                   00000001800112c2 f   libut:libut.dll
 0001:000102c8       utFree                     00000001800112c8 f   libut:libut.dll
 0001:000102ce       muDoubleScalarAbs          00000001800112ce f   libmwmathutil:libmwmathutil.dll
 0001:000102d4       muDoubleScalarFloor        00000001800112d4 f   libmwmathutil:libmwmathutil.dll
 0001:000102da       muDoubleScalarCos          00000001800112da f   libmwmathutil:libmwmathutil.dll
 0001:000102e0       muDoubleScalarPower        00000001800112e0 f   libmwmathutil:libmwmathutil.dll
 0001:000102e6       muDoubleScalarSin          00000001800112e6 f   libmwmathutil:libmwmathutil.dll
 0001:000102ec       muDoubleScalarSqrt         00000001800112ec f   libmwmathutil:libmwmathutil.dll
 0001:000102f2       muDoubleScalarIsNaN        00000001800112f2 f   libmwmathutil:libmwmathutil.dll
 0001:000102f8       muDoubleScalarIsInf        00000001800112f8 f   libmwmathutil:libmwmathutil.dll
 0001:00010300       __raise_securityfailure    0000000180011300 f   MSVCRT:gs_report.obj
 0001:0001034c       __report_gsfailure         000000018001134c f   MSVCRT:gs_report.obj
 0001:00010420       __report_rangecheckfailure 0000000180011420 f   MSVCRT:gs_report.obj
 0001:00010434       __report_securityfailure   0000000180011434 f   MSVCRT:gs_report.obj
 0001:000104d0       __report_securityfailureEx 00000001800114d0 f   MSVCRT:gs_report.obj
 0001:000105de       strcmp                     00000001800115de f   MSVCRT:MSVCR120.dll
 0001:000105e4       __GSHandlerCheck           00000001800115e4 f   MSVCRT:gshandler.obj
 0001:00010604       __GSHandlerCheckCommon     0000000180011604 f   MSVCRT:gshandler.obj
 0001:00010680       __security_check_cookie    0000000180011680 f   MSVCRT:amdsecgs.obj
 0001:000106a0       memset                     00000001800116a0 f   MSVCRT:MSVCR120.dll
 0001:000106a6       memcpy                     00000001800116a6 f   MSVCRT:MSVCR120.dll
 0001:000106ac       strcat                     00000001800116ac f   MSVCRT:MSVCR120.dll
 0001:000106b2       strlen                     00000001800116b2 f   MSVCRT:MSVCR120.dll
 0001:000106b8       sprintf                    00000001800116b8 f   MSVCRT:MSVCR120.dll
 0001:000106be       free                       00000001800116be f   MSVCRT:MSVCR120.dll
 0001:000106c4       malloc                     00000001800116c4 f   MSVCRT:MSVCR120.dll
 0001:0001072c       NtCurrentTeb               000000018001172c f i MSVCRT:crtdll.obj
 0001:00010738       _CRT_INIT                  0000000180011738 f   MSVCRT:crtdll.obj
 0001:00010984       _DllMainCRTStartup         0000000180011984 f   MSVCRT:crtdll.obj
 0001:00010afa       __crt_debugger_hook        0000000180011afa f   MSVCRT:MSVCR120.dll
 0001:00010b00       __crtUnhandledException    0000000180011b00 f   MSVCRT:MSVCR120.dll
 0001:00010b06       __crtTerminateProcess      0000000180011b06 f   MSVCRT:MSVCR120.dll
 0001:00010b0c       __crtCaptureCurrentContext 0000000180011b0c f   MSVCRT:MSVCR120.dll
 0001:00010b12       __crtCapturePreviousContext 0000000180011b12 f   MSVCRT:MSVCR120.dll
 0001:00010b18       __CppXcptFilter            0000000180011b18 f   MSVCRT:MSVCR120.dll
 0001:00010b1e       _amsg_exit                 0000000180011b1e f   MSVCRT:MSVCR120.dll
 0001:00010b30       _FindPESection             0000000180011b30 f   MSVCRT:pesect.obj
 0001:00010b80       _IsNonwritableInCurrentImage 0000000180011b80 f   MSVCRT:pesect.obj
 0001:00010bd0       _ValidateImageBase         0000000180011bd0 f   MSVCRT:pesect.obj
 0001:00010c00       __atonexitinit             0000000180011c00 f   MSVCRT:atonexit.obj
 0001:00010c50       _onexit                    0000000180011c50 f   MSVCRT:atonexit.obj
 0001:00010d00       atexit                     0000000180011d00 f   MSVCRT:atonexit.obj
 0001:00010d18       __security_init_cookie     0000000180011d18 f   MSVCRT:gs_support.obj
 0001:00010dc4       DllMain                    0000000180011dc4 f   MSVCRT:dllmain.obj
 0001:00010de8       _malloc_crt                0000000180011de8 f   MSVCRT:MSVCR120.dll
 0001:00010df0       _RTC_Initialize            0000000180011df0 f   MSVCRT:initsect.obj
 0001:00010e28       _RTC_Terminate             0000000180011e28 f   MSVCRT:initsect.obj
 0001:00010e60       _initterm                  0000000180011e60 f   MSVCRT:MSVCR120.dll
 0001:00010e66       _initterm_e                0000000180011e66 f   MSVCRT:MSVCR120.dll
 0001:00010e6c       __clean_type_info_names    0000000180011e6c f   MSVCRT:tncleanup.obj
 0001:00010e78       __C_specific_handler       0000000180011e78 f   MSVCRT:MSVCR120.dll
 0001:00010e7e       _lock                      0000000180011e7e f   MSVCRT:MSVCR120.dll
 0001:00010e84       _unlock                    0000000180011e84 f   MSVCRT:MSVCR120.dll
 0001:00010e8a       _calloc_crt                0000000180011e8a f   MSVCRT:MSVCR120.dll
 0001:00010e90       __dllonexit                0000000180011e90 f   MSVCRT:MSVCR120.dll
 0001:00010e96       __clean_type_info_names_internal 0000000180011e96 f   MSVCRT:MSVCR120.dll
 0001:00010e9c       IsDebuggerPresent          0000000180011e9c f   kernel32:KERNEL32.dll
 0001:00010ea2       IsProcessorFeaturePresent  0000000180011ea2 f   kernel32:KERNEL32.dll
 0001:00010ea8       EncodePointer              0000000180011ea8 f   kernel32:KERNEL32.dll
 0001:00010eae       DecodePointer              0000000180011eae f   kernel32:KERNEL32.dll
 0001:00010eb4       QueryPerformanceCounter    0000000180011eb4 f   kernel32:KERNEL32.dll
 0001:00010eba       GetCurrentProcessId        0000000180011eba f   kernel32:KERNEL32.dll
 0001:00010ec0       GetCurrentThreadId         0000000180011ec0 f   kernel32:KERNEL32.dll
 0001:00010ec6       GetSystemTimeAsFileTime    0000000180011ec6 f   kernel32:KERNEL32.dll
 0001:00010ecc       DisableThreadLibraryCalls  0000000180011ecc f   kernel32:KERNEL32.dll
 0002:00000000       __imp_IsProcessorFeaturePresent 0000000180012000     kernel32:KERNEL32.dll
 0002:00000008       __imp_DisableThreadLibraryCalls 0000000180012008     kernel32:KERNEL32.dll
 0002:00000010       __imp_GetSystemTimeAsFileTime 0000000180012010     kernel32:KERNEL32.dll
 0002:00000018       __imp_GetCurrentThreadId   0000000180012018     kernel32:KERNEL32.dll
 0002:00000020       __imp_GetCurrentProcessId  0000000180012020     kernel32:KERNEL32.dll
 0002:00000028       __imp_QueryPerformanceCounter 0000000180012028     kernel32:KERNEL32.dll
 0002:00000030       __imp_DecodePointer        0000000180012030     kernel32:KERNEL32.dll
 0002:00000038       __imp_EncodePointer        0000000180012038     kernel32:KERNEL32.dll
 0002:00000040       __imp_IsDebuggerPresent    0000000180012040     kernel32:KERNEL32.dll
 0002:00000048       \177KERNEL32_NULL_THUNK_DATA 0000000180012048     kernel32:KERNEL32.dll
 0002:00000050       __imp_strcmp               0000000180012050     MSVCRT:MSVCR120.dll
 0002:00000058       __imp___clean_type_info_names_internal 0000000180012058     MSVCRT:MSVCR120.dll
 0002:00000060       __imp__onexit              0000000180012060     MSVCRT:MSVCR120.dll
 0002:00000068       __imp___dllonexit          0000000180012068     MSVCRT:MSVCR120.dll
 0002:00000070       __imp__calloc_crt          0000000180012070     MSVCRT:MSVCR120.dll
 0002:00000078       __imp__unlock              0000000180012078     MSVCRT:MSVCR120.dll
 0002:00000080       __imp__lock                0000000180012080     MSVCRT:MSVCR120.dll
 0002:00000088       __imp___C_specific_handler 0000000180012088     MSVCRT:MSVCR120.dll
 0002:00000090       __imp__initterm_e          0000000180012090     MSVCRT:MSVCR120.dll
 0002:00000098       __imp__initterm            0000000180012098     MSVCRT:MSVCR120.dll
 0002:000000a0       __imp__malloc_crt          00000001800120a0     MSVCRT:MSVCR120.dll
 0002:000000a8       __imp__amsg_exit           00000001800120a8     MSVCRT:MSVCR120.dll
 0002:000000b0       __imp___CppXcptFilter      00000001800120b0     MSVCRT:MSVCR120.dll
 0002:000000b8       __imp___crtCapturePreviousContext 00000001800120b8     MSVCRT:MSVCR120.dll
 0002:000000c0       __imp___crtCaptureCurrentContext 00000001800120c0     MSVCRT:MSVCR120.dll
 0002:000000c8       __imp___crtTerminateProcess 00000001800120c8     MSVCRT:MSVCR120.dll
 0002:000000d0       __imp___crtUnhandledException 00000001800120d0     MSVCRT:MSVCR120.dll
 0002:000000d8       __imp___crt_debugger_hook  00000001800120d8     MSVCRT:MSVCR120.dll
 0002:000000e0       __imp_malloc               00000001800120e0     MSVCRT:MSVCR120.dll
 0002:000000e8       __imp_free                 00000001800120e8     MSVCRT:MSVCR120.dll
 0002:000000f0       __imp_sprintf              00000001800120f0     MSVCRT:MSVCR120.dll
 0002:000000f8       __imp_strlen               00000001800120f8     MSVCRT:MSVCR120.dll
 0002:00000100       __imp_strcat               0000000180012100     MSVCRT:MSVCR120.dll
 0002:00000108       __imp_memcpy               0000000180012108     MSVCRT:MSVCR120.dll
 0002:00000110       __imp_memset               0000000180012110     MSVCRT:MSVCR120.dll
 0002:00000118       \177MSVCR120_NULL_THUNK_DATA 0000000180012118     MSVCRT:MSVCR120.dll
 0002:00000120       __imp_mexLock              0000000180012120     libmex:libmex.dll
 0002:00000128       __imp_mexIsLocked          0000000180012128     libmex:libmex.dll
 0002:00000130       __imp_mexUnlock            0000000180012130     libmex:libmex.dll
 0002:00000138       __imp_mexMakeArrayPersistent 0000000180012138     libmex:libmex.dll
 0002:00000140       __imp_mexCallMATLABWithObject 0000000180012140     libmex:libmex.dll
 0002:00000148       __imp_mexWarnMsgTxt        0000000180012148     libmex:libmex.dll
 0002:00000150       __imp_mexErrMsgTxt         0000000180012150     libmex:libmex.dll
 0002:00000158       \177libmex_NULL_THUNK_DATA 0000000180012158     libmex:libmex.dll
 0002:00000160       __imp_LAPACKE_zgeev        0000000180012160     libmwlapack:libmwlapack.dll
 0002:00000168       \177libmwlapack_NULL_THUNK_DATA 0000000180012168     libmwlapack:libmwlapack.dll
 0002:00000170       __imp_muDoubleScalarIsInf  0000000180012170     libmwmathutil:libmwmathutil.dll
 0002:00000178       __imp_muDoubleScalarIsNaN  0000000180012178     libmwmathutil:libmwmathutil.dll
 0002:00000180       __imp_muDoubleScalarSqrt   0000000180012180     libmwmathutil:libmwmathutil.dll
 0002:00000188       __imp_muDoubleScalarSin    0000000180012188     libmwmathutil:libmwmathutil.dll
 0002:00000190       __imp_muDoubleScalarPower  0000000180012190     libmwmathutil:libmwmathutil.dll
 0002:00000198       __imp_muDoubleScalarCos    0000000180012198     libmwmathutil:libmwmathutil.dll
 0002:000001a0       __imp_muDoubleScalarFloor  00000001800121a0     libmwmathutil:libmwmathutil.dll
 0002:000001a8       __imp_muDoubleScalarAbs    00000001800121a8     libmwmathutil:libmwmathutil.dll
 0002:000001b0       \177libmwmathutil_NULL_THUNK_DATA 00000001800121b0     libmwmathutil:libmwmathutil.dll
 0002:000001b8       __imp_mxGetN               00000001800121b8     libmx:libmx.dll
 0002:000001c0       __imp_mxIsComplex          00000001800121c0     libmx:libmx.dll
 0002:000001c8       __imp_mxIsNumeric          00000001800121c8     libmx:libmx.dll
 0002:000001d0       __imp_mxGetClassID         00000001800121d0     libmx:libmx.dll
 0002:000001d8       __imp_mxGetM               00000001800121d8     libmx:libmx.dll
 0002:000001e0       __imp_mxCalloc             00000001800121e0     libmx:libmx.dll
 0002:000001e8       __imp_mxGetNaN             00000001800121e8     libmx:libmx.dll
 0002:000001f0       __imp_mxCreateStructArray_730 00000001800121f0     libmx:libmx.dll
 0002:000001f8       __imp_mxCreateStructMatrix_730 00000001800121f8     libmx:libmx.dll
 0002:00000200       __imp_mxCreateCellArray_730 0000000180012200     libmx:libmx.dll
 0002:00000208       __imp_mxCreateCellMatrix_730 0000000180012208     libmx:libmx.dll
 0002:00000210       __imp_mxCreateString       0000000180012210     libmx:libmx.dll
 0002:00000218       __imp_mxCreateDoubleScalar 0000000180012218     libmx:libmx.dll
 0002:00000220       __imp_mxSetField_730       0000000180012220     libmx:libmx.dll
 0002:00000228       __imp_mxSetCell_730        0000000180012228     libmx:libmx.dll
 0002:00000230       __imp_mxDuplicateArray     0000000180012230     libmx:libmx.dll
 0002:00000238       __imp_mxGetString_730      0000000180012238     libmx:libmx.dll
 0002:00000240       __imp_mxCreateLogicalScalar 0000000180012240     libmx:libmx.dll
 0002:00000248       __imp_mxCreateDoubleMatrix_730 0000000180012248     libmx:libmx.dll
 0002:00000250       __imp_mxDestroyArray       0000000180012250     libmx:libmx.dll
 0002:00000258       __imp_mxGetScalar          0000000180012258     libmx:libmx.dll
 0002:00000260       __imp_mxIsChar             0000000180012260     libmx:libmx.dll
 0002:00000268       __imp_mxGetPr              0000000180012268     libmx:libmx.dll
 0002:00000270       \177libmx_NULL_THUNK_DATA  0000000180012270     libmx:libmx.dll
 0002:00000278       __imp_utFree               0000000180012278     libut:libut.dll
 0002:00000280       __imp_utMalloc             0000000180012280     libut:libut.dll
 0002:00000288       \177libut_NULL_THUNK_DATA  0000000180012288     libut:libut.dll
 0002:00000290       __imp_sf_debug_create_debug_instance_struct 0000000180012290     sf_runtime:sf_runtime.dll
 0002:00000298       __imp_sf_clear_error_manager_info 0000000180012298     sf_runtime:sf_runtime.dll
 0002:000002a0       __imp_sf_mex_error_direct_call 00000001800122a0     sf_runtime:sf_runtime.dll
 0002:000002a8       __imp_call_sf_machine_global_method_dispatcher 00000001800122a8     sf_runtime:sf_runtime.dll
 0002:000002b0       __imp_callMdlMethodAndReportError 00000001800122b0     sf_runtime:sf_runtime.dll
 0002:000002b8       __imp_sf_set_compiledInfo  00000001800122b8     sf_runtime:sf_runtime.dll
 0002:000002c0       __imp_sf_get_isEnhancedMooreMachine 00000001800122c0     sf_runtime:sf_runtime.dll
 0002:000002c8       __imp_sf_get_ChartInfoStruct_CodeGen 00000001800122c8     sf_runtime:sf_runtime.dll
 0002:000002d0       __imp_sf_debug_cv_init_state 00000001800122d0     sf_runtime:sf_runtime.dll
 0002:000002d8       __imp_sf_debug_cv_init_chart 00000001800122d8     sf_runtime:sf_runtime.dll
 0002:000002e0       __imp_sf_debug_cv_init_trans 00000001800122e0     sf_runtime:sf_runtime.dll
 0002:000002e8       __imp_sf_debug_data_range_wrapper 00000001800122e8     sf_runtime:sf_runtime.dll
 0002:000002f0       __imp_sf_debug_set_chart_substate_count 00000001800122f0     sf_runtime:sf_runtime.dll
 0002:000002f8       __imp_sf_debug_terminate   00000001800122f8     sf_runtime:sf_runtime.dll
 0002:00000300       __imp_sf_debug_set_chart_state_info 0000000180012300     sf_runtime:sf_runtime.dll
 0002:00000308       __imp_sf_debug_set_chart_event_thresholds 0000000180012308     sf_runtime:sf_runtime.dll
 0002:00000310       __imp_sf_debug_set_chart_disable_implicit_casting 0000000180012310     sf_runtime:sf_runtime.dll
 0002:00000318       __imp_sf_debug_set_instance_data_value_ptr 0000000180012318     sf_runtime:sf_runtime.dll
 0002:00000320       __imp_sf_debug_symbol_scope_add_eml_dyn_importable 0000000180012320     sf_runtime:sf_runtime.dll
 0002:00000328       __imp_sf_debug_symbol_scope_add_eml_importable 0000000180012328     sf_runtime:sf_runtime.dll
 0002:00000330       __imp_cv_eml_init_if       0000000180012330     sf_runtime:sf_runtime.dll
 0002:00000338       __imp_cv_eml_init_fcn      0000000180012338     sf_runtime:sf_runtime.dll
 0002:00000340       __imp_cv_eml_init_script   0000000180012340     sf_runtime:sf_runtime.dll
 0002:00000348       __imp_cv_eval_relational   0000000180012348     sf_runtime:sf_runtime.dll
 0002:00000350       __imp_cv_eml_eval          0000000180012350     sf_runtime:sf_runtime.dll
 0002:00000358       __imp_eml_debug_line_call  0000000180012358     sf_runtime:sf_runtime.dll
 0002:00000360       __imp_sf_debug_call        0000000180012360     sf_runtime:sf_runtime.dll
 0002:00000368       __imp_sf_debug_initialize_chart 0000000180012368     sf_runtime:sf_runtime.dll
 0002:00000370       __imp_sf_debug_api         0000000180012370     sf_runtime:sf_runtime.dll
 0002:00000378       __imp_cv_eml_init_for      0000000180012378     sf_runtime:sf_runtime.dll
 0002:00000380       __imp_sf_debug_set_chart_decomposition 0000000180012380     sf_runtime:sf_runtime.dll
 0002:00000388       __imp_sf_debug_symbol_scope_add_eml 0000000180012388     sf_runtime:sf_runtime.dll
 0002:00000390       __imp_sf_debug_symbol_scope_pop 0000000180012390     sf_runtime:sf_runtime.dll
 0002:00000398       __imp_sf_debug_symbol_scope_push_eml 0000000180012398     sf_runtime:sf_runtime.dll
 0002:000003a0       __imp_sf_debug_symbol_scope_push 00000001800123a0     sf_runtime:sf_runtime.dll
 0002:000003a8       __imp_sf_debug_set_chart_data_compiled_props 00000001800123a8     sf_runtime:sf_runtime.dll
 0002:000003b0       __imp_sf_debug_set_chart_data_props 00000001800123b0     sf_runtime:sf_runtime.dll
 0002:000003b8       __imp_sf_debug_check_for_state_inconsistency 00000001800123b8     sf_runtime:sf_runtime.dll
 0002:000003c0       __imp_sf_debug_reset_current_state_configuration 00000001800123c0     sf_runtime:sf_runtime.dll
 0002:000003c8       __imp_sf_eml_array_bounds_check 00000001800123c8     sf_runtime:sf_runtime.dll
 0002:000003d0       __imp_ssGetOutputPortSignal_wrapper 00000001800123d0     sf_runtime:sf_runtime.dll
 0002:000003d8       __imp_ssGetInputPortSignal_wrapper 00000001800123d8     sf_runtime:sf_runtime.dll
 0002:000003e0       __imp_sf_mex_decode_encoded_mx_struct_array 00000001800123e0     sf_runtime:sf_runtime.dll
 0002:000003e8       __imp_sf_mex_import_vs     00000001800123e8     sf_runtime:sf_runtime.dll
 0002:000003f0       __imp_sf_mex_import        00000001800123f0     sf_runtime:sf_runtime.dll
 0002:000003f8       __imp_sf_mex_destroy       00000001800123f8     sf_runtime:sf_runtime.dll
 0002:00000400       __imp_sf_mex_dup           0000000180012400     sf_runtime:sf_runtime.dll
 0002:00000408       __imp_sf_mex_assign        0000000180012408     sf_runtime:sf_runtime.dll
 0002:00000410       __imp_sf_mex_getcell       0000000180012410     sf_runtime:sf_runtime.dll
 0002:00000418       __imp_sf_mex_setcell       0000000180012418     sf_runtime:sf_runtime.dll
 0002:00000420       __imp_sf_mex_createcellmatrix 0000000180012420     sf_runtime:sf_runtime.dll
 0002:00000428       __imp_sf_mex_create        0000000180012428     sf_runtime:sf_runtime.dll
 0002:00000430       __imp_sf_mex_error_message 0000000180012430     sf_runtime:sf_runtime.dll
 0002:00000438       __imp_sf_mex_call_debug    0000000180012438     sf_runtime:sf_runtime.dll
 0002:00000440       __imp_sf_set_chart_accesses_machine_info 0000000180012440     sf_runtime:sf_runtime.dll
 0002:00000448       __imp_sf_is_first_init_cond 0000000180012448     sf_runtime:sf_runtime.dll
 0002:00000450       __imp_sf_get_time          0000000180012450     sf_runtime:sf_runtime.dll
 0002:00000458       __imp_sf_set_rtw_dwork_info 0000000180012458     sf_runtime:sf_runtime.dll
 0002:00000460       __imp_sf_clear_rtw_identifier 0000000180012460     sf_runtime:sf_runtime.dll
 0002:00000468       __imp_sf_mex_listen_for_ctrl_c_with_debugger 0000000180012468     sf_runtime:sf_runtime.dll
 0002:00000470       __imp_sim_mode_is_external 0000000180012470     sf_runtime:sf_runtime.dll
 0002:00000478       __imp_sim_mode_is_rtw_gen  0000000180012478     sf_runtime:sf_runtime.dll
 0002:00000480       __imp_sf_mark_chart_expressionable_inputs 0000000180012480     sf_runtime:sf_runtime.dll
 0002:00000488       __imp_sf_mark_chart_reusable_outputs 0000000180012488     sf_runtime:sf_runtime.dll
 0002:00000490       __imp_sf_is_chart_inlinable 0000000180012490     sf_runtime:sf_runtime.dll
 0002:00000498       __imp_sf_update_buildInfo  0000000180012498     sf_runtime:sf_runtime.dll
 0002:000004a0       __imp_sf_rtw_info_uint_prop 00000001800124a0     sf_runtime:sf_runtime.dll
 0002:000004a8       __imp_sf_get_chart_instance_ptr 00000001800124a8     sf_runtime:sf_runtime.dll
 0002:000004b0       __imp_sf_free_ChartRunTimeInfo 00000001800124b0     sf_runtime:sf_runtime.dll
 0002:000004b8       __imp_sf_init_ChartRunTimeInfo 00000001800124b8     sf_runtime:sf_runtime.dll
 0002:000004c0       __imp_sf_debug_set_machine_data_thresholds 00000001800124c0     sf_runtime:sf_runtime.dll
 0002:000004c8       __imp_sf_debug_set_machine_event_thresholds 00000001800124c8     sf_runtime:sf_runtime.dll
 0002:000004d0       __imp_sf_debug_initialize_machine 00000001800124d0     sf_runtime:sf_runtime.dll
 0002:000004d8       __imp_sf_load_rtw_optimization_info 00000001800124d8     sf_runtime:sf_runtime.dll
 0002:000004e0       __imp_cv_eml_init_relational 00000001800124e0     sf_runtime:sf_runtime.dll
 0002:000004e8       \177sf_runtime_NULL_THUNK_DATA 00000001800124e8     sf_runtime:sf_runtime.dll
 0002:000004f0       __xc_a                     00000001800124f0     MSVCRT:cinitexe.obj
 0002:000004f8       __xc_z                     00000001800124f8     MSVCRT:cinitexe.obj
 0002:00000500       __xi_a                     0000000180012500     MSVCRT:cinitexe.obj
 0002:00000518       __xi_z                     0000000180012518     MSVCRT:cinitexe.obj
 0002:00000520       __real@419755ab98000000    0000000180012520     usv_model_sfun.obj
 0002:00000528       __real@41cfa26a13000000    0000000180012528     usv_model_sfun.obj
 0002:00000530       __real@41d14d6252000000    0000000180012530     usv_model_sfun.obj
 0002:00000538       __real@41d7e7fe1a800000    0000000180012538     usv_model_sfun.obj
 0002:00000540       __real@41da91fd70400000    0000000180012540     usv_model_sfun.obj
 0002:00000548       __real@41db9ba3aac00000    0000000180012548     usv_model_sfun.obj
 0002:00000550       __real@41e03505f3800000    0000000180012550     usv_model_sfun.obj
 0002:00000558       __real@41e1575dbcc00000    0000000180012558     usv_model_sfun.obj
 0002:00000560       __real@41e195eb2ee00000    0000000180012560     usv_model_sfun.obj
 0002:00000568       __real@41e3ccbfdd400000    0000000180012568     usv_model_sfun.obj
 0002:00000570       __real@41e71f59b4c00000    0000000180012570     usv_model_sfun.obj
 0002:00000578       __real@41ebb1ce86800000    0000000180012578     usv_model_sfun.obj
 0002:00000580       __real@0000000000000000    0000000180012580     c6_usv_model.obj
 0002:00000588       __real@3ddb7cdfd9d7bdbb    0000000180012588     c6_usv_model.obj
 0002:00000590       __real@3f847ae147ae147b    0000000180012590     c6_usv_model.obj
 0002:00000598       __real@3f947ae147ae147b    0000000180012598     c6_usv_model.obj
 0002:000005a0       __real@3fa921fb54442d18    00000001800125a0     c6_usv_model.obj
 0002:000005a8       __real@3fe0000000000000    00000001800125a8     c6_usv_model.obj
 0002:000005b0       __real@3fe3333333333333    00000001800125b0     c6_usv_model.obj
 0002:000005b8       __real@3fe921fb54442d18    00000001800125b8     c6_usv_model.obj
 0002:000005c0       __real@3fe999999999999a    00000001800125c0     c6_usv_model.obj
 0002:000005c8       __real@3fea9fbe76c8b43a    00000001800125c8     c6_usv_model.obj
 0002:000005d0       __real@3fece147ae147ae1    00000001800125d0     c6_usv_model.obj
 0002:000005d8       __real@3fee666666666666    00000001800125d8     c6_usv_model.obj
 0002:000005e0       __real@3ff0000000000000    00000001800125e0     c6_usv_model.obj
 0002:000005e8       __real@4000000000000000    00000001800125e8     c6_usv_model.obj
 0002:000005f0       __real@4008000000000000    00000001800125f0     c6_usv_model.obj
 0002:000005f8       __real@400921fb54442d18    00000001800125f8     c6_usv_model.obj
 0002:00000600       __real@4010000000000000    0000000180012600     c6_usv_model.obj
 0002:00000608       __real@402399999999999a    0000000180012608     c6_usv_model.obj
 0002:00000610       __real@4024000000000000    0000000180012610     c6_usv_model.obj
 0002:00000618       __real@403399999999999a    0000000180012618     c6_usv_model.obj
 0002:00000620       __real@403909502b6a16a1    0000000180012620     c6_usv_model.obj
 0002:00000628       __real@40488b2f704a9409    0000000180012628     c6_usv_model.obj
 0002:00000630       __real@4066800000000000    0000000180012630     c6_usv_model.obj
 0002:00000638       __real@407e10e6e98e8ef2    0000000180012638     c6_usv_model.obj
 0002:00000640       __real@408f400000000000    0000000180012640     c6_usv_model.obj
 0002:00000648       __real@41d09b0c50400000    0000000180012648     c6_usv_model.obj
 0002:00000650       __real@41dc636bc5c00000    0000000180012650     c6_usv_model.obj
 0002:00000658       __real@41dcc7f5f2000000    0000000180012658     c6_usv_model.obj
 0002:00000660       __real@41e81fba95400000    0000000180012660     c6_usv_model.obj
 0002:00000668       __real@c024000000000000    0000000180012668     c6_usv_model.obj
 0002:00000670       __xmm@80000000000000008000000000000000 0000000180012670     c6_usv_model.obj
 0002:00000680       DYNAMIC_DIMENSION_DEF      0000000180012680     usv_model_sfun_registry.obj
 0002:000006a0       _ssBadLevel2InputAccessMsg 00000001800126a0     usv_model_sfun_registry.obj
 0002:00000830       _ssBadLevel2DirectFeedMsg  0000000180012830     usv_model_sfun_registry.obj
 0002:00000970       _ssBadLevel2DirectFeedSolutionMsg 0000000180012970     usv_model_sfun_registry.obj
 0002:000009e0       _ssBadLevel2ZeroDirectFeedMsg 00000001800129e0     usv_model_sfun_registry.obj
 0002:00000b20       _ssBadLevel2ZeroDirectFeedMsg2 0000000180012b20     usv_model_sfun_registry.obj
 0002:00000c08       __real@41602cbca0000000    0000000180012c08     usv_model_sfun_registry.obj
 0002:00000c10       __real@bff0000000000000    0000000180012c10     usv_model_sfun_registry.obj
 0002:00000c28       _pRawDllMain               0000000180012c28     MSVCRT:crtdll.obj
 0002:00000c28       _pDefaultRawDllMain        0000000180012c28     MSVCRT:crtdll.obj
 0002:00000c30       ?ProcessDetach@NativeDll@<CrtImplementationDetails>@@0IB 0000000180012c30     MSVCRT:initsect.obj
 0002:00000c34       ?ProcessAttach@NativeDll@<CrtImplementationDetails>@@0IB 0000000180012c34     MSVCRT:initsect.obj
 0002:00000c38       ?ThreadAttach@NativeDll@<CrtImplementationDetails>@@0IB 0000000180012c38     MSVCRT:initsect.obj
 0002:00000c3c       ?ThreadDetach@NativeDll@<CrtImplementationDetails>@@0IB 0000000180012c3c     MSVCRT:initsect.obj
 0002:00000c40       ?ProcessVerifier@NativeDll@<CrtImplementationDetails>@@0IB 0000000180012c40     MSVCRT:initsect.obj
 0002:00000c44       ?value@?$integral_constant@_N$0A@@std@@2_NB 0000000180012c44     MSVCRT:tncleanup.obj
 0002:00000c45       ?value@?$integral_constant@_N$00@std@@2_NB 0000000180012c45     MSVCRT:tncleanup.obj
 0002:00000c50       _load_config_used          0000000180012c50     MSVCRT:loadcfg.obj
 0002:00000cc0       __rtc_iaa                  0000000180012cc0     MSVCRT:initsect.obj
 0002:00000cc8       __rtc_izz                  0000000180012cc8     MSVCRT:initsect.obj
 0002:00000cd0       __rtc_taa                  0000000180012cd0     MSVCRT:initsect.obj
 0002:00000cd8       __rtc_tzz                  0000000180012cd8     MSVCRT:initsect.obj
 0002:00001574       __IMPORT_DESCRIPTOR_libmwlapack 0000000180013574     libmwlapack:libmwlapack.dll
 0002:00001588       __IMPORT_DESCRIPTOR_sf_runtime 0000000180013588     sf_runtime:sf_runtime.dll
 0002:0000159c       __IMPORT_DESCRIPTOR_libmx  000000018001359c     libmx:libmx.dll
 0002:000015b0       __IMPORT_DESCRIPTOR_libmex 00000001800135b0     libmex:libmex.dll
 0002:000015c4       __IMPORT_DESCRIPTOR_libut  00000001800135c4     libut:libut.dll
 0002:000015d8       __IMPORT_DESCRIPTOR_libmwmathutil 00000001800135d8     libmwmathutil:libmwmathutil.dll
 0002:000015ec       __IMPORT_DESCRIPTOR_MSVCR120 00000001800135ec     MSVCRT:MSVCR120.dll
 0002:00001600       __IMPORT_DESCRIPTOR_KERNEL32 0000000180013600     kernel32:KERNEL32.dll
 0002:00001614       __NULL_IMPORT_DESCRIPTOR   0000000180013614     libmwlapack:libmwlapack.dll
 0003:00001448       DYNAMIC_DIMENSION          0000000180016448     usv_model_sfun_registry.obj
 0003:00001d30       __security_cookie          0000000180016d30     MSVCRT:gs_cookie.obj
 0003:00001d38       __security_cookie_complement 0000000180016d38     MSVCRT:gs_cookie.obj
 0003:00001d40       _fltused                   0000000180016d40     MSVCRT:dllsupp.obj
 0003:00001d44       __native_dllmain_reason    0000000180016d44     MSVCRT:natstart.obj
 0003:00001d98       sfGlobalDebugInstanceStruct 0000000180016d98     usv_model_sfun_registry.obj
 0003:000023f8       ?__type_info_root_node@@3U__type_info_node@@A 00000001800173f8     MSVCRT:tncleanup.obj
 0003:00002408       _usv_modelMachineNumber_   0000000180017408     <common>
 0003:00002410       __native_startup_lock      0000000180017410     <common>
 0003:00002418       __native_startup_state     0000000180017418     <common>
 0003:00002420       __onexitend                0000000180017420     <common>
 0003:00002428       __onexitbegin              0000000180017428     <common>
 0003:00002430       __dyn_tls_init_callback    0000000180017430     <common>

 entry point at        0001:00010984

 Static symbols

 0000:00000000       .debug$S                   0000000180000000     sf_runtime:sf_runtime.dll
 0000:00000000       .debug$S                   0000000180000000     libmwlapack:libmwlapack.dll
 0000:00000000       .debug$S                   0000000180000000     sf_runtime:sf_runtime.dll
 0000:00000000       .debug$S                   0000000180000000     sf_runtime:sf_runtime.dll
 0000:00000000       .debug$S                   0000000180000000     sf_runtime:sf_runtime.dll
 0000:00000000       .debug$S                   0000000180000000     sf_runtime:sf_runtime.dll
 0000:00000000       .debug$S                   0000000180000000     kernel32:KERNEL32.dll
 0000:00000000       .debug$S                   0000000180000000     kernel32:KERNEL32.dll
 0000:00000000       .debug$S                   0000000180000000     kernel32:KERNEL32.dll
 0000:00000000       .debug$S                   0000000180000000     kernel32:KERNEL32.dll
 0000:00000000       .debug$S                   0000000180000000     kernel32:KERNEL32.dll
 0000:00000000       .debug$S                   0000000180000000     kernel32:KERNEL32.dll
 0000:00000000       .debug$S                   0000000180000000     kernel32:KERNEL32.dll
 0000:00000000       .debug$S                   0000000180000000     kernel32:KERNEL32.dll
 0000:00000000       .debug$S                   0000000180000000     kernel32:KERNEL32.dll
 0000:00000000       .debug$S                   0000000180000000     MSVCRT:MSVCR120.dll
 0000:00000000       .debug$S                   0000000180000000     MSVCRT:MSVCR120.dll
 0000:00000000       .debug$S                   0000000180000000     MSVCRT:MSVCR120.dll
 0000:00000000       .debug$S                   0000000180000000     MSVCRT:MSVCR120.dll
 0000:00000000       .debug$S                   0000000180000000     MSVCRT:MSVCR120.dll
 0000:00000000       .debug$S                   0000000180000000     MSVCRT:MSVCR120.dll
 0000:00000000       .debug$S                   0000000180000000     MSVCRT:MSVCR120.dll
 0000:00000000       .debug$S                   0000000180000000     MSVCRT:MSVCR120.dll
 0000:00000000       .debug$S                   0000000180000000     MSVCRT:MSVCR120.dll
 0000:00000000       .debug$S                   0000000180000000     MSVCRT:MSVCR120.dll
 0000:00000000       .debug$S                   0000000180000000     MSVCRT:MSVCR120.dll
 0000:00000000       .debug$S                   0000000180000000     MSVCRT:MSVCR120.dll
 0000:00000000       .debug$S                   0000000180000000     MSVCRT:MSVCR120.dll
 0000:00000000       .debug$S                   0000000180000000     MSVCRT:MSVCR120.dll
 0000:00000000       .debug$S                   0000000180000000     MSVCRT:MSVCR120.dll
 0000:00000000       .debug$S                   0000000180000000     MSVCRT:MSVCR120.dll
 0000:00000000       .debug$S                   0000000180000000     MSVCRT:MSVCR120.dll
 0000:00000000       .debug$S                   0000000180000000     MSVCRT:MSVCR120.dll
 0000:00000000       .debug$S                   0000000180000000     MSVCRT:MSVCR120.dll
 0000:00000000       .debug$S                   0000000180000000     MSVCRT:MSVCR120.dll
 0000:00000000       .debug$S                   0000000180000000     MSVCRT:MSVCR120.dll
 0000:00000000       .debug$S                   0000000180000000     MSVCRT:MSVCR120.dll
 0000:00000000       .debug$S                   0000000180000000     MSVCRT:MSVCR120.dll
 0000:00000000       .debug$S                   0000000180000000     MSVCRT:MSVCR120.dll
 0000:00000000       .debug$S                   0000000180000000     MSVCRT:MSVCR120.dll
 0000:00000000       .debug$S                   0000000180000000     sf_runtime:sf_runtime.dll
 0000:00000000       .debug$S                   0000000180000000     sf_runtime:sf_runtime.dll
 0000:00000000       .debug$S                   0000000180000000     sf_runtime:sf_runtime.dll
 0000:00000000       .debug$S                   0000000180000000     sf_runtime:sf_runtime.dll
 0000:00000000       .debug$S                   0000000180000000     sf_runtime:sf_runtime.dll
 0000:00000000       .debug$S                   0000000180000000     sf_runtime:sf_runtime.dll
 0000:00000000       .debug$S                   0000000180000000     sf_runtime:sf_runtime.dll
 0000:00000000       .debug$S                   0000000180000000     sf_runtime:sf_runtime.dll
 0000:00000000       .debug$S                   0000000180000000     sf_runtime:sf_runtime.dll
 0000:00000000       .debug$S                   0000000180000000     sf_runtime:sf_runtime.dll
 0000:00000000       .debug$S                   0000000180000000     sf_runtime:sf_runtime.dll
 0000:00000000       .debug$S                   0000000180000000     sf_runtime:sf_runtime.dll
 0000:00000000       .debug$S                   0000000180000000     sf_runtime:sf_runtime.dll
 0000:00000000       .debug$S                   0000000180000000     sf_runtime:sf_runtime.dll
 0000:00000000       .debug$S                   0000000180000000     sf_runtime:sf_runtime.dll
 0000:00000000       .debug$S                   0000000180000000     sf_runtime:sf_runtime.dll
 0000:00000000       .debug$S                   0000000180000000     sf_runtime:sf_runtime.dll
 0000:00000000       .debug$S                   0000000180000000     sf_runtime:sf_runtime.dll
 0000:00000000       .debug$S                   0000000180000000     sf_runtime:sf_runtime.dll
 0000:00000000       .debug$S                   0000000180000000     sf_runtime:sf_runtime.dll
 0000:00000000       .debug$S                   0000000180000000     sf_runtime:sf_runtime.dll
 0000:00000000       .debug$S                   0000000180000000     sf_runtime:sf_runtime.dll
 0000:00000000       .debug$S                   0000000180000000     sf_runtime:sf_runtime.dll
 0000:00000000       .debug$S                   0000000180000000     sf_runtime:sf_runtime.dll
 0000:00000000       .debug$S                   0000000180000000     sf_runtime:sf_runtime.dll
 0000:00000000       .debug$S                   0000000180000000     sf_runtime:sf_runtime.dll
 0000:00000000       .debug$S                   0000000180000000     sf_runtime:sf_runtime.dll
 0000:00000000       .debug$S                   0000000180000000     sf_runtime:sf_runtime.dll
 0000:00000000       .debug$S                   0000000180000000     sf_runtime:sf_runtime.dll
 0000:00000000       .debug$S                   0000000180000000     sf_runtime:sf_runtime.dll
 0000:00000000       .debug$S                   0000000180000000     sf_runtime:sf_runtime.dll
 0000:00000000       .debug$S                   0000000180000000     sf_runtime:sf_runtime.dll
 0000:00000000       .debug$S                   0000000180000000     sf_runtime:sf_runtime.dll
 0000:00000000       .debug$S                   0000000180000000     sf_runtime:sf_runtime.dll
 0000:00000000       .debug$S                   0000000180000000     sf_runtime:sf_runtime.dll
 0000:00000000       .debug$S                   0000000180000000     sf_runtime:sf_runtime.dll
 0000:00000000       .debug$S                   0000000180000000     libmwmathutil:libmwmathutil.dll
 0000:00000000       .debug$S                   0000000180000000     libmwmathutil:libmwmathutil.dll
 0000:00000000       .debug$S                   0000000180000000     libmwmathutil:libmwmathutil.dll
 0000:00000000       .debug$S                   0000000180000000     libmwmathutil:libmwmathutil.dll
 0000:00000000       .debug$S                   0000000180000000     libmwmathutil:libmwmathutil.dll
 0000:00000000       .debug$S                   0000000180000000     libmwmathutil:libmwmathutil.dll
 0000:00000000       .debug$S                   0000000180000000     libmwmathutil:libmwmathutil.dll
 0000:00000000       .debug$S                   0000000180000000     libmwmathutil:libmwmathutil.dll
 0000:00000000       .debug$S                   0000000180000000     sf_runtime:sf_runtime.dll
 0000:00000000       .debug$S                   0000000180000000     libut:libut.dll
 0000:00000000       .debug$S                   0000000180000000     libut:libut.dll
 0000:00000000       .debug$S                   0000000180000000     sf_runtime:sf_runtime.dll
 0000:00000000       .debug$S                   0000000180000000     libmex:libmex.dll
 0000:00000000       .debug$S                   0000000180000000     libmex:libmex.dll
 0000:00000000       .debug$S                   0000000180000000     libmex:libmex.dll
 0000:00000000       .debug$S                   0000000180000000     libmex:libmex.dll
 0000:00000000       .debug$S                   0000000180000000     libmex:libmex.dll
 0000:00000000       .debug$S                   0000000180000000     libmex:libmex.dll
 0000:00000000       .debug$S                   0000000180000000     libmex:libmex.dll
 0000:00000000       .debug$S                   0000000180000000     sf_runtime:sf_runtime.dll
 0000:00000000       .debug$S                   0000000180000000     libmx:libmx.dll
 0000:00000000       .debug$S                   0000000180000000     libmx:libmx.dll
 0000:00000000       .debug$S                   0000000180000000     libmx:libmx.dll
 0000:00000000       .debug$S                   0000000180000000     libmx:libmx.dll
 0000:00000000       .debug$S                   0000000180000000     libmx:libmx.dll
 0000:00000000       .debug$S                   0000000180000000     libmx:libmx.dll
 0000:00000000       .debug$S                   0000000180000000     libmx:libmx.dll
 0000:00000000       .debug$S                   0000000180000000     libmx:libmx.dll
 0000:00000000       .debug$S                   0000000180000000     sf_runtime:sf_runtime.dll
 0000:00000000       .debug$S                   0000000180000000     sf_runtime:sf_runtime.dll
 0000:00000000       .debug$S                   0000000180000000     sf_runtime:sf_runtime.dll
 0000:00000000       .debug$S                   0000000180000000     sf_runtime:sf_runtime.dll
 0000:00000000       .debug$S                   0000000180000000     sf_runtime:sf_runtime.dll
 0000:00000000       .debug$S                   0000000180000000     sf_runtime:sf_runtime.dll
 0000:00000000       .debug$S                   0000000180000000     sf_runtime:sf_runtime.dll
 0000:00000000       .debug$S                   0000000180000000     sf_runtime:sf_runtime.dll
 0000:00000000       .debug$S                   0000000180000000     sf_runtime:sf_runtime.dll
 0000:00000000       .debug$S                   0000000180000000     sf_runtime:sf_runtime.dll
 0000:00000000       .debug$S                   0000000180000000     sf_runtime:sf_runtime.dll
 0000:00000000       .debug$S                   0000000180000000     sf_runtime:sf_runtime.dll
 0000:00000000       .debug$S                   0000000180000000     sf_runtime:sf_runtime.dll
 0000:00000000       .debug$S                   0000000180000000     sf_runtime:sf_runtime.dll
 0000:00000000       .debug$S                   0000000180000000     sf_runtime:sf_runtime.dll
 0000:00000000       .debug$S                   0000000180000000     sf_runtime:sf_runtime.dll
 0000:00000000       .debug$S                   0000000180000000     sf_runtime:sf_runtime.dll
 0000:00000000       .debug$S                   0000000180000000     sf_runtime:sf_runtime.dll
 0000:00000000       .debug$S                   0000000180000000     sf_runtime:sf_runtime.dll
 0000:00000000       .debug$S                   0000000180000000     sf_runtime:sf_runtime.dll
 0000:00000000       .debug$S                   0000000180000000     sf_runtime:sf_runtime.dll
 0000:00000000       .debug$S                   0000000180000000     sf_runtime:sf_runtime.dll
 0000:00000000       .debug$S                   0000000180000000     sf_runtime:sf_runtime.dll
 0000:00000000       .debug$S                   0000000180000000     sf_runtime:sf_runtime.dll
 0000:00000000       .debug$S                   0000000180000000     sf_runtime:sf_runtime.dll
 0000:00000000       .debug$S                   0000000180000000     sf_runtime:sf_runtime.dll
 0000:00000000       .debug$S                   0000000180000000     sf_runtime:sf_runtime.dll
 0000:00000000       .debug$S                   0000000180000000     libmx:libmx.dll
 0000:00000000       .debug$S                   0000000180000000     sf_runtime:sf_runtime.dll
 0000:00000000       .debug$S                   0000000180000000     sf_runtime:sf_runtime.dll
 0000:00000000       .debug$S                   0000000180000000     sf_runtime:sf_runtime.dll
 0000:00000000       .debug$S                   0000000180000000     sf_runtime:sf_runtime.dll
 0000:00000000       .debug$S                   0000000180000000     libmx:libmx.dll
 0000:00000000       .debug$S                   0000000180000000     libmx:libmx.dll
 0000:00000000       .debug$S                   0000000180000000     libmx:libmx.dll
 0000:00000000       .debug$S                   0000000180000000     libmx:libmx.dll
 0000:00000000       .debug$S                   0000000180000000     libmx:libmx.dll
 0000:00000000       .debug$S                   0000000180000000     libmx:libmx.dll
 0000:00000000       .debug$S                   0000000180000000     libmx:libmx.dll
 0000:00000000       .debug$S                   0000000180000000     libmx:libmx.dll
 0000:00000000       .debug$S                   0000000180000000     libmx:libmx.dll
 0000:00000000       .debug$S                   0000000180000000     libmx:libmx.dll
 0000:00000000       .debug$S                   0000000180000000     libmx:libmx.dll
 0000:00000000       .debug$S                   0000000180000000     libmx:libmx.dll
 0000:00000000       .debug$S                   0000000180000000     libmx:libmx.dll
 0000:00000000       .debug$S                   0000000180000000     libmx:libmx.dll
 0001:00001320       chart_debug_initialization 0000000180002320 f   c6_usv_model.obj
 0001:00001f60       chart_debug_initialize_data_addresses 0000000180002f60 f   c6_usv_model.obj
 0001:000021d0       initialize_c6_usv_model    00000001800031d0 f   c6_usv_model.obj
 0001:00002240       initialize_params_c6_usv_model 0000000180003240 f   c6_usv_model.obj
 0001:00002250       enable_c6_usv_model        0000000180003250 f   c6_usv_model.obj
 0001:00002280       disable_c6_usv_model       0000000180003280 f   c6_usv_model.obj
 0001:000022b0       c6_update_debugger_state_c6_usv_model 00000001800032b0 f   c6_usv_model.obj
 0001:000022c0       get_sim_state_c6_usv_model 00000001800032c0 f   c6_usv_model.obj
 0001:00002580       set_sim_state_c6_usv_model 0000000180003580 f   c6_usv_model.obj
 0001:000026e0       finalize_c6_usv_model      00000001800036e0 f   c6_usv_model.obj
 0001:000026f0       sf_gateway_c6_usv_model    00000001800036f0 f   c6_usv_model.obj
 0001:00002bc0       mdl_start_c6_usv_model     0000000180003bc0 f   c6_usv_model.obj
 0001:00002bd0       c6_chartstep_c6_usv_model  0000000180003bd0 f   c6_usv_model.obj
 0001:000047c0       initSimStructsc6_usv_model 00000001800057c0 f   c6_usv_model.obj
 0001:000047d0       init_script_number_translation 00000001800057d0 f   c6_usv_model.obj
 0001:000047f0       c6_sf_marshallOut          00000001800057f0 f   c6_usv_model.obj
 0001:000048a0       c6_emlrt_marshallIn        00000001800058a0 f   c6_usv_model.obj
 0001:00004910       c6_b_emlrt_marshallIn      0000000180005910 f   c6_usv_model.obj
 0001:000049a0       c6_sf_marshallIn           00000001800059a0 f   c6_usv_model.obj
 0001:00004a50       c6_b_sf_marshallOut        0000000180005a50 f   c6_usv_model.obj
 0001:00004ba0       c6_c_emlrt_marshallIn      0000000180005ba0 f   c6_usv_model.obj
 0001:00004d10       c6_b_sf_marshallIn         0000000180005d10 f   c6_usv_model.obj
 0001:00004e50       c6_rdivide                 0000000180005e50 f   c6_usv_model.obj
 0001:00004ea0       c6_mpower                  0000000180005ea0 f   c6_usv_model.obj
 0001:00004f30       c6_fltpower_domain_error   0000000180005f30 f   c6_usv_model.obj
 0001:00005020       c6_error                   0000000180006020 f   c6_usv_model.obj
 0001:00005100       c6_b_mpower                0000000180006100 f   c6_usv_model.obj
 0001:000051a0       c6_b_error                 00000001800061a0 f   c6_usv_model.obj
 0001:000052f0       c6_roots                   00000001800062f0 f   c6_usv_model.obj
 0001:00005f30       c6_isfinite                0000000180006f30 f   c6_usv_model.obj
 0001:00006000       c6_c_error                 0000000180007000 f   c6_usv_model.obj
 0001:000060e0       c6_abs                     00000001800070e0 f   c6_usv_model.obj
 0001:00006120       c6_check_forloop_overflow_error 0000000180007120 f   c6_usv_model.obj
 0001:00006280       c6_eig                     0000000180007280 f   c6_usv_model.obj
 0001:00006620       c6_d_error                 0000000180007620 f   c6_usv_model.obj
 0001:00006700       c6_e_error                 0000000180007700 f   c6_usv_model.obj
 0001:000068d0       c6_warning                 00000001800078d0 f   c6_usv_model.obj
 0001:00006aa0       c6_e_emlrt_marshallIn      0000000180007aa0 f   c6_usv_model.obj
 0001:00006b10       c6_f_emlrt_marshallIn      0000000180007b10 f   c6_usv_model.obj
 0001:00006ba0       c6_b_sqrt                  0000000180007ba0 f   c6_usv_model.obj
 0001:00006c30       init_dsm_address_info      0000000180007c30 f   c6_usv_model.obj
 0001:00006c40       init_simulink_io_address   0000000180007c40 f   c6_usv_model.obj
 0001:00007aa0       sf_get_sim_state_info_c6_usv_model 0000000180008aa0 f   c6_usv_model.obj
 0001:00007b70       sf_get_instance_specialization 0000000180008b70 f   c6_usv_model.obj
 0001:00007b80       sf_opaque_initialize_c6_usv_model 0000000180008b80 f   c6_usv_model.obj
 0001:00007bc0       sf_opaque_enable_c6_usv_model 0000000180008bc0 f   c6_usv_model.obj
 0001:00007be0       sf_opaque_disable_c6_usv_model 0000000180008be0 f   c6_usv_model.obj
 0001:00007c00       sf_opaque_gateway_c6_usv_model 0000000180008c00 f   c6_usv_model.obj
 0001:00007c20       sf_opaque_get_sim_state_c6_usv_model 0000000180008c20 f   c6_usv_model.obj
 0001:00007c50       sf_opaque_set_sim_state_c6_usv_model 0000000180008c50 f   c6_usv_model.obj
 0001:00007c80       sf_opaque_terminate_c6_usv_model 0000000180008c80 f   c6_usv_model.obj
 0001:00007d20       mdlProcessParameters_c6_usv_model 0000000180008d20 f   c6_usv_model.obj
 0001:00007de0       mdlSetWorkWidths_c6_usv_model 0000000180008de0 f   c6_usv_model.obj
 0001:00008450       mdlRTW_c6_usv_model        0000000180009450 f   c6_usv_model.obj
 0001:00008490       mdlStart_c6_usv_model      0000000180009490 f   c6_usv_model.obj
 0001:000099d8       $LN120                     000000018000a9d8     usv_model_sfun_registry.obj
 0001:0000b5a4       $LN17                      000000018000c5a4     usv_model_sfun_registry.obj
 0001:0000bb2c       $LN26                      000000018000cb2c     usv_model_sfun_registry.obj
 0001:0000c214       $LN23                      000000018000d214     usv_model_sfun_registry.obj
 0001:0000c7f0       $LN26                      000000018000d7f0     usv_model_sfun_registry.obj
 0001:0000e720       sf_debug_api_wrapper       000000018000f720 f   usv_model_sfun_registry.obj
 0001:0000e770       ProcessMexSfunctionCmdLineCall 000000018000f770 f   usv_model_sfun_registry.obj
 0001:0000eb20       mdlSetWorkWidths           000000018000fb20 f   usv_model_sfun_registry.obj
 0001:0000eb50       mdlProcessParameters       000000018000fb50 f   usv_model_sfun_registry.obj
 0001:0000eb80       mdl_start_processing       000000018000fb80 f   usv_model_sfun_registry.obj
 0001:0000ec30       mdl_terminate_processing   000000018000fc30 f   usv_model_sfun_registry.obj
 0001:0000ecb0       mdlStart                   000000018000fcb0 f   usv_model_sfun_registry.obj
 0001:0000ece0       mdlTerminate               000000018000fce0 f   usv_model_sfun_registry.obj
 0001:0000ed10       mdlInitializeSizes         000000018000fd10 f   usv_model_sfun_registry.obj
 0001:0000ed40       mdlInitializeSampleTimes   000000018000fd40 f   usv_model_sfun_registry.obj
 0001:0000ed70       mdl_outputs_continuous_legacy 000000018000fd70 f   usv_model_sfun_registry.obj
 0001:0000ee70       mdl_outputs_processing     000000018000fe70 f   usv_model_sfun_registry.obj
 0001:0000ef90       mdl_zeroCrossings_processing 000000018000ff90 f   usv_model_sfun_registry.obj
 0001:0000efd0       mdlZeroCrossings           000000018000ffd0 f   usv_model_sfun_registry.obj
 0001:0000f000       mdl_derivatives_processing 0000000180010000 f   usv_model_sfun_registry.obj
 0001:0000f050       mdlDerivatives             0000000180010050 f   usv_model_sfun_registry.obj
 0001:0000f080       mdl_initialize_conditions_processing 0000000180010080 f   usv_model_sfun_registry.obj
 0001:0000f0d0       mdlInitializeConditions    00000001800100d0 f   usv_model_sfun_registry.obj
 0001:0000f100       mdl_ext_mode_exec_processing 0000000180010100 f   usv_model_sfun_registry.obj
 0001:0000f140       mdlExtModeExec             0000000180010140 f   usv_model_sfun_registry.obj
 0001:0000f170       mdlRTW                     0000000180010170 f   usv_model_sfun_registry.obj
 0001:0000f1b0       mdl_enable_processing      00000001800101b0 f   usv_model_sfun_registry.obj
 0001:0000f1f0       mdlEnable                  00000001800101f0 f   usv_model_sfun_registry.obj
 0001:0000f220       mdl_disable_processing     0000000180010220 f   usv_model_sfun_registry.obj
 0001:0000f260       mdlDisable                 0000000180010260 f   usv_model_sfun_registry.obj
 0001:0000f290       mdlOutputs                 0000000180010290 f   usv_model_sfun_registry.obj
 0001:0000f2c0       mdl_update_processing      00000001800102c0 f   usv_model_sfun_registry.obj
 0001:0000f310       mdlUpdate                  0000000180010310 f   usv_model_sfun_registry.obj
 0001:0000f4f0       mdlGetTimeOfNextVarHit     00000001800104f0 f   usv_model_sfun_registry.obj
 0001:0000f540       _RegNumInputPortsCB        0000000180010540 f   usv_model_sfun_registry.obj
 0001:0000f5c0       _RegNumOutputPortsCB       00000001800105c0 f   usv_model_sfun_registry.obj
 0001:0000f640       _CreateSimStruct           0000000180010640 f   usv_model_sfun_registry.obj
 0001:0000f820       _ssFatalError              0000000180010820 f   usv_model_sfun_registry.obj
 0001:0000f8f0       _ProcessMexSfunctionCmdLineCall 00000001800108f0 f   usv_model_sfun_registry.obj
 0001:00010670       $$000000                   0000000180011670     MSVCRT:amdsecgs.obj
 0001:000106cc       pre_c_init                 00000001800116cc f   MSVCRT:crtdll.obj
 0001:000109c4       __DllMainCRTStartup        00000001800119c4 f   MSVCRT:crtdll.obj
 0001:00010ee0       __DllMainCRTStartup$filt$0 0000000180011ee0 f   MSVCRT:crtdll.obj
 0001:00010f05       __DllMainCRTStartup$fin$1  0000000180011f05 f   MSVCRT:crtdll.obj
 0001:00010f20       _IsNonwritableInCurrentImage$filt$0 0000000180011f20 f   MSVCRT:pesect.obj
 0001:00010f40       _onexit$fin$0              0000000180011f40 f   MSVCRT:atonexit.obj
 0002:00000508       pcinit                     0000000180012508     MSVCRT:crtdll.obj
 0002:00000510       pinit                      0000000180012510     MSVCRT:atonexit.obj
 0002:00000c18       GS_ExceptionPointers       0000000180012c18     MSVCRT:gs_report.obj
 0002:00000ce0       $unwind$load_usv_model_optimization_info 0000000180012ce0     usv_model_sfun.obj
 0002:00000ce8       $unwind$unload_usv_model_optimization_info 0000000180012ce8     usv_model_sfun.obj
 0002:00000cf0       $unwind$sf_usv_model_method_dispatcher 0000000180012cf0     usv_model_sfun.obj
 0002:00000cf8       $unwind$sf_usv_model_uses_exported_functions 0000000180012cf8     usv_model_sfun.obj
 0002:00000d00       $unwind$sf_usv_model_process_check_sum_call 0000000180012d00     usv_model_sfun.obj
 0002:00000d10       $unwind$sf_usv_model_autoinheritance_info 0000000180012d10     usv_model_sfun.obj
 0002:00000d20       $unwind$sf_usv_model_get_eml_resolved_functions_info 0000000180012d20     usv_model_sfun.obj
 0002:00000d30       $unwind$sf_usv_model_third_party_uses_info 0000000180012d30     usv_model_sfun.obj
 0002:00000d40       $unwind$sf_usv_model_jit_fallback_info 0000000180012d40     usv_model_sfun.obj
 0002:00000d50       $unwind$sf_usv_model_updateBuildInfo_args_info 0000000180012d50     usv_model_sfun.obj
 0002:00000d60       $unwind$sf_usv_model_get_post_codegen_info 0000000180012d60     usv_model_sfun.obj
 0002:00000d70       $unwind$usv_model_debug_initialize 0000000180012d70     usv_model_sfun.obj
 0002:00000d78       $unwind$sf_c6_usv_model_get_eml_resolved_functions_info 0000000180012d78     c6_usv_model.obj
 0002:00000d80       $unwind$sf_c6_usv_model_get_check_sum 0000000180012d80     c6_usv_model.obj
 0002:00000d88       $unwind$c6_usv_model_method_dispatcher 0000000180012d88     c6_usv_model.obj
 0002:00000d90       $unwind$chart_debug_initialization 0000000180012d90     c6_usv_model.obj
 0002:00000d98       $unwind$chart_debug_initialize_data_addresses 0000000180012d98     c6_usv_model.obj
 0002:00000da0       $unwind$initialize_c6_usv_model 0000000180012da0     c6_usv_model.obj
 0002:00000da8       $unwind$enable_c6_usv_model 0000000180012da8     c6_usv_model.obj
 0002:00000db0       $unwind$disable_c6_usv_model 0000000180012db0     c6_usv_model.obj
 0002:00000db8       $unwind$get_sim_state_c6_usv_model 0000000180012db8     c6_usv_model.obj
 0002:00000dc0       $unwind$set_sim_state_c6_usv_model 0000000180012dc0     c6_usv_model.obj
 0002:00000dc8       $unwind$sf_gateway_c6_usv_model 0000000180012dc8     c6_usv_model.obj
 0002:00000dd0       $unwind$c6_chartstep_c6_usv_model 0000000180012dd0     c6_usv_model.obj
 0002:00000de4       $unwind$c6_sf_marshallOut  0000000180012de4     c6_usv_model.obj
 0002:00000dec       $unwind$c6_emlrt_marshallIn 0000000180012dec     c6_usv_model.obj
 0002:00000df4       $unwind$c6_b_emlrt_marshallIn 0000000180012df4     c6_usv_model.obj
 0002:00000dfc       $unwind$c6_sf_marshallIn   0000000180012dfc     c6_usv_model.obj
 0002:00000e04       $unwind$c6_b_sf_marshallOut 0000000180012e04     c6_usv_model.obj
 0002:00000e18       $unwind$c6_c_emlrt_marshallIn 0000000180012e18     c6_usv_model.obj
 0002:00000e2c       $unwind$c6_b_sf_marshallIn 0000000180012e2c     c6_usv_model.obj
 0002:00000e40       $unwind$c6_rdivide         0000000180012e40     c6_usv_model.obj
 0002:00000e48       $unwind$c6_mpower          0000000180012e48     c6_usv_model.obj
 0002:00000e50       $unwind$c6_fltpower_domain_error 0000000180012e50     c6_usv_model.obj
 0002:00000e58       $unwind$c6_error           0000000180012e58     c6_usv_model.obj
 0002:00000e60       $unwind$c6_b_mpower        0000000180012e60     c6_usv_model.obj
 0002:00000e68       $unwind$c6_b_error         0000000180012e68     c6_usv_model.obj
 0002:00000e70       $unwind$c6_roots           0000000180012e70     c6_usv_model.obj
 0002:00000e84       $unwind$c6_isfinite        0000000180012e84     c6_usv_model.obj
 0002:00000e8c       $unwind$c6_c_error         0000000180012e8c     c6_usv_model.obj
 0002:00000e94       $unwind$c6_abs             0000000180012e94     c6_usv_model.obj
 0002:00000e9c       $unwind$c6_check_forloop_overflow_error 0000000180012e9c     c6_usv_model.obj
 0002:00000ea4       $unwind$c6_eig             0000000180012ea4     c6_usv_model.obj
 0002:00000eb8       $unwind$c6_d_error         0000000180012eb8     c6_usv_model.obj
 0002:00000ec0       $unwind$c6_e_error         0000000180012ec0     c6_usv_model.obj
 0002:00000ec8       $unwind$c6_warning         0000000180012ec8     c6_usv_model.obj
 0002:00000ed0       $unwind$c6_e_emlrt_marshallIn 0000000180012ed0     c6_usv_model.obj
 0002:00000ed8       $unwind$c6_f_emlrt_marshallIn 0000000180012ed8     c6_usv_model.obj
[...]
 0004:0000003c       $pdata$sf_usv_model_autoinheritance_info 000000018001803c     usv_model_sfun.obj
 0004:00000048       $pdata$sf_usv_model_get_eml_resolved_functions_info 0000000180018048     usv_model_sfun.obj
 0004:00000054       $pdata$sf_usv_model_third_party_uses_info 0000000180018054     usv_model_sfun.obj
 0004:00000060       $pdata$sf_usv_model_jit_fallback_info 0000000180018060     usv_model_sfun.obj
 0004:0000006c       $pdata$sf_usv_model_updateBuildInfo_args_info 000000018001806c     usv_model_sfun.obj
 0004:00000078       $pdata$sf_usv_model_get_post_codegen_info 0000000180018078     usv_model_sfun.obj
 0004:00000084       $pdata$usv_model_debug_initialize 0000000180018084     usv_model_sfun.obj
 0004:00000090       $pdata$sf_c6_usv_model_get_eml_resolved_functions_info 0000000180018090     c6_usv_model.obj
 0004:0000009c       $pdata$sf_c6_usv_model_get_check_sum 000000018001809c     c6_usv_model.obj
 0004:000000a8       $pdata$c6_usv_model_method_dispatcher 00000001800180a8     c6_usv_model.obj
 0004:000000b4       $pdata$chart_debug_initialization 00000001800180b4     c6_usv_model.obj
 0004:000000c0       $pdata$chart_debug_initialize_data_addresses 00000001800180c0     c6_usv_model.obj
 0004:000000cc       $pdata$initialize_c6_usv_model 00000001800180cc     c6_usv_model.obj
 0004:000000d8       $pdata$enable_c6_usv_model 00000001800180d8     c6_usv_model.obj
 0004:000000e4       $pdata$disable_c6_usv_model 00000001800180e4     c6_usv_model.obj
 0004:000000f0       $pdata$get_sim_state_c6_usv_model 00000001800180f0     c6_usv_model.obj
 0004:000000fc       $pdata$set_sim_state_c6_usv_model 00000001800180fc     c6_usv_model.obj
 0004:00000108       $pdata$sf_gateway_c6_usv_model 0000000180018108     c6_usv_model.obj
 0004:00000114       $pdata$c6_chartstep_c6_usv_model 0000000180018114     c6_usv_model.obj
 0004:00000120       $pdata$c6_sf_marshallOut   0000000180018120     c6_usv_model.obj
 0004:0000012c       $pdata$c6_emlrt_marshallIn 000000018001812c     c6_usv_model.obj
 0004:00000138       $pdata$c6_b_emlrt_marshallIn 0000000180018138     c6_usv_model.obj
 0004:00000144       $pdata$c6_sf_marshallIn    0000000180018144     c6_usv_model.obj
 0004:00000150       $pdata$c6_b_sf_marshallOut 0000000180018150     c6_usv_model.obj
 0004:0000015c       $pdata$c6_c_emlrt_marshallIn 000000018001815c     c6_usv_model.obj
 0004:00000168       $pdata$c6_b_sf_marshallIn  0000000180018168     c6_usv_model.obj
 0004:00000174       $pdata$c6_rdivide          0000000180018174     c6_usv_model.obj
 0004:00000180       $pdata$c6_mpower           0000000180018180     c6_usv_model.obj
 0004:0000018c       $pdata$c6_fltpower_domain_error 000000018001818c     c6_usv_model.obj
 0004:00000198       $pdata$c6_error            0000000180018198     c6_usv_model.obj
 0004:000001a4       $pdata$c6_b_mpower         00000001800181a4     c6_usv_model.obj
 0004:000001b0       $pdata$c6_b_error          00000001800181b0     c6_usv_model.obj
 0004:000001bc       $pdata$c6_roots            00000001800181bc     c6_usv_model.obj
 0004:000001c8       $pdata$c6_isfinite         00000001800181c8     c6_usv_model.obj
 0004:000001d4       $pdata$c6_c_error          00000001800181d4     c6_usv_model.obj
 0004:000001e0       $pdata$c6_abs              00000001800181e0     c6_usv_model.obj
 0004:000001ec       $pdata$c6_check_forloop_overflow_error 00000001800181ec     c6_usv_model.obj
 0004:000001f8       $pdata$c6_eig              00000001800181f8     c6_usv_model.obj
 0004:00000204       $pdata$c6_d_error          0000000180018204     c6_usv_model.obj
 0004:00000210       $pdata$c6_e_error          0000000180018210     c6_usv_model.obj
 0004:0000021c       $pdata$c6_warning          000000018001821c     c6_usv_model.obj
 0004:00000228       $pdata$c6_e_emlrt_marshallIn 0000000180018228     c6_usv_model.obj
 0004:00000234       $pdata$c6_f_emlrt_marshallIn 0000000180018234     c6_usv_model.obj
 0004:00000240       $pdata$c6_b_sqrt           0000000180018240     c6_usv_model.obj
 0004:0000024c       $pdata$init_simulink_io_address 000000018001824c     c6_usv_model.obj
 0004:00000258       $pdata$sf_c6_usv_model_get_post_codegen_info 0000000180018258     c6_usv_model.obj
 0004:00000264       $pdata$sf_c6_usv_model_get_autoinheritance_info 0000000180018264     c6_usv_model.obj
 0004:00000270       $pdata$sf_c6_usv_model_third_party_uses_info 0000000180018270     c6_usv_model.obj
 0004:0000027c       $pdata$sf_c6_usv_model_jit_fallback_info 000000018001827c     c6_usv_model.obj
 0004:00000288       $pdata$sf_c6_usv_model_updateBuildInfo_args_info 0000000180018288     c6_usv_model.obj
 0004:00000294       $pdata$sf_get_sim_state_info_c6_usv_model 0000000180018294     c6_usv_model.obj
 0004:000002a0       $pdata$sf_opaque_initialize_c6_usv_model 00000001800182a0     c6_usv_model.obj
 0004:000002ac       $pdata$sf_opaque_enable_c6_usv_model 00000001800182ac     c6_usv_model.obj
 0004:000002b8       $pdata$sf_opaque_disable_c6_usv_model 00000001800182b8     c6_usv_model.obj
 0004:000002c4       $pdata$sf_opaque_gateway_c6_usv_model 00000001800182c4     c6_usv_model.obj
 0004:000002d0       $pdata$sf_opaque_get_sim_state_c6_usv_model 00000001800182d0     c6_usv_model.obj
 0004:000002dc       $pdata$sf_opaque_set_sim_state_c6_usv_model 00000001800182dc     c6_usv_model.obj
 0004:000002e8       $pdata$sf_opaque_terminate_c6_usv_model 00000001800182e8     c6_usv_model.obj
 0004:000002f4       $pdata$mdlProcessParameters_c6_usv_model 00000001800182f4     c6_usv_model.obj
 0004:00000300       $pdata$mdlSetWorkWidths_c6_usv_model 0000000180018300     c6_usv_model.obj
 0004:0000030c       $pdata$mdlRTW_c6_usv_model 000000018001830c     c6_usv_model.obj
 0004:00000318       $pdata$mdlStart_c6_usv_model 0000000180018318     c6_usv_model.obj
 0004:00000324       $pdata$mexFunction         0000000180018324     usv_model_sfun_registry.obj
 0004:00000330       $pdata$_ssSetInputPortDirectFeedThroughFcn 0000000180018330     usv_model_sfun_registry.obj
 0004:0000033c       $pdata$_ssGetInputPortSignalPtrsFcn 000000018001833c     usv_model_sfun_registry.obj
 0004:00000348       $pdata$_ssGetInputPortSignalFcn 0000000180018348     usv_model_sfun_registry.obj
 0004:00000354       $pdata$_ssSetInputPortReusableFcn 0000000180018354     usv_model_sfun_registry.obj
 0004:00000360       $pdata$_ssSetOutputPortReusableFcn 0000000180018360     usv_model_sfun_registry.obj
 0004:0000036c       $pdata$_ssSetSymbolicDimsSupport 000000018001836c     usv_model_sfun_registry.obj
 0004:00000378       $pdata$_ssRegisterSymbolicDimsExpr 0000000180018378     usv_model_sfun_registry.obj
 0004:00000384       $pdata$_ssRegisterSymbolicDims 0000000180018384     usv_model_sfun_registry.obj
 0004:00000390       $pdata$_ssRegisterSymbolicDimsString 0000000180018390     usv_model_sfun_registry.obj
 0004:0000039c       $pdata$_ssRegisterSymbolicDimsIntValue 000000018001839c     usv_model_sfun_registry.obj
 0004:000003a8       $pdata$_ssRegisterSymbolicDimsPlus 00000001800183a8     usv_model_sfun_registry.obj
 0004:000003b4       $pdata$_ssRegisterSymbolicDimsMinus 00000001800183b4     usv_model_sfun_registry.obj
 0004:000003c0       $pdata$_ssRegisterSymbolicDimsMultiply 00000001800183c0     usv_model_sfun_registry.obj
 0004:000003cc       $pdata$_ssRegisterSymbolicDimsDivide 00000001800183cc     usv_model_sfun_registry.obj
 0004:000003d8       $pdata$_ssGetNumSymbolicDims 00000001800183d8     usv_model_sfun_registry.obj
 0004:000003e4       $pdata$_ssGetSymbolicDim   00000001800183e4     usv_model_sfun_registry.obj
 0004:000003f0       $pdata$_ssSetInputPortSymbolicDimsId 00000001800183f0     usv_model_sfun_registry.obj
 0004:000003fc       $pdata$_ssGetCompInputPortSymbolicDimsId 00000001800183fc     usv_model_sfun_registry.obj
 0004:00000408       $pdata$_ssSetCompInputPortSymbolicDimsId 0000000180018408     usv_model_sfun_registry.obj
 0004:00000414       $pdata$_ssSetOutputPortSymbolicDimsId 0000000180018414     usv_model_sfun_registry.obj
 0004:00000420       $pdata$_ssGetCompOutputPortSymbolicDimsId 0000000180018420     usv_model_sfun_registry.obj
 0004:0000042c       $pdata$_ssSetCompOutputPortSymbolicDimsId 000000018001842c     usv_model_sfun_registry.obj
 0004:00000438       $pdata$_ssSetCompDWorkSymbolicDimsId 0000000180018438     usv_model_sfun_registry.obj
 0004:00000444       $pdata$ssGetIsZeroCrossControlDisabled 0000000180018444     usv_model_sfun_registry.obj
 0004:00000450       $pdata$ssSetIsInputPortUsedForContZcSignal 0000000180018450     usv_model_sfun_registry.obj
 0004:0000045c       $pdata$ssSetZcSignalIsZcElementDisc 000000018001845c     usv_model_sfun_registry.obj
 0004:00000468       $pdata$ssSetZcSignalName   0000000180018468     usv_model_sfun_registry.obj
 0004:00000474       $pdata$ssSetZcSignalWidth  0000000180018474     usv_model_sfun_registry.obj
 0004:00000480       $pdata$ssSetZcSignalZcEventType 0000000180018480     usv_model_sfun_registry.obj
 0004:0000048c       $pdata$ssSetZcSignalType   000000018001848c     usv_model_sfun_registry.obj
 0004:00000498       $pdata$ssSetZcSignalZcTol  0000000180018498     usv_model_sfun_registry.obj
 0004:000004a4       $pdata$ssSetZcSignalNeedsEventNotification 00000001800184a4     usv_model_sfun_registry.obj
 0004:000004b0       $pdata$ssCreateAndAddZcSignalInfo 00000001800184b0     usv_model_sfun_registry.obj
 0004:000004bc       $pdata$ssCloneAndAddZcSignalInfo 00000001800184bc     usv_model_sfun_registry.obj
 0004:000004c8       $pdata$ssGetNumZcSignals   00000001800184c8     usv_model_sfun_registry.obj
 0004:000004d4       $pdata$ssGetZcSignalVector 00000001800184d4     usv_model_sfun_registry.obj
 0004:000004e0       $pdata$ssGetZcSignalName   00000001800184e0     usv_model_sfun_registry.obj
 0004:000004ec       $pdata$ssGetZcSignalWidth  00000001800184ec     usv_model_sfun_registry.obj
 0004:000004f8       $pdata$ssGetZcSignalZcEventType 00000001800184f8     usv_model_sfun_registry.obj
 0004:00000504       $pdata$ssGetZcSignalZcEvents 0000000180018504     usv_model_sfun_registry.obj
 0004:00000510       $pdata$ssGetZcSignalType   0000000180018510     usv_model_sfun_registry.obj
 0004:0000051c       $pdata$ssGetZcSignalZcTol  000000018001851c     usv_model_sfun_registry.obj
 0004:00000528       $pdata$ssGetZcSignalNeedsEventNotification 0000000180018528     usv_model_sfun_registry.obj
 0004:00000534       $pdata$ssGetZcSignalIsZcElementDisc 0000000180018534     usv_model_sfun_registry.obj
 0004:00000540       $pdata$ssGetIsInputPortElementContinuous 0000000180018540     usv_model_sfun_registry.obj
 0004:0000054c       $pdata$ssGetDTypeIdFromMxArray 000000018001854c     usv_model_sfun_registry.obj
 0004:00000558       $pdata$ssWriteRTWStr       0000000180018558     usv_model_sfun_registry.obj
 0004:00000564       $pdata$ssWriteRTWNameValuePair 0000000180018564     usv_model_sfun_registry.obj
 0004:00000570       $pdata$ssWriteRTWParamSettings 0000000180018570     usv_model_sfun_registry.obj
 0004:0000057c       $pdata$ssWriteRTWParameters 000000018001857c     usv_model_sfun_registry.obj
 0004:00000588       $pdata$ssWriteRTWWorkVect  0000000180018588     usv_model_sfun_registry.obj
 0004:00000594       $pdata$ssWriteRTWMxVectParam 0000000180018594     usv_model_sfun_registry.obj
 0004:000005a0       $pdata$ssWriteRTWMx2dMatParam 00000001800185a0     usv_model_sfun_registry.obj
 0004:000005ac       $pdata$_ssSetInputPortMatrixDimensions 00000001800185ac     usv_model_sfun_registry.obj
 0004:000005b8       $pdata$_ssSetOutputPortMatrixDimensions 00000001800185b8     usv_model_sfun_registry.obj
 0004:000005c4       $pdata$_ssSetInputPortVectorDimension 00000001800185c4     usv_model_sfun_registry.obj
 0004:000005d0       $pdata$_ssSetOutputPortVectorDimension 00000001800185d0     usv_model_sfun_registry.obj
 0004:000005dc       $pdata$ssIsRunTimeParamTunable 00000001800185dc     usv_model_sfun_registry.obj
 0004:000005e8       $pdata$ssGetSFuncBlockHandle 00000001800185e8     usv_model_sfun_registry.obj
 0004:000005f4       $pdata$_ssGetCurrentInputPortWidth 00000001800185f4     usv_model_sfun_registry.obj
 0004:00000600       $pdata$_ssGetCurrentOutputPortWidth 0000000180018600     usv_model_sfun_registry.obj
 0004:0000060c       $pdata$_ssGetCallSystemNumFcnCallDestinations 000000018001860c     usv_model_sfun_registry.obj
 0004:00000618       $pdata$ssGetParameterTuningCompliance 0000000180018618     usv_model_sfun_registry.obj
 0004:00000624       $pdata$ssWarning           0000000180018624     usv_model_sfun_registry.obj
 0004:00000630       $pdata$_ssGetAbsTol        0000000180018630     usv_model_sfun_registry.obj
 0004:0000063c       $pdata$sf_process_check_sum_call 000000018001863c     usv_model_sfun_registry.obj
 0004:00000648       $pdata$sf_process_machine_uses_exported_functions_call 0000000180018648     usv_model_sfun_registry.obj
 0004:00000654       $pdata$sf_process_autoinheritance_call 0000000180018654     usv_model_sfun_registry.obj
 0004:00000660       $pdata$sf_process_get_third_party_uses_info_call 0000000180018660     usv_model_sfun_registry.obj
 0004:0000066c       $pdata$sf_process_get_jit_fallback_info_call 000000018001866c     usv_model_sfun_registry.obj
 0004:00000678       $pdata$sf_process_get_updateBuildInfo_args_info_call 0000000180018678     usv_model_sfun_registry.obj
 0004:00000684       $pdata$sf_process_get_eml_resolved_functions_info_call 0000000180018684     usv_model_sfun_registry.obj
 0004:00000690       $pdata$sf_process_get_post_codegen_info 0000000180018690     usv_model_sfun_registry.obj
 0004:0000069c       $pdata$sf_mex_unlock_call  000000018001869c     usv_model_sfun_registry.obj
 0004:000006a8       $pdata$sf_debug_api_wrapper 00000001800186a8     usv_model_sfun_registry.obj
 0004:000006b4       $pdata$ProcessMexSfunctionCmdLineCall 00000001800186b4     usv_model_sfun_registry.obj
 0004:000006c0       $pdata$sf_machine_global_initializer_called 00000001800186c0     usv_model_sfun_registry.obj
 0004:000006cc       $pdata$sf_machine_global_method_dispatcher 00000001800186cc     usv_model_sfun_registry.obj
 0004:000006d8       $pdata$sf_machine_global_terminator 00000001800186d8     usv_model_sfun_registry.obj
 0004:000006e4       $pdata$sf_register_machine_exported_symbols 00000001800186e4     usv_model_sfun_registry.obj
 0004:000006f0       $pdata$sf_machine_global_initializer 00000001800186f0     usv_model_sfun_registry.obj
 0004:000006fc       $pdata$mdlGetSimState      00000001800186fc     usv_model_sfun_registry.obj
 0004:00000708       $pdata$mdlSetSimState      0000000180018708     usv_model_sfun_registry.obj
 0004:00000714       $pdata$mdlSetWorkWidths    0000000180018714     usv_model_sfun_registry.obj
 0004:00000720       $pdata$mdlProcessParameters 0000000180018720     usv_model_sfun_registry.obj
 0004:0000072c       $pdata$mdl_start_processing 000000018001872c     usv_model_sfun_registry.obj
 0004:00000738       $pdata$mdl_terminate_processing 0000000180018738     usv_model_sfun_registry.obj
 0004:00000744       $pdata$mdlStart            0000000180018744     usv_model_sfun_registry.obj
 0004:00000750       $pdata$mdlTerminate        0000000180018750     usv_model_sfun_registry.obj
 0004:0000075c       $pdata$mdlInitializeSizes  000000018001875c     usv_model_sfun_registry.obj
 0004:00000768       $pdata$mdlInitializeSampleTimes 0000000180018768     usv_model_sfun_registry.obj
 0004:00000774       $pdata$mdl_outputs_continuous_legacy 0000000180018774     usv_model_sfun_registry.obj
 0004:00000780       $pdata$mdl_outputs_processing 0000000180018780     usv_model_sfun_registry.obj
 0004:0000078c       $pdata$mdl_zeroCrossings_processing 000000018001878c     usv_model_sfun_registry.obj
 0004:00000798       $pdata$mdlZeroCrossings    0000000180018798     usv_model_sfun_registry.obj
 0004:000007a4       $pdata$mdl_derivatives_processing 00000001800187a4     usv_model_sfun_registry.obj
 0004:000007b0       $pdata$mdlDerivatives      00000001800187b0     usv_model_sfun_registry.obj
 0004:000007bc       $pdata$mdl_initialize_conditions_processing 00000001800187bc     usv_model_sfun_registry.obj
 0004:000007c8       $pdata$mdlInitializeConditions 00000001800187c8     usv_model_sfun_registry.obj
 0004:000007d4       $pdata$mdl_ext_mode_exec_processing 00000001800187d4     usv_model_sfun_registry.obj
 0004:000007e0       $pdata$mdlExtModeExec      00000001800187e0     usv_model_sfun_registry.obj
 0004:000007ec       $pdata$mdlRTW              00000001800187ec     usv_model_sfun_registry.obj
 0004:000007f8       $pdata$mdl_enable_processing 00000001800187f8     usv_model_sfun_registry.obj
 0004:00000804       $pdata$mdlEnable           0000000180018804     usv_model_sfun_registry.obj
 0004:00000810       $pdata$mdl_disable_processing 0000000180018810     usv_model_sfun_registry.obj
 0004:0000081c       $pdata$mdlDisable          000000018001881c     usv_model_sfun_registry.obj
 0004:00000828       $pdata$mdlOutputs          0000000180018828     usv_model_sfun_registry.obj
 0004:00000834       $pdata$mdl_update_processing 0000000180018834     usv_model_sfun_registry.obj
 0004:00000840       $pdata$mdlUpdate           0000000180018840     usv_model_sfun_registry.obj
 0004:0000084c       $pdata$ProcessMexSfunctionEveryCall 000000018001884c     usv_model_sfun_registry.obj
 0004:00000858       $pdata$_RegNumInputPortsCB 0000000180018858     usv_model_sfun_registry.obj
 0004:00000864       $pdata$_RegNumOutputPortsCB 0000000180018864     usv_model_sfun_registry.obj
 0004:00000870       $pdata$_CreateSimStruct    0000000180018870     usv_model_sfun_registry.obj
 0004:0000087c       $pdata$_ssFatalError       000000018001887c     usv_model_sfun_registry.obj
 0004:00000888       $pdata$_ProcessMexSfunctionCmdLineCall 0000000180018888     usv_model_sfun_registry.obj
 0004:00000894       $pdata$__raise_securityfailure 0000000180018894     MSVCRT:gs_report.obj
 0004:000008a0       $pdata$__report_gsfailure  00000001800188a0     MSVCRT:gs_report.obj
 0004:000008ac       $pdata$__report_rangecheckfailure 00000001800188ac     MSVCRT:gs_report.obj
 0004:000008b8       $pdata$__report_securityfailure 00000001800188b8     MSVCRT:gs_report.obj
 0004:000008c4       $pdata$__report_securityfailureEx 00000001800188c4     MSVCRT:gs_report.obj
 0004:000008d0       $pdata$__GSHandlerCheck    00000001800188d0     MSVCRT:gshandler.obj
 0004:000008dc       $pdata$__GSHandlerCheckCommon 00000001800188dc     MSVCRT:gshandler.obj
 0004:000008f4       $pdata$pre_c_init          00000001800188f4     MSVCRT:crtdll.obj
 0004:00000900       $pdata$_CRT_INIT           0000000180018900     MSVCRT:crtdll.obj
 0004:0000090c       $pdata$_DllMainCRTStartup  000000018001890c     MSVCRT:crtdll.obj
 0004:00000918       $pdata$__DllMainCRTStartup 0000000180018918     MSVCRT:crtdll.obj
 0004:00000924       $pdata$_IsNonwritableInCurrentImage 0000000180018924     MSVCRT:pesect.obj
 0004:00000930       $pdata$__atonexitinit      0000000180018930     MSVCRT:atonexit.obj
 0004:0000093c       $pdata$_onexit             000000018001893c     MSVCRT:atonexit.obj
 0004:00000948       $pdata$atexit              0000000180018948     MSVCRT:atonexit.obj
 0004:00000954       $pdata$__security_init_cookie 0000000180018954     MSVCRT:gs_support.obj
 0004:00000960       $pdata$DllMain             0000000180018960     MSVCRT:dllmain.obj
 0004:0000096c       $pdata$_RTC_Initialize     000000018001896c     MSVCRT:initsect.obj
 0004:00000978       $pdata$_RTC_Terminate      0000000180018978     MSVCRT:initsect.obj
 0004:00000984       $pdata$__DllMainCRTStartup$filt$0 0000000180018984     MSVCRT:crtdll.obj
 0004:00000990       $pdata$__DllMainCRTStartup$fin$1 0000000180018990     MSVCRT:crtdll.obj
 0004:0000099c       $pdata$_IsNonwritableInCurrentImage$filt$0 000000018001899c     MSVCRT:pesect.obj
 0004:000009a8       $pdata$_onexit$fin$0       00000001800189a8     MSVCRT:atonexit.obj
