 usv_model_sfun

 Timestamp is 5ae2dac3 (Fri Apr 27 16:09:39 2018)

 Preferred load address is 0000000180000000

 Start         Length     Name                   Class
 0001:00000000 00011822H .text$mn                CODE
 0001:00011830 0000007bH .text$x                 CODE
 0002:00000000 000004f0H .idata$5                DATA
 0002:000004f0 00000008H .CRT$XCA                DATA
 0002:000004f8 00000008H .CRT$XCZ                DATA
 0002:00000500 00000008H .CRT$XIA                DATA
 0002:00000508 00000008H .CRT$XIAA               DATA
 0002:00000510 00000008H .CRT$XIC                DATA
 0002:00000518 00000008H .CRT$XIZ                DATA
 0002:00000520 000007a0H .rdata                  DATA
 0002:00000cc0 00000008H .rtc$IAA                DATA
 0002:00000cc8 00000008H .rtc$IZZ                DATA
 0002:00000cd0 00000008H .rtc$TAA                DATA
 0002:00000cd8 00000008H .rtc$TZZ                DATA
 0002:00000ce0 00000874H .xdata                  DATA
 0002:00001560 00000054H .edata                  DATA
 0002:000015b4 000000a0H .idata$2                DATA
 0002:00001654 00000014H .idata$3                DATA
 0002:00001668 000004f0H .idata$4                DATA
 0002:00001b58 00000e04H .idata$6                DATA
 0003:00000000 00001da8H .data                   DATA
 0003:00001db0 000006e8H .bss                    DATA
 0004:00000000 000009d8H .pdata                  DATA

  Address         Publics by Value              Rva+Base               Lib:Object

 0000:00000000       __guard_fids_table         0000000000000000     <absolute>
 0000:00000000       __guard_fids_count         0000000000000000     <absolute>
 0000:00000000       ___safe_se_handler_table   0000000000000000     <absolute>
 0000:00000000       ___safe_se_handler_count   0000000000000000     <absolute>
 0000:00000000       __guard_flags              0000000000000000     <absolute>
 0000:00000000       __ImageBase                0000000180000000     <linker-defined>
 0001:00000000       usv_model_initializer      0000000180001000 f   usv_model_sfun.obj
 0001:00000010       usv_model_terminator       0000000180001010 f   usv_model_sfun.obj
 0001:00000020       load_usv_model_optimization_info 0000000180001020 f   usv_model_sfun.obj
 0001:00000070       unload_usv_model_optimization_info 0000000180001070 f   usv_model_sfun.obj
 0001:000000a0       sf_usv_model_method_dispatcher 00000001800010a0 f   usv_model_sfun.obj
 0001:000000f0       sf_usv_model_uses_exported_functions 00000001800010f0 f   usv_model_sfun.obj
 0001:00000130       sf_usv_model_process_check_sum_call 0000000180001130 f   usv_model_sfun.obj
 0001:000006e0       sf_usv_model_autoinheritance_info 00000001800016e0 f   usv_model_sfun.obj
 0001:000008c0       sf_usv_model_get_eml_resolved_functions_info 00000001800018c0 f   usv_model_sfun.obj
 0001:00000a40       sf_usv_model_third_party_uses_info 0000000180001a40 f   usv_model_sfun.obj
 0001:00000c10       sf_usv_model_jit_fallback_info 0000000180001c10 f   usv_model_sfun.obj
 0001:00000de0       sf_usv_model_updateBuildInfo_args_info 0000000180001de0 f   usv_model_sfun.obj
 0001:00000fb0       sf_usv_model_get_post_codegen_info 0000000180001fb0 f   usv_model_sfun.obj
 0001:000010d0       usv_model_debug_initialize 00000001800020d0 f   usv_model_sfun.obj
 0001:00001150       usv_model_register_exported_symbols 0000000180002150 f   usv_model_sfun.obj
 0001:00001160       sf_c6_usv_model_get_eml_resolved_functions_info 0000000180002160 f   c6_usv_model.obj
 0001:000011e0       sf_c6_usv_model_get_check_sum 00000001800021e0 f   c6_usv_model.obj
 0001:000012b0       c6_usv_model_method_dispatcher 00000001800022b0 f   c6_usv_model.obj
 0001:00007680       sf_c6_usv_model_get_post_codegen_info 0000000180008680 f   c6_usv_model.obj
 0001:00007750       sf_c6_usv_model_get_autoinheritance_info 0000000180008750 f   c6_usv_model.obj
 0001:000081e0       sf_c6_usv_model_third_party_uses_info 00000001800091e0 f   c6_usv_model.obj
 0001:00008230       sf_c6_usv_model_jit_fallback_info 0000000180009230 f   c6_usv_model.obj
 0001:000083c0       sf_c6_usv_model_updateBuildInfo_args_info 00000001800093c0 f   c6_usv_model.obj
 0001:00009030       mexFunction                000000018000a030 f   usv_model_sfun_registry.obj
 0001:0000a400       _ssSetInputPortDirectFeedThroughFcn 000000018000b400 f   usv_model_sfun_registry.obj
 0001:0000a560       _ssGetInputPortSignalPtrsFcn 000000018000b560 f   usv_model_sfun_registry.obj
 0001:0000a780       _ssGetInputPortSignalFcn   000000018000b780 f   usv_model_sfun_registry.obj
 0001:0000a9a0       _ssSetInputPortReusableFcn 000000018000b9a0 f   usv_model_sfun_registry.obj
 0001:0000aa80       _ssSetOutputPortReusableFcn 000000018000ba80 f   usv_model_sfun_registry.obj
 0001:0000ab60       _ssSetSymbolicDimsSupport  000000018000bb60 f   usv_model_sfun_registry.obj
 0001:0000abd0       _ssRegisterSymbolicDimsExpr 000000018000bbd0 f   usv_model_sfun_registry.obj
 0001:0000ac50       _ssRegisterSymbolicDims    000000018000bc50 f   usv_model_sfun_registry.obj
 0001:0000acf0       _ssRegisterSymbolicDimsString 000000018000bcf0 f   usv_model_sfun_registry.obj
 0001:0000ad70       _ssRegisterSymbolicDimsIntValue 000000018000bd70 f   usv_model_sfun_registry.obj
 0001:0000ade0       _ssRegisterSymbolicDimsPlus 000000018000bde0 f   usv_model_sfun_registry.obj
 0001:0000ae60       _ssRegisterSymbolicDimsMinus 000000018000be60 f   usv_model_sfun_registry.obj
 0001:0000aee0       _ssRegisterSymbolicDimsMultiply 000000018000bee0 f   usv_model_sfun_registry.obj
 0001:0000af60       _ssRegisterSymbolicDimsDivide 000000018000bf60 f   usv_model_sfun_registry.obj
 0001:0000afe0       _ssGetNumSymbolicDims      000000018000bfe0 f   usv_model_sfun_registry.obj
 0001:0000b050       _ssGetSymbolicDim          000000018000c050 f   usv_model_sfun_registry.obj
 0001:0000b0d0       _ssSetInputPortSymbolicDimsId 000000018000c0d0 f   usv_model_sfun_registry.obj
 0001:0000b140       _ssGetCompInputPortSymbolicDimsId 000000018000c140 f   usv_model_sfun_registry.obj
 0001:0000b1b0       _ssSetCompInputPortSymbolicDimsId 000000018000c1b0 f   usv_model_sfun_registry.obj
 0001:0000b220       _ssSetOutputPortSymbolicDimsId 000000018000c220 f   usv_model_sfun_registry.obj
 0001:0000b290       _ssGetCompOutputPortSymbolicDimsId 000000018000c290 f   usv_model_sfun_registry.obj
 0001:0000b300       _ssSetCompOutputPortSymbolicDimsId 000000018000c300 f   usv_model_sfun_registry.obj
 0001:0000b370       _ssSetCompDWorkSymbolicDimsId 000000018000c370 f   usv_model_sfun_registry.obj
 0001:0000b3e0       ssGetIsZeroCrossControlDisabled 000000018000c3e0 f   usv_model_sfun_registry.obj
 0001:0000b450       ssSetIsInputPortUsedForContZcSignal 000000018000c450 f   usv_model_sfun_registry.obj
 0001:0000b4c0       ssSetZcSignalIsZcElementDisc 000000018000c4c0 f   usv_model_sfun_registry.obj
 0001:0000b570       ssSetZcSignalName          000000018000c570 f   usv_model_sfun_registry.obj
 0001:0000b5e0       ssSetZcSignalWidth         000000018000c5e0 f   usv_model_sfun_registry.obj
 0001:0000b650       ssSetZcSignalZcEventType   000000018000c650 f   usv_model_sfun_registry.obj
 0001:0000b6c0       ssSetZcSignalType          000000018000c6c0 f   usv_model_sfun_registry.obj
 0001:0000b730       ssSetZcSignalZcTol         000000018000c730 f   usv_model_sfun_registry.obj
 0001:0000b7a0       ssSetZcSignalNeedsEventNotification 000000018000c7a0 f   usv_model_sfun_registry.obj
 0001:0000b810       ssCreateAndAddZcSignalInfo 000000018000c810 f   usv_model_sfun_registry.obj
 0001:0000b880       ssCloneAndAddZcSignalInfo  000000018000c880 f   usv_model_sfun_registry.obj
 0001:0000b8f0       ssGetNumZcSignals          000000018000c8f0 f   usv_model_sfun_registry.obj
 0001:0000b960       ssGetZcSignalVector        000000018000c960 f   usv_model_sfun_registry.obj
 0001:0000b9d0       ssGetZcSignalName          000000018000c9d0 f   usv_model_sfun_registry.obj
 0001:0000ba40       ssGetZcSignalWidth         000000018000ca40 f   usv_model_sfun_registry.obj
 0001:0000bab0       ssGetZcSignalZcEventType   000000018000cab0 f   usv_model_sfun_registry.obj
 0001:0000bb20       ssGetZcSignalZcEvents      000000018000cb20 f   usv_model_sfun_registry.obj
 0001:0000bb90       ssGetZcSignalType          000000018000cb90 f   usv_model_sfun_registry.obj
 0001:0000bc00       ssGetZcSignalZcTol         000000018000cc00 f   usv_model_sfun_registry.obj
 0001:0000bc80       ssGetZcSignalNeedsEventNotification 000000018000cc80 f   usv_model_sfun_registry.obj
 0001:0000bcf0       ssGetZcSignalIsZcElementDisc 000000018000ccf0 f   usv_model_sfun_registry.obj
 0001:0000bd90       ssGetIsInputPortElementContinuous 000000018000cd90 f   usv_model_sfun_registry.obj
 0001:0000be30       ssGetDTypeIdFromMxArray    000000018000ce30 f   usv_model_sfun_registry.obj
 0001:0000bf50       ssWriteRTWStr              000000018000cf50 f   usv_model_sfun_registry.obj
 0001:0000bfb0       ssWriteRTWNameValuePair    000000018000cfb0 f   usv_model_sfun_registry.obj
 0001:0000c4b0       ssWriteRTWParamSettings    000000018000d4b0 f   usv_model_sfun_registry.obj
 0001:0000cba0       ssWriteRTWParameters       000000018000dba0 f   usv_model_sfun_registry.obj
 0001:0000d170       ssWriteRTWWorkVect         000000018000e170 f   usv_model_sfun_registry.obj
 0001:0000d660       ssWriteRTWMxVectParam      000000018000e660 f   usv_model_sfun_registry.obj
 0001:0000d6e0       ssWriteRTWMx2dMatParam     000000018000e6e0 f   usv_model_sfun_registry.obj
 0001:0000d770       _ssSetInputPortMatrixDimensions 000000018000e770 f   usv_model_sfun_registry.obj
 0001:0000d870       _ssSetOutputPortMatrixDimensions 000000018000e870 f   usv_model_sfun_registry.obj
 0001:0000d970       _ssSetInputPortVectorDimension 000000018000e970 f   usv_model_sfun_registry.obj
 0001:0000da20       _ssSetOutputPortVectorDimension 000000018000ea20 f   usv_model_sfun_registry.obj
 0001:0000dad0       ssIsRunTimeParamTunable    000000018000ead0 f   usv_model_sfun_registry.obj
 0001:0000db40       ssGetSFuncBlockHandle      000000018000eb40 f   usv_model_sfun_registry.obj
 0001:0000dbb0       _ssGetCurrentInputPortWidth 000000018000ebb0 f   usv_model_sfun_registry.obj
 0001:0000dcd0       _ssGetCurrentOutputPortWidth 000000018000ecd0 f   usv_model_sfun_registry.obj
 0001:0000ddf0       _ssGetCallSystemNumFcnCallDestinations 000000018000edf0 f   usv_model_sfun_registry.obj
 0001:0000de60       ssGetParameterTuningCompliance 000000018000ee60 f   usv_model_sfun_registry.obj
 0001:0000ded0       ssWarning                  000000018000eed0 f   usv_model_sfun_registry.obj
 0001:0000dfc0       _ssGetAbsTol               000000018000efc0 f   usv_model_sfun_registry.obj
 0001:0000e030       _ssSetStateAbsTol          000000018000f030 f   usv_model_sfun_registry.obj
 0001:0000e110       sf_process_check_sum_call  000000018000f110 f   usv_model_sfun_registry.obj
 0001:0000e160       sf_process_machine_uses_exported_functions_call 000000018000f160 f   usv_model_sfun_registry.obj
 0001:0000e310       sf_process_autoinheritance_call 000000018000f310 f   usv_model_sfun_registry.obj
 0001:0000e540       sf_process_get_third_party_uses_info_call 000000018000f540 f   usv_model_sfun_registry.obj
 0001:0000e770       sf_process_get_jit_fallback_info_call 000000018000f770 f   usv_model_sfun_registry.obj
 0001:0000e9a0       sf_process_get_updateBuildInfo_args_info_call 000000018000f9a0 f   usv_model_sfun_registry.obj
 0001:0000ebd0       sf_process_get_eml_resolved_functions_info_call 000000018000fbd0 f   usv_model_sfun_registry.obj
 0001:0000edd0       sf_process_get_post_codegen_info 000000018000fdd0 f   usv_model_sfun_registry.obj
 0001:0000ef80       sf_mex_unlock_call         000000018000ff80 f   usv_model_sfun_registry.obj
 0001:0000f260       sf_machine_global_initializer_called 0000000180010260 f   usv_model_sfun_registry.obj
 0001:0000f290       sf_machine_global_method_dispatcher 0000000180010290 f   usv_model_sfun_registry.obj
 0001:0000f2f0       sf_machine_global_terminator 00000001800102f0 f   usv_model_sfun_registry.obj
 0001:0000f340       sf_register_machine_exported_symbols 0000000180010340 f   usv_model_sfun_registry.obj
 0001:0000f360       callCustomFcn              0000000180010360 f   usv_model_sfun_registry.obj
 0001:0000f370       sf_machine_global_initializer 0000000180010370 f   usv_model_sfun_registry.obj
 0001:0000f3f0       mdlGetSimState             00000001800103f0 f   usv_model_sfun_registry.obj
 0001:0000f430       mdlSetSimState             0000000180010430 f   usv_model_sfun_registry.obj
 0001:0000fc90       ProcessMexSfunctionEveryCall 0000000180010c90 f   usv_model_sfun_registry.obj
 0001:00010996       LAPACKE_zgeev              0000000180011996 f   libmwlapack:libmwlapack.dll
 0001:0001099c       sf_load_rtw_optimization_info 000000018001199c f   sf_runtime:sf_runtime.dll
 0001:000109a2       sf_debug_initialize_machine 00000001800119a2 f   sf_runtime:sf_runtime.dll
 0001:000109a8       sf_debug_set_machine_event_thresholds 00000001800119a8 f   sf_runtime:sf_runtime.dll
 0001:000109ae       sf_debug_set_machine_data_thresholds 00000001800119ae f   sf_runtime:sf_runtime.dll
 0001:000109b4       sf_init_ChartRunTimeInfo   00000001800119b4 f   sf_runtime:sf_runtime.dll
 0001:000109ba       sf_free_ChartRunTimeInfo   00000001800119ba f   sf_runtime:sf_runtime.dll
 0001:000109c0       sf_get_chart_instance_ptr  00000001800119c0 f   sf_runtime:sf_runtime.dll
 0001:000109c6       sf_rtw_info_uint_prop      00000001800119c6 f   sf_runtime:sf_runtime.dll
 0001:000109cc       sf_update_buildInfo        00000001800119cc f   sf_runtime:sf_runtime.dll
 0001:000109d2       sf_is_chart_inlinable      00000001800119d2 f   sf_runtime:sf_runtime.dll
 0001:000109d8       sf_mark_chart_reusable_outputs 00000001800119d8 f   sf_runtime:sf_runtime.dll
 0001:000109de       sf_mark_chart_expressionable_inputs 00000001800119de f   sf_runtime:sf_runtime.dll
 0001:000109e4       sim_mode_is_rtw_gen        00000001800119e4 f   sf_runtime:sf_runtime.dll
 0001:000109ea       sim_mode_is_external       00000001800119ea f   sf_runtime:sf_runtime.dll
 0001:000109f0       sf_mex_listen_for_ctrl_c_with_debugger 00000001800119f0 f   sf_runtime:sf_runtime.dll
 0001:000109f6       sf_clear_rtw_identifier    00000001800119f6 f   sf_runtime:sf_runtime.dll
 0001:000109fc       sf_set_rtw_dwork_info      00000001800119fc f   sf_runtime:sf_runtime.dll
 0001:00010a02       sf_get_time                0000000180011a02 f   sf_runtime:sf_runtime.dll
 0001:00010a08       sf_is_first_init_cond      0000000180011a08 f   sf_runtime:sf_runtime.dll
 0001:00010a0e       sf_set_chart_accesses_machine_info 0000000180011a0e f   sf_runtime:sf_runtime.dll
 0001:00010a14       sf_mex_call_debug          0000000180011a14 f   sf_runtime:sf_runtime.dll
 0001:00010a1a       sf_mex_error_message       0000000180011a1a f   sf_runtime:sf_runtime.dll
 0001:00010a20       sf_mex_create              0000000180011a20 f   sf_runtime:sf_runtime.dll
 0001:00010a26       sf_mex_createcellmatrix    0000000180011a26 f   sf_runtime:sf_runtime.dll
 0001:00010a2c       sf_mex_setcell             0000000180011a2c f   sf_runtime:sf_runtime.dll
 0001:00010a32       sf_mex_getcell             0000000180011a32 f   sf_runtime:sf_runtime.dll
 0001:00010a38       sf_mex_assign              0000000180011a38 f   sf_runtime:sf_runtime.dll
 0001:00010a3e       sf_mex_dup                 0000000180011a3e f   sf_runtime:sf_runtime.dll
 0001:00010a44       sf_mex_destroy             0000000180011a44 f   sf_runtime:sf_runtime.dll
 0001:00010a4a       sf_mex_import              0000000180011a4a f   sf_runtime:sf_runtime.dll
 0001:00010a50       sf_mex_import_vs           0000000180011a50 f   sf_runtime:sf_runtime.dll
 0001:00010a56       sf_mex_decode_encoded_mx_struct_array 0000000180011a56 f   sf_runtime:sf_runtime.dll
 0001:00010a5c       ssGetInputPortSignal_wrapper 0000000180011a5c f   sf_runtime:sf_runtime.dll
 0001:00010a62       ssGetOutputPortSignal_wrapper 0000000180011a62 f   sf_runtime:sf_runtime.dll
 0001:00010a68       sf_eml_array_bounds_check  0000000180011a68 f   sf_runtime:sf_runtime.dll
 0001:00010a6e       sf_debug_initialize_chart  0000000180011a6e f   sf_runtime:sf_runtime.dll
 0001:00010a74       sf_debug_call              0000000180011a74 f   sf_runtime:sf_runtime.dll
 0001:00010a7a       eml_debug_line_call        0000000180011a7a f   sf_runtime:sf_runtime.dll
 0001:00010a80       cv_eml_eval                0000000180011a80 f   sf_runtime:sf_runtime.dll
 0001:00010a86       cv_eval_relational         0000000180011a86 f   sf_runtime:sf_runtime.dll
 0001:00010a8c       cv_eml_init_script         0000000180011a8c f   sf_runtime:sf_runtime.dll
 0001:00010a92       cv_eml_init_fcn            0000000180011a92 f   sf_runtime:sf_runtime.dll
 0001:00010a98       cv_eml_init_if             0000000180011a98 f   sf_runtime:sf_runtime.dll
 0001:00010a9e       cv_eml_init_for            0000000180011a9e f   sf_runtime:sf_runtime.dll
 0001:00010aa4       cv_eml_init_relational     0000000180011aa4 f   sf_runtime:sf_runtime.dll
 0001:00010aaa       sf_debug_reset_current_state_configuration 0000000180011aaa f   sf_runtime:sf_runtime.dll
 0001:00010ab0       sf_debug_check_for_state_inconsistency 0000000180011ab0 f   sf_runtime:sf_runtime.dll
 0001:00010ab6       sf_debug_set_chart_data_props 0000000180011ab6 f   sf_runtime:sf_runtime.dll
 0001:00010abc       sf_debug_set_chart_data_compiled_props 0000000180011abc f   sf_runtime:sf_runtime.dll
 0001:00010ac2       sf_debug_symbol_scope_push 0000000180011ac2 f   sf_runtime:sf_runtime.dll
 0001:00010ac8       sf_debug_symbol_scope_push_eml 0000000180011ac8 f   sf_runtime:sf_runtime.dll
 0001:00010ace       sf_debug_symbol_scope_pop  0000000180011ace f   sf_runtime:sf_runtime.dll
 0001:00010ad4       sf_debug_symbol_scope_add_eml 0000000180011ad4 f   sf_runtime:sf_runtime.dll
 0001:00010ada       sf_debug_symbol_scope_add_eml_importable 0000000180011ada f   sf_runtime:sf_runtime.dll
 0001:00010ae0       sf_debug_symbol_scope_add_eml_dyn_importable 0000000180011ae0 f   sf_runtime:sf_runtime.dll
 0001:00010ae6       sf_debug_set_instance_data_value_ptr 0000000180011ae6 f   sf_runtime:sf_runtime.dll
 0001:00010aec       sf_debug_set_chart_disable_implicit_casting 0000000180011aec f   sf_runtime:sf_runtime.dll
 0001:00010af2       sf_debug_set_chart_event_thresholds 0000000180011af2 f   sf_runtime:sf_runtime.dll
 0001:00010af8       sf_debug_set_chart_state_info 0000000180011af8 f   sf_runtime:sf_runtime.dll
 0001:00010afe       sf_debug_set_chart_decomposition 0000000180011afe f   sf_runtime:sf_runtime.dll
 0001:00010b04       sf_debug_set_chart_substate_count 0000000180011b04 f   sf_runtime:sf_runtime.dll
 0001:00010b0a       sf_debug_data_range_wrapper 0000000180011b0a f   sf_runtime:sf_runtime.dll
 0001:00010b10       sf_debug_cv_init_trans     0000000180011b10 f   sf_runtime:sf_runtime.dll
 0001:00010b16       sf_debug_cv_init_chart     0000000180011b16 f   sf_runtime:sf_runtime.dll
 0001:00010b1c       sf_debug_cv_init_state     0000000180011b1c f   sf_runtime:sf_runtime.dll
 0001:00010b22       sf_get_ChartInfoStruct_CodeGen 0000000180011b22 f   sf_runtime:sf_runtime.dll
 0001:00010b28       sf_get_isEnhancedMooreMachine 0000000180011b28 f   sf_runtime:sf_runtime.dll
 0001:00010b2e       sf_set_compiledInfo        0000000180011b2e f   sf_runtime:sf_runtime.dll
 0001:00010b34       callMdlMethodAndReportError 0000000180011b34 f   sf_runtime:sf_runtime.dll
 0001:00010b3a       call_sf_machine_global_method_dispatcher 0000000180011b3a f   sf_runtime:sf_runtime.dll
 0001:00010b40       sf_mex_error_direct_call   0000000180011b40 f   sf_runtime:sf_runtime.dll
 0001:00010b46       sf_clear_error_manager_info 0000000180011b46 f   sf_runtime:sf_runtime.dll
 0001:00010b4c       sf_debug_create_debug_instance_struct 0000000180011b4c f   sf_runtime:sf_runtime.dll
 0001:00010b52       sf_debug_terminate         0000000180011b52 f   sf_runtime:sf_runtime.dll
 0001:00010b58       sf_debug_api               0000000180011b58 f   sf_runtime:sf_runtime.dll
 0001:00010b5e       mxIsChar                   0000000180011b5e f   libmx:libmx.dll
 0001:00010b64       mxGetPr                    0000000180011b64 f   libmx:libmx.dll
 0001:00010b6a       mxGetScalar                0000000180011b6a f   libmx:libmx.dll
 0001:00010b70       mxDestroyArray             0000000180011b70 f   libmx:libmx.dll
 0001:00010b76       mxCreateDoubleMatrix_730   0000000180011b76 f   libmx:libmx.dll
 0001:00010b7c       mxCreateLogicalScalar      0000000180011b7c f   libmx:libmx.dll
 0001:00010b82       mxGetString_730            0000000180011b82 f   libmx:libmx.dll
 0001:00010b88       mxDuplicateArray           0000000180011b88 f   libmx:libmx.dll
 0001:00010b8e       mxSetCell_730              0000000180011b8e f   libmx:libmx.dll
 0001:00010b94       mxSetField_730             0000000180011b94 f   libmx:libmx.dll
 0001:00010b9a       mxCreateDoubleScalar       0000000180011b9a f   libmx:libmx.dll
 0001:00010ba0       mxCreateString             0000000180011ba0 f   libmx:libmx.dll
 0001:00010ba6       mxCreateCellMatrix_730     0000000180011ba6 f   libmx:libmx.dll
 0001:00010bac       mxCreateCellArray_730      0000000180011bac f   libmx:libmx.dll
 0001:00010bb2       mxCreateStructMatrix_730   0000000180011bb2 f   libmx:libmx.dll
 0001:00010bb8       mxCreateStructArray_730    0000000180011bb8 f   libmx:libmx.dll
 0001:00010bbe       mxGetNaN                   0000000180011bbe f   libmx:libmx.dll
 0001:00010bc4       mxCalloc                   0000000180011bc4 f   libmx:libmx.dll
 0001:00010bca       mxGetM                     0000000180011bca f   libmx:libmx.dll
 0001:00010bd0       mxGetClassID               0000000180011bd0 f   libmx:libmx.dll
 0001:00010bd6       mxIsNumeric                0000000180011bd6 f   libmx:libmx.dll
 0001:00010bdc       mxIsComplex                0000000180011bdc f   libmx:libmx.dll
 0001:00010be2       mxGetN                     0000000180011be2 f   libmx:libmx.dll
 0001:00010be8       mexMakeArrayPersistent     0000000180011be8 f   libmex:libmex.dll
 0001:00010bee       mexErrMsgTxt               0000000180011bee f   libmex:libmex.dll
 0001:00010bf4       mexWarnMsgTxt              0000000180011bf4 f   libmex:libmex.dll
 0001:00010bfa       mexCallMATLABWithObject    0000000180011bfa f   libmex:libmex.dll
 0001:00010c00       mexLock                    0000000180011c00 f   libmex:libmex.dll
 0001:00010c06       mexUnlock                  0000000180011c06 f   libmex:libmex.dll
 0001:00010c0c       mexIsLocked                0000000180011c0c f   libmex:libmex.dll
 0001:00010c12       utMalloc                   0000000180011c12 f   libut:libut.dll
 0001:00010c18       utFree                     0000000180011c18 f   libut:libut.dll
 0001:00010c1e       muDoubleScalarAbs          0000000180011c1e f   libmwmathutil:libmwmathutil.dll
 0001:00010c24       muDoubleScalarFloor        0000000180011c24 f   libmwmathutil:libmwmathutil.dll
 0001:00010c2a       muDoubleScalarCos          0000000180011c2a f   libmwmathutil:libmwmathutil.dll
 0001:00010c30       muDoubleScalarPower        0000000180011c30 f   libmwmathutil:libmwmathutil.dll
 0001:00010c36       muDoubleScalarSin          0000000180011c36 f   libmwmathutil:libmwmathutil.dll
 0001:00010c3c       muDoubleScalarSqrt         0000000180011c3c f   libmwmathutil:libmwmathutil.dll
 0001:00010c42       muDoubleScalarIsNaN        0000000180011c42 f   libmwmathutil:libmwmathutil.dll
 0001:00010c48       muDoubleScalarIsInf        0000000180011c48 f   libmwmathutil:libmwmathutil.dll
 0001:00010c50       __raise_securityfailure    0000000180011c50 f   MSVCRT:gs_report.obj
 0001:00010c9c       __report_gsfailure         0000000180011c9c f   MSVCRT:gs_report.obj
 0001:00010d70       __report_rangecheckfailure 0000000180011d70 f   MSVCRT:gs_report.obj
 0001:00010d84       __report_securityfailure   0000000180011d84 f   MSVCRT:gs_report.obj
 0001:00010e20       __report_securityfailureEx 0000000180011e20 f   MSVCRT:gs_report.obj
 0001:00010f2e       strcmp                     0000000180011f2e f   MSVCRT:MSVCR120.dll
 0001:00010f34       __GSHandlerCheck           0000000180011f34 f   MSVCRT:gshandler.obj
 0001:00010f54       __GSHandlerCheckCommon     0000000180011f54 f   MSVCRT:gshandler.obj
 0001:00010fd0       __security_check_cookie    0000000180011fd0 f   MSVCRT:amdsecgs.obj
 0001:00010ff0       memset                     0000000180011ff0 f   MSVCRT:MSVCR120.dll
 0001:00010ff6       memcpy                     0000000180011ff6 f   MSVCRT:MSVCR120.dll
 0001:00010ffc       strcat                     0000000180011ffc f   MSVCRT:MSVCR120.dll
 0001:00011002       strlen                     0000000180012002 f   MSVCRT:MSVCR120.dll
 0001:00011008       sprintf                    0000000180012008 f   MSVCRT:MSVCR120.dll
 0001:0001100e       free                       000000018001200e f   MSVCRT:MSVCR120.dll
 0001:00011014       malloc                     0000000180012014 f   MSVCRT:MSVCR120.dll
 0001:0001107c       NtCurrentTeb               000000018001207c f i MSVCRT:crtdll.obj
 0001:00011088       _CRT_INIT                  0000000180012088 f   MSVCRT:crtdll.obj
 0001:000112d4       _DllMainCRTStartup         00000001800122d4 f   MSVCRT:crtdll.obj
 0001:0001144a       __crt_debugger_hook        000000018001244a f   MSVCRT:MSVCR120.dll
 0001:00011450       __crtUnhandledException    0000000180012450 f   MSVCRT:MSVCR120.dll
 0001:00011456       __crtTerminateProcess      0000000180012456 f   MSVCRT:MSVCR120.dll
 0001:0001145c       __crtCaptureCurrentContext 000000018001245c f   MSVCRT:MSVCR120.dll
 0001:00011462       __crtCapturePreviousContext 0000000180012462 f   MSVCRT:MSVCR120.dll
 0001:00011468       __CppXcptFilter            0000000180012468 f   MSVCRT:MSVCR120.dll
 0001:0001146e       _amsg_exit                 000000018001246e f   MSVCRT:MSVCR120.dll
 0001:00011480       _FindPESection             0000000180012480 f   MSVCRT:pesect.obj
 0001:000114d0       _IsNonwritableInCurrentImage 00000001800124d0 f   MSVCRT:pesect.obj
 0001:00011520       _ValidateImageBase         0000000180012520 f   MSVCRT:pesect.obj
 0001:00011550       __atonexitinit             0000000180012550 f   MSVCRT:atonexit.obj
 0001:000115a0       _onexit                    00000001800125a0 f   MSVCRT:atonexit.obj
 0001:00011650       atexit                     0000000180012650 f   MSVCRT:atonexit.obj
 0001:00011668       __security_init_cookie     0000000180012668 f   MSVCRT:gs_support.obj
 0001:00011714       DllMain                    0000000180012714 f   MSVCRT:dllmain.obj
 0001:00011738       _malloc_crt                0000000180012738 f   MSVCRT:MSVCR120.dll
 0001:00011740       _RTC_Initialize            0000000180012740 f   MSVCRT:initsect.obj
 0001:00011778       _RTC_Terminate             0000000180012778 f   MSVCRT:initsect.obj
 0001:000117b0       _initterm                  00000001800127b0 f   MSVCRT:MSVCR120.dll
 0001:000117b6       _initterm_e                00000001800127b6 f   MSVCRT:MSVCR120.dll
 0001:000117bc       __clean_type_info_names    00000001800127bc f   MSVCRT:tncleanup.obj
 0001:000117c8       __C_specific_handler       00000001800127c8 f   MSVCRT:MSVCR120.dll
 0001:000117ce       _lock                      00000001800127ce f   MSVCRT:MSVCR120.dll
 0001:000117d4       _unlock                    00000001800127d4 f   MSVCRT:MSVCR120.dll
 0001:000117da       _calloc_crt                00000001800127da f   MSVCRT:MSVCR120.dll
 0001:000117e0       __dllonexit                00000001800127e0 f   MSVCRT:MSVCR120.dll
 0001:000117e6       __clean_type_info_names_internal 00000001800127e6 f   MSVCRT:MSVCR120.dll
 0001:000117ec       IsDebuggerPresent          00000001800127ec f   kernel32:KERNEL32.dll
 0001:000117f2       IsProcessorFeaturePresent  00000001800127f2 f   kernel32:KERNEL32.dll
 0001:000117f8       EncodePointer              00000001800127f8 f   kernel32:KERNEL32.dll
 0001:000117fe       DecodePointer              00000001800127fe f   kernel32:KERNEL32.dll
 0001:00011804       QueryPerformanceCounter    0000000180012804 f   kernel32:KERNEL32.dll
 0001:0001180a       GetCurrentProcessId        000000018001280a f   kernel32:KERNEL32.dll
 0001:00011810       GetCurrentThreadId         0000000180012810 f   kernel32:KERNEL32.dll
 0001:00011816       GetSystemTimeAsFileTime    0000000180012816 f   kernel32:KERNEL32.dll
 0001:0001181c       DisableThreadLibraryCalls  000000018001281c f   kernel32:KERNEL32.dll
 0002:00000000       __imp_IsProcessorFeaturePresent 0000000180013000     kernel32:KERNEL32.dll
 0002:00000008       __imp_DisableThreadLibraryCalls 0000000180013008     kernel32:KERNEL32.dll
 0002:00000010       __imp_GetSystemTimeAsFileTime 0000000180013010     kernel32:KERNEL32.dll
 0002:00000018       __imp_GetCurrentThreadId   0000000180013018     kernel32:KERNEL32.dll
 0002:00000020       __imp_GetCurrentProcessId  0000000180013020     kernel32:KERNEL32.dll
 0002:00000028       __imp_QueryPerformanceCounter 0000000180013028     kernel32:KERNEL32.dll
 0002:00000030       __imp_DecodePointer        0000000180013030     kernel32:KERNEL32.dll
 0002:00000038       __imp_EncodePointer        0000000180013038     kernel32:KERNEL32.dll
 0002:00000040       __imp_IsDebuggerPresent    0000000180013040     kernel32:KERNEL32.dll
 0002:00000048       \177KERNEL32_NULL_THUNK_DATA 0000000180013048     kernel32:KERNEL32.dll
 0002:00000050       __imp_strcmp               0000000180013050     MSVCRT:MSVCR120.dll
 0002:00000058       __imp___clean_type_info_names_internal 0000000180013058     MSVCRT:MSVCR120.dll
 0002:00000060       __imp__onexit              0000000180013060     MSVCRT:MSVCR120.dll
 0002:00000068       __imp___dllonexit          0000000180013068     MSVCRT:MSVCR120.dll
 0002:00000070       __imp__calloc_crt          0000000180013070     MSVCRT:MSVCR120.dll
 0002:00000078       __imp__unlock              0000000180013078     MSVCRT:MSVCR120.dll
 0002:00000080       __imp__lock                0000000180013080     MSVCRT:MSVCR120.dll
 0002:00000088       __imp___C_specific_handler 0000000180013088     MSVCRT:MSVCR120.dll
 0002:00000090       __imp__initterm_e          0000000180013090     MSVCRT:MSVCR120.dll
 0002:00000098       __imp__initterm            0000000180013098     MSVCRT:MSVCR120.dll
 0002:000000a0       __imp__malloc_crt          00000001800130a0     MSVCRT:MSVCR120.dll
 0002:000000a8       __imp__amsg_exit           00000001800130a8     MSVCRT:MSVCR120.dll
 0002:000000b0       __imp___CppXcptFilter      00000001800130b0     MSVCRT:MSVCR120.dll
 0002:000000b8       __imp___crtCapturePreviousContext 00000001800130b8     MSVCRT:MSVCR120.dll
 0002:000000c0       __imp___crtCaptureCurrentContext 00000001800130c0     MSVCRT:MSVCR120.dll
 0002:000000c8       __imp___crtTerminateProcess 00000001800130c8     MSVCRT:MSVCR120.dll
 0002:000000d0       __imp___crtUnhandledException 00000001800130d0     MSVCRT:MSVCR120.dll
 0002:000000d8       __imp___crt_debugger_hook  00000001800130d8     MSVCRT:MSVCR120.dll
 0002:000000e0       __imp_malloc               00000001800130e0     MSVCRT:MSVCR120.dll
 0002:000000e8       __imp_free                 00000001800130e8     MSVCRT:MSVCR120.dll
 0002:000000f0       __imp_sprintf              00000001800130f0     MSVCRT:MSVCR120.dll
 0002:000000f8       __imp_strlen               00000001800130f8     MSVCRT:MSVCR120.dll
 0002:00000100       __imp_strcat               0000000180013100     MSVCRT:MSVCR120.dll
 0002:00000108       __imp_memcpy               0000000180013108     MSVCRT:MSVCR120.dll
 0002:00000110       __imp_memset               0000000180013110     MSVCRT:MSVCR120.dll
 0002:00000118       \177MSVCR120_NULL_THUNK_DATA 0000000180013118     MSVCRT:MSVCR120.dll
 0002:00000120       __imp_mexLock              0000000180013120     libmex:libmex.dll
 0002:00000128       __imp_mexIsLocked          0000000180013128     libmex:libmex.dll
 0002:00000130       __imp_mexUnlock            0000000180013130     libmex:libmex.dll
 0002:00000138       __imp_mexMakeArrayPersistent 0000000180013138     libmex:libmex.dll
 0002:00000140       __imp_mexCallMATLABWithObject 0000000180013140     libmex:libmex.dll
 0002:00000148       __imp_mexWarnMsgTxt        0000000180013148     libmex:libmex.dll
 0002:00000150       __imp_mexErrMsgTxt         0000000180013150     libmex:libmex.dll
 0002:00000158       \177libmex_NULL_THUNK_DATA 0000000180013158     libmex:libmex.dll
 0002:00000160       __imp_LAPACKE_zgeev        0000000180013160     libmwlapack:libmwlapack.dll
 0002:00000168       \177libmwlapack_NULL_THUNK_DATA 0000000180013168     libmwlapack:libmwlapack.dll
 0002:00000170       __imp_muDoubleScalarIsInf  0000000180013170     libmwmathutil:libmwmathutil.dll
 0002:00000178       __imp_muDoubleScalarIsNaN  0000000180013178     libmwmathutil:libmwmathutil.dll
 0002:00000180       __imp_muDoubleScalarSqrt   0000000180013180     libmwmathutil:libmwmathutil.dll
 0002:00000188       __imp_muDoubleScalarSin    0000000180013188     libmwmathutil:libmwmathutil.dll
 0002:00000190       __imp_muDoubleScalarPower  0000000180013190     libmwmathutil:libmwmathutil.dll
 0002:00000198       __imp_muDoubleScalarCos    0000000180013198     libmwmathutil:libmwmathutil.dll
 0002:000001a0       __imp_muDoubleScalarFloor  00000001800131a0     libmwmathutil:libmwmathutil.dll
 0002:000001a8       __imp_muDoubleScalarAbs    00000001800131a8     libmwmathutil:libmwmathutil.dll
 0002:000001b0       \177libmwmathutil_NULL_THUNK_DATA 00000001800131b0     libmwmathutil:libmwmathutil.dll
 0002:000001b8       __imp_mxGetN               00000001800131b8     libmx:libmx.dll
 0002:000001c0       __imp_mxIsComplex          00000001800131c0     libmx:libmx.dll
 0002:000001c8       __imp_mxIsNumeric          00000001800131c8     libmx:libmx.dll
 0002:000001d0       __imp_mxGetClassID         00000001800131d0     libmx:libmx.dll
 0002:000001d8       __imp_mxGetM               00000001800131d8     libmx:libmx.dll
 0002:000001e0       __imp_mxCalloc             00000001800131e0     libmx:libmx.dll
 0002:000001e8       __imp_mxGetNaN             00000001800131e8     libmx:libmx.dll
 0002:000001f0       __imp_mxCreateStructArray_730 00000001800131f0     libmx:libmx.dll
 0002:000001f8       __imp_mxCreateStructMatrix_730 00000001800131f8     libmx:libmx.dll
 0002:00000200       __imp_mxCreateCellArray_730 0000000180013200     libmx:libmx.dll
 0002:00000208       __imp_mxCreateCellMatrix_730 0000000180013208     libmx:libmx.dll
 0002:00000210       __imp_mxCreateString       0000000180013210     libmx:libmx.dll
 0002:00000218       __imp_mxCreateDoubleScalar 0000000180013218     libmx:libmx.dll
 0002:00000220       __imp_mxSetField_730       0000000180013220     libmx:libmx.dll
 0002:00000228       __imp_mxSetCell_730        0000000180013228     libmx:libmx.dll
 0002:00000230       __imp_mxDuplicateArray     0000000180013230     libmx:libmx.dll
 0002:00000238       __imp_mxGetString_730      0000000180013238     libmx:libmx.dll
 0002:00000240       __imp_mxCreateLogicalScalar 0000000180013240     libmx:libmx.dll
 0002:00000248       __imp_mxCreateDoubleMatrix_730 0000000180013248     libmx:libmx.dll
 0002:00000250       __imp_mxDestroyArray       0000000180013250     libmx:libmx.dll
 0002:00000258       __imp_mxGetScalar          0000000180013258     libmx:libmx.dll
 0002:00000260       __imp_mxIsChar             0000000180013260     libmx:libmx.dll
 0002:00000268       __imp_mxGetPr              0000000180013268     libmx:libmx.dll
 0002:00000270       \177libmx_NULL_THUNK_DATA  0000000180013270     libmx:libmx.dll
 0002:00000278       __imp_utFree               0000000180013278     libut:libut.dll
 0002:00000280       __imp_utMalloc             0000000180013280     libut:libut.dll
 0002:00000288       \177libut_NULL_THUNK_DATA  0000000180013288     libut:libut.dll
 0002:00000290       __imp_sf_debug_create_debug_instance_struct 0000000180013290     sf_runtime:sf_runtime.dll
 0002:00000298       __imp_sf_clear_error_manager_info 0000000180013298     sf_runtime:sf_runtime.dll
 0002:000002a0       __imp_sf_mex_error_direct_call 00000001800132a0     sf_runtime:sf_runtime.dll
 0002:000002a8       __imp_call_sf_machine_global_method_dispatcher 00000001800132a8     sf_runtime:sf_runtime.dll
 0002:000002b0       __imp_callMdlMethodAndReportError 00000001800132b0     sf_runtime:sf_runtime.dll
 0002:000002b8       __imp_sf_set_compiledInfo  00000001800132b8     sf_runtime:sf_runtime.dll
 0002:000002c0       __imp_sf_get_isEnhancedMooreMachine 00000001800132c0     sf_runtime:sf_runtime.dll
 0002:000002c8       __imp_sf_get_ChartInfoStruct_CodeGen 00000001800132c8     sf_runtime:sf_runtime.dll
 0002:000002d0       __imp_sf_debug_cv_init_state 00000001800132d0     sf_runtime:sf_runtime.dll
 0002:000002d8       __imp_sf_debug_cv_init_chart 00000001800132d8     sf_runtime:sf_runtime.dll
 0002:000002e0       __imp_sf_debug_cv_init_trans 00000001800132e0     sf_runtime:sf_runtime.dll
 0002:000002e8       __imp_sf_debug_data_range_wrapper 00000001800132e8     sf_runtime:sf_runtime.dll
 0002:000002f0       __imp_sf_debug_set_chart_substate_count 00000001800132f0     sf_runtime:sf_runtime.dll
 0002:000002f8       __imp_sf_debug_terminate   00000001800132f8     sf_runtime:sf_runtime.dll
 0002:00000300       __imp_sf_debug_set_chart_state_info 0000000180013300     sf_runtime:sf_runtime.dll
 0002:00000308       __imp_sf_debug_set_chart_event_thresholds 0000000180013308     sf_runtime:sf_runtime.dll
 0002:00000310       __imp_sf_debug_set_chart_disable_implicit_casting 0000000180013310     sf_runtime:sf_runtime.dll
 0002:00000318       __imp_sf_debug_set_instance_data_value_ptr 0000000180013318     sf_runtime:sf_runtime.dll
 0002:00000320       __imp_sf_debug_symbol_scope_add_eml_dyn_importable 0000000180013320     sf_runtime:sf_runtime.dll
 0002:00000328       __imp_sf_debug_symbol_scope_add_eml_importable 0000000180013328     sf_runtime:sf_runtime.dll
 0002:00000330       __imp_cv_eml_init_if       0000000180013330     sf_runtime:sf_runtime.dll
 0002:00000338       __imp_cv_eml_init_fcn      0000000180013338     sf_runtime:sf_runtime.dll
 0002:00000340       __imp_cv_eml_init_script   0000000180013340     sf_runtime:sf_runtime.dll
 0002:00000348       __imp_cv_eval_relational   0000000180013348     sf_runtime:sf_runtime.dll
 0002:00000350       __imp_cv_eml_eval          0000000180013350     sf_runtime:sf_runtime.dll
 0002:00000358       __imp_eml_debug_line_call  0000000180013358     sf_runtime:sf_runtime.dll
 0002:00000360       __imp_sf_debug_call        0000000180013360     sf_runtime:sf_runtime.dll
 0002:00000368       __imp_sf_debug_initialize_chart 0000000180013368     sf_runtime:sf_runtime.dll
 0002:00000370       __imp_sf_debug_api         0000000180013370     sf_runtime:sf_runtime.dll
 0002:00000378       __imp_cv_eml_init_for      0000000180013378     sf_runtime:sf_runtime.dll
 0002:00000380       __imp_sf_debug_set_chart_decomposition 0000000180013380     sf_runtime:sf_runtime.dll
 0002:00000388       __imp_sf_debug_symbol_scope_add_eml 0000000180013388     sf_runtime:sf_runtime.dll
 0002:00000390       __imp_sf_debug_symbol_scope_pop 0000000180013390     sf_runtime:sf_runtime.dll
 0002:00000398       __imp_sf_debug_symbol_scope_push_eml 0000000180013398     sf_runtime:sf_runtime.dll
 0002:000003a0       __imp_sf_debug_symbol_scope_push 00000001800133a0     sf_runtime:sf_runtime.dll
 0002:000003a8       __imp_sf_debug_set_chart_data_compiled_props 00000001800133a8     sf_runtime:sf_runtime.dll
 0002:000003b0       __imp_sf_debug_set_chart_data_props 00000001800133b0     sf_runtime:sf_runtime.dll
 0002:000003b8       __imp_sf_debug_check_for_state_inconsistency 00000001800133b8     sf_runtime:sf_runtime.dll
 0002:000003c0       __imp_sf_debug_reset_current_state_configuration 00000001800133c0     sf_runtime:sf_runtime.dll
 0002:000003c8       __imp_sf_eml_array_bounds_check 00000001800133c8     sf_runtime:sf_runtime.dll
 0002:000003d0       __imp_ssGetOutputPortSignal_wrapper 00000001800133d0     sf_runtime:sf_runtime.dll
 0002:000003d8       __imp_ssGetInputPortSignal_wrapper 00000001800133d8     sf_runtime:sf_runtime.dll
 0002:000003e0       __imp_sf_mex_decode_encoded_mx_struct_array 00000001800133e0     sf_runtime:sf_runtime.dll
 0002:000003e8       __imp_sf_mex_import_vs     00000001800133e8     sf_runtime:sf_runtime.dll
 0002:000003f0       __imp_sf_mex_import        00000001800133f0     sf_runtime:sf_runtime.dll
 0002:000003f8       __imp_sf_mex_destroy       00000001800133f8     sf_runtime:sf_runtime.dll
 0002:00000400       __imp_sf_mex_dup           0000000180013400     sf_runtime:sf_runtime.dll
 0002:00000408       __imp_sf_mex_assign        0000000180013408     sf_runtime:sf_runtime.dll
 0002:00000410       __imp_sf_mex_getcell       0000000180013410     sf_runtime:sf_runtime.dll
 0002:00000418       __imp_sf_mex_setcell       0000000180013418     sf_runtime:sf_runtime.dll
 0002:00000420       __imp_sf_mex_createcellmatrix 0000000180013420     sf_runtime:sf_runtime.dll
 0002:00000428       __imp_sf_mex_create        0000000180013428     sf_runtime:sf_runtime.dll
 0002:00000430       __imp_sf_mex_error_message 0000000180013430     sf_runtime:sf_runtime.dll
 0002:00000438       __imp_sf_mex_call_debug    0000000180013438     sf_runtime:sf_runtime.dll
 0002:00000440       __imp_sf_set_chart_accesses_machine_info 0000000180013440     sf_runtime:sf_runtime.dll
 0002:00000448       __imp_sf_is_first_init_cond 0000000180013448     sf_runtime:sf_runtime.dll
 0002:00000450       __imp_sf_get_time          0000000180013450     sf_runtime:sf_runtime.dll
 0002:00000458       __imp_sf_set_rtw_dwork_info 0000000180013458     sf_runtime:sf_runtime.dll
 0002:00000460       __imp_sf_clear_rtw_identifier 0000000180013460     sf_runtime:sf_runtime.dll
 0002:00000468       __imp_sf_mex_listen_for_ctrl_c_with_debugger 0000000180013468     sf_runtime:sf_runtime.dll
 0002:00000470       __imp_sim_mode_is_external 0000000180013470     sf_runtime:sf_runtime.dll
 0002:00000478       __imp_sim_mode_is_rtw_gen  0000000180013478     sf_runtime:sf_runtime.dll
 0002:00000480       __imp_sf_mark_chart_expressionable_inputs 0000000180013480     sf_runtime:sf_runtime.dll
 0002:00000488       __imp_sf_mark_chart_reusable_outputs 0000000180013488     sf_runtime:sf_runtime.dll
 0002:00000490       __imp_sf_is_chart_inlinable 0000000180013490     sf_runtime:sf_runtime.dll
 0002:00000498       __imp_sf_update_buildInfo  0000000180013498     sf_runtime:sf_runtime.dll
 0002:000004a0       __imp_sf_rtw_info_uint_prop 00000001800134a0     sf_runtime:sf_runtime.dll
 0002:000004a8       __imp_sf_get_chart_instance_ptr 00000001800134a8     sf_runtime:sf_runtime.dll
 0002:000004b0       __imp_sf_free_ChartRunTimeInfo 00000001800134b0     sf_runtime:sf_runtime.dll
 0002:000004b8       __imp_sf_init_ChartRunTimeInfo 00000001800134b8     sf_runtime:sf_runtime.dll
 0002:000004c0       __imp_sf_debug_set_machine_data_thresholds 00000001800134c0     sf_runtime:sf_runtime.dll
 0002:000004c8       __imp_sf_debug_set_machine_event_thresholds 00000001800134c8     sf_runtime:sf_runtime.dll
 0002:000004d0       __imp_sf_debug_initialize_machine 00000001800134d0     sf_runtime:sf_runtime.dll
 0002:000004d8       __imp_sf_load_rtw_optimization_info 00000001800134d8     sf_runtime:sf_runtime.dll
 0002:000004e0       __imp_cv_eml_init_relational 00000001800134e0     sf_runtime:sf_runtime.dll
 0002:000004e8       \177sf_runtime_NULL_THUNK_DATA 00000001800134e8     sf_runtime:sf_runtime.dll
 0002:000004f0       __xc_a                     00000001800134f0     MSVCRT:cinitexe.obj
 0002:000004f8       __xc_z                     00000001800134f8     MSVCRT:cinitexe.obj
 0002:00000500       __xi_a                     0000000180013500     MSVCRT:cinitexe.obj
 0002:00000518       __xi_z                     0000000180013518     MSVCRT:cinitexe.obj
 0002:00000520       __real@419755ab98000000    0000000180013520     usv_model_sfun.obj
 0002:00000528       __real@41cfa26a13000000    0000000180013528     usv_model_sfun.obj
 0002:00000530       __real@41d14d6252000000    0000000180013530     usv_model_sfun.obj
 0002:00000538       __real@41d7e7fe1a800000    0000000180013538     usv_model_sfun.obj
 0002:00000540       __real@41da91fd70400000    0000000180013540     usv_model_sfun.obj
 0002:00000548       __real@41db9ba3aac00000    0000000180013548     usv_model_sfun.obj
 0002:00000550       __real@41e03505f3800000    0000000180013550     usv_model_sfun.obj
 0002:00000558       __real@41e1575dbcc00000    0000000180013558     usv_model_sfun.obj
 0002:00000560       __real@41e195eb2ee00000    0000000180013560     usv_model_sfun.obj
 0002:00000568       __real@41e3ccbfdd400000    0000000180013568     usv_model_sfun.obj
 0002:00000570       __real@41e71f59b4c00000    0000000180013570     usv_model_sfun.obj
 0002:00000578       __real@41ebb1ce86800000    0000000180013578     usv_model_sfun.obj
 0002:00000580       __real@0000000000000000    0000000180013580     c6_usv_model.obj
 0002:00000588       __real@3ddb7cdfd9d7bdbb    0000000180013588     c6_usv_model.obj
 0002:00000590       __real@3f847ae147ae147b    0000000180013590     c6_usv_model.obj
 0002:00000598       __real@3f947ae147ae147b    0000000180013598     c6_usv_model.obj
 0002:000005a0       __real@3fa921fb54442d18    00000001800135a0     c6_usv_model.obj
 0002:000005a8       __real@3fe0000000000000    00000001800135a8     c6_usv_model.obj
 0002:000005b0       __real@3fe05238fae258c0    00000001800135b0     c6_usv_model.obj
 0002:000005b8       __real@3fe3333333333333    00000001800135b8     c6_usv_model.obj
 0002:000005c0       __real@3fe921fb54442d18    00000001800135c0     c6_usv_model.obj
 0002:000005c8       __real@3fe999999999999a    00000001800135c8     c6_usv_model.obj
 0002:000005d0       __real@3fea9fbe76c8b43a    00000001800135d0     c6_usv_model.obj
 0002:000005d8       __real@3fece147ae147ae1    00000001800135d8     c6_usv_model.obj
 0002:000005e0       __real@3fee666666666666    00000001800135e0     c6_usv_model.obj
 0002:000005e8       __real@3ff0000000000000    00000001800135e8     c6_usv_model.obj
 0002:000005f0       __real@4000000000000000    00000001800135f0     c6_usv_model.obj
 0002:000005f8       __real@4008000000000000    00000001800135f8     c6_usv_model.obj
 0002:00000600       __real@400921fb54442d18    0000000180013600     c6_usv_model.obj
 0002:00000608       __real@4010000000000000    0000000180013608     c6_usv_model.obj
 0002:00000610       __real@402399999999999a    0000000180013610     c6_usv_model.obj
 0002:00000618       __real@4024000000000000    0000000180013618     c6_usv_model.obj
 0002:00000620       __real@403399999999999a    0000000180013620     c6_usv_model.obj
 0002:00000628       __real@403909502b6a16a1    0000000180013628     c6_usv_model.obj
 0002:00000630       __real@40488b2f704a9409    0000000180013630     c6_usv_model.obj
 0002:00000638       __real@4066800000000000    0000000180013638     c6_usv_model.obj
 0002:00000640       __real@408f400000000000    0000000180013640     c6_usv_model.obj
 0002:00000648       __real@41d2d3f83f400000    0000000180013648     c6_usv_model.obj
 0002:00000650       __real@41ea34e8e3600000    0000000180013650     c6_usv_model.obj
 0002:00000658       __real@41ee4ecf87e00000    0000000180013658     c6_usv_model.obj
 0002:00000660       __real@41ee5cbf2e800000    0000000180013660     c6_usv_model.obj
 0002:00000668       __real@c024000000000000    0000000180013668     c6_usv_model.obj
 0002:00000670       __xmm@80000000000000008000000000000000 0000000180013670     c6_usv_model.obj
 0002:00000680       DYNAMIC_DIMENSION_DEF      0000000180013680     usv_model_sfun_registry.obj
 0002:000006a0       _ssBadLevel2InputAccessMsg 00000001800136a0     usv_model_sfun_registry.obj
 0002:00000830       _ssBadLevel2DirectFeedMsg  0000000180013830     usv_model_sfun_registry.obj
 0002:00000970       _ssBadLevel2DirectFeedSolutionMsg 0000000180013970     usv_model_sfun_registry.obj
 0002:000009e0       _ssBadLevel2ZeroDirectFeedMsg 00000001800139e0     usv_model_sfun_registry.obj
 0002:00000b20       _ssBadLevel2ZeroDirectFeedMsg2 0000000180013b20     usv_model_sfun_registry.obj
 0002:00000c08       __real@41602cbca0000000    0000000180013c08     usv_model_sfun_registry.obj
 0002:00000c10       __real@bff0000000000000    0000000180013c10     usv_model_sfun_registry.obj
 0002:00000c28       _pDefaultRawDllMain        0000000180013c28     MSVCRT:crtdll.obj
 0002:00000c28       _pRawDllMain               0000000180013c28     MSVCRT:crtdll.obj
 0002:00000c30       ?ProcessDetach@NativeDll@<CrtImplementationDetails>@@0IB 0000000180013c30     MSVCRT:initsect.obj
 0002:00000c34       ?ProcessAttach@NativeDll@<CrtImplementationDetails>@@0IB 0000000180013c34     MSVCRT:initsect.obj
 0002:00000c38       ?ThreadAttach@NativeDll@<CrtImplementationDetails>@@0IB 0000000180013c38     MSVCRT:initsect.obj
 0002:00000c3c       ?ThreadDetach@NativeDll@<CrtImplementationDetails>@@0IB 0000000180013c3c     MSVCRT:initsect.obj
 0002:00000c40       ?ProcessVerifier@NativeDll@<CrtImplementationDetails>@@0IB 0000000180013c40     MSVCRT:initsect.obj
 0002:00000c44       ?value@?$integral_constant@_N$0A@@std@@2_NB 0000000180013c44     MSVCRT:tncleanup.obj
 0002:00000c45       ?value@?$integral_constant@_N$00@std@@2_NB 0000000180013c45     MSVCRT:tncleanup.obj
 0002:00000c50       _load_config_used          0000000180013c50     MSVCRT:loadcfg.obj
 0002:00000cc0       __rtc_iaa                  0000000180013cc0     MSVCRT:initsect.obj
 0002:00000cc8       __rtc_izz                  0000000180013cc8     MSVCRT:initsect.obj
 0002:00000cd0       __rtc_taa                  0000000180013cd0     MSVCRT:initsect.obj
 0002:00000cd8       __rtc_tzz                  0000000180013cd8     MSVCRT:initsect.obj
 0002:000015b4       __IMPORT_DESCRIPTOR_libmwlapack 00000001800145b4     libmwlapack:libmwlapack.dll
 0002:000015c8       __IMPORT_DESCRIPTOR_sf_runtime 00000001800145c8     sf_runtime:sf_runtime.dll
 0002:000015dc       __IMPORT_DESCRIPTOR_libmx  00000001800145dc     libmx:libmx.dll
 0002:000015f0       __IMPORT_DESCRIPTOR_libmex 00000001800145f0     libmex:libmex.dll
 0002:00001604       __IMPORT_DESCRIPTOR_libut  0000000180014604     libut:libut.dll
 0002:00001618       __IMPORT_DESCRIPTOR_libmwmathutil 0000000180014618     libmwmathutil:libmwmathutil.dll
 0002:0000162c       __IMPORT_DESCRIPTOR_MSVCR120 000000018001462c     MSVCRT:MSVCR120.dll
 0002:00001640       __IMPORT_DESCRIPTOR_KERNEL32 0000000180014640     kernel32:KERNEL32.dll
 0002:00001654       __NULL_IMPORT_DESCRIPTOR   0000000180014654     libmwlapack:libmwlapack.dll
 0003:000014a8       DYNAMIC_DIMENSION          00000001800174a8     usv_model_sfun_registry.obj
 0003:00001d90       __security_cookie          0000000180017d90     MSVCRT:gs_cookie.obj
 0003:00001d98       __security_cookie_complement 0000000180017d98     MSVCRT:gs_cookie.obj
 0003:00001da0       _fltused                   0000000180017da0     MSVCRT:dllsupp.obj
 0003:00001da4       __native_dllmain_reason    0000000180017da4     MSVCRT:natstart.obj
 0003:00001df8       sfGlobalDebugInstanceStruct 0000000180017df8     usv_model_sfun_registry.obj
 0003:00002458       ?__type_info_root_node@@3U__type_info_node@@A 0000000180018458     MSVCRT:tncleanup.obj
 0003:00002468       _usv_modelMachineNumber_   0000000180018468     <common>
 0003:00002470       __native_startup_lock      0000000180018470     <common>
 0003:00002478       __native_startup_state     0000000180018478     <common>
 0003:00002480       __onexitend                0000000180018480     <common>
 0003:00002488       __onexitbegin              0000000180018488     <common>
 0003:00002490       __dyn_tls_init_callback    0000000180018490     <common>

 entry point at        0001:000112d4

 Static symbols

 0000:00000000       .debug$S                   0000000180000000     sf_runtime:sf_runtime.dll
 0000:00000000       .debug$S                   0000000180000000     libmwlapack:libmwlapack.dll
 0000:00000000       .debug$S                   0000000180000000     sf_runtime:sf_runtime.dll
 0000:00000000       .debug$S                   0000000180000000     sf_runtime:sf_runtime.dll
 0000:00000000       .debug$S                   0000000180000000     sf_runtime:sf_runtime.dll
 0000:00000000       .debug$S                   0000000180000000     sf_runtime:sf_runtime.dll
 0000:00000000       .debug$S                   0000000180000000     kernel32:KERNEL32.dll
 0000:00000000       .debug$S                   0000000180000000     kernel32:KERNEL32.dll
 0000:00000000       .debug$S                   0000000180000000     kernel32:KERNEL32.dll
 0000:00000000       .debug$S                   0000000180000000     kernel32:KERNEL32.dll
 0000:00000000       .debug$S                   0000000180000000     kernel32:KERNEL32.dll
 0000:00000000       .debug$S                   0000000180000000     kernel32:KERNEL32.dll
 0000:00000000       .debug$S                   0000000180000000     kernel32:KERNEL32.dll
 0000:00000000       .debug$S                   0000000180000000     kernel32:KERNEL32.dll
 0000:00000000       .debug$S                   0000000180000000     kernel32:KERNEL32.dll
 0000:00000000       .debug$S                   0000000180000000     MSVCRT:MSVCR120.dll
 0000:00000000       .debug$S                   0000000180000000     MSVCRT:MSVCR120.dll
 0000:00000000       .debug$S                   0000000180000000     MSVCRT:MSVCR120.dll
 0000:00000000       .debug$S                   0000000180000000     MSVCRT:MSVCR120.dll
 0000:00000000       .debug$S                   0000000180000000     MSVCRT:MSVCR120.dll
 0000:00000000       .debug$S                   0000000180000000     MSVCRT:MSVCR120.dll
 0000:00000000       .debug$S                   0000000180000000     MSVCRT:MSVCR120.dll
 0000:00000000       .debug$S                   0000000180000000     MSVCRT:MSVCR120.dll
 0000:00000000       .debug$S                   0000000180000000     MSVCRT:MSVCR120.dll
 0000:00000000       .debug$S                   0000000180000000     MSVCRT:MSVCR120.dll
 0000:00000000       .debug$S                   0000000180000000     MSVCRT:MSVCR120.dll
 0000:00000000       .debug$S                   0000000180000000     MSVCRT:MSVCR120.dll
 0000:00000000       .debug$S                   0000000180000000     MSVCRT:MSVCR120.dll
 0000:00000000       .debug$S                   0000000180000000     MSVCRT:MSVCR120.dll
 0000:00000000       .debug$S                   0000000180000000     MSVCRT:MSVCR120.dll
 0000:00000000       .debug$S                   0000000180000000     MSVCRT:MSVCR120.dll
 0000:00000000       .debug$S                   0000000180000000     MSVCRT:MSVCR120.dll
 0000:00000000       .debug$S                   0000000180000000     MSVCRT:MSVCR120.dll
 0000:00000000       .debug$S                   0000000180000000     MSVCRT:MSVCR120.dll
 0000:00000000       .debug$S                   0000000180000000     MSVCRT:MSVCR120.dll
 0000:00000000       .debug$S                   0000000180000000     MSVCRT:MSVCR120.dll
 0000:00000000       .debug$S                   0000000180000000     MSVCRT:MSVCR120.dll
 0000:00000000       .debug$S                   0000000180000000     MSVCRT:MSVCR120.dll
 0000:00000000       .debug$S                   0000000180000000     MSVCRT:MSVCR120.dll
 0000:00000000       .debug$S                   0000000180000000     MSVCRT:MSVCR120.dll
 0000:00000000       .debug$S                   0000000180000000     sf_runtime:sf_runtime.dll
 0000:00000000       .debug$S                   0000000180000000     sf_runtime:sf_runtime.dll
 0000:00000000       .debug$S                   0000000180000000     sf_runtime:sf_runtime.dll
 0000:00000000       .debug$S                   0000000180000000     sf_runtime:sf_runtime.dll
 0000:00000000       .debug$S                   0000000180000000     sf_runtime:sf_runtime.dll
 0000:00000000       .debug$S                   0000000180000000     sf_runtime:sf_runtime.dll
 0000:00000000       .debug$S                   0000000180000000     sf_runtime:sf_runtime.dll
 0000:00000000       .debug$S                   0000000180000000     sf_runtime:sf_runtime.dll
 0000:00000000       .debug$S                   0000000180000000     sf_runtime:sf_runtime.dll
 0000:00000000       .debug$S                   0000000180000000     sf_runtime:sf_runtime.dll
 0000:00000000       .debug$S                   0000000180000000     sf_runtime:sf_runtime.dll
 0000:00000000       .debug$S                   0000000180000000     sf_runtime:sf_runtime.dll
 0000:00000000       .debug$S                   0000000180000000     sf_runtime:sf_runtime.dll
 0000:00000000       .debug$S                   0000000180000000     sf_runtime:sf_runtime.dll
 0000:00000000       .debug$S                   0000000180000000     sf_runtime:sf_runtime.dll
 0000:00000000       .debug$S                   0000000180000000     sf_runtime:sf_runtime.dll
 0000:00000000       .debug$S                   0000000180000000     sf_runtime:sf_runtime.dll
 0000:00000000       .debug$S                   0000000180000000     sf_runtime:sf_runtime.dll
 0000:00000000       .debug$S                   0000000180000000     sf_runtime:sf_runtime.dll
 0000:00000000       .debug$S                   0000000180000000     sf_runtime:sf_runtime.dll
 0000:00000000       .debug$S                   0000000180000000     sf_runtime:sf_runtime.dll
 0000:00000000       .debug$S                   0000000180000000     sf_runtime:sf_runtime.dll
 0000:00000000       .debug$S                   0000000180000000     sf_runtime:sf_runtime.dll
 0000:00000000       .debug$S                   0000000180000000     sf_runtime:sf_runtime.dll
 0000:00000000       .debug$S                   0000000180000000     sf_runtime:sf_runtime.dll
 0000:00000000       .debug$S                   0000000180000000     sf_runtime:sf_runtime.dll
 0000:00000000       .debug$S                   0000000180000000     sf_runtime:sf_runtime.dll
 0000:00000000       .debug$S                   0000000180000000     sf_runtime:sf_runtime.dll
 0000:00000000       .debug$S                   0000000180000000     sf_runtime:sf_runtime.dll
 0000:00000000       .debug$S                   0000000180000000     sf_runtime:sf_runtime.dll
 0000:00000000       .debug$S                   0000000180000000     sf_runtime:sf_runtime.dll
 0000:00000000       .debug$S                   0000000180000000     sf_runtime:sf_runtime.dll
 0000:00000000       .debug$S                   0000000180000000     sf_runtime:sf_runtime.dll
 0000:00000000       .debug$S                   0000000180000000     sf_runtime:sf_runtime.dll
 0000:00000000       .debug$S                   0000000180000000     sf_runtime:sf_runtime.dll
 0000:00000000       .debug$S                   0000000180000000     sf_runtime:sf_runtime.dll
 0000:00000000       .debug$S                   0000000180000000     libmwmathutil:libmwmathutil.dll
 0000:00000000       .debug$S                   0000000180000000     libmwmathutil:libmwmathutil.dll
 0000:00000000       .debug$S                   0000000180000000     libmwmathutil:libmwmathutil.dll
 0000:00000000       .debug$S                   0000000180000000     libmwmathutil:libmwmathutil.dll
 0000:00000000       .debug$S                   0000000180000000     libmwmathutil:libmwmathutil.dll
 0000:00000000       .debug$S                   0000000180000000     libmwmathutil:libmwmathutil.dll
 0000:00000000       .debug$S                   0000000180000000     libmwmathutil:libmwmathutil.dll
 0000:00000000       .debug$S                   0000000180000000     libmwmathutil:libmwmathutil.dll
 0000:00000000       .debug$S                   0000000180000000     sf_runtime:sf_runtime.dll
 0000:00000000       .debug$S                   0000000180000000     libut:libut.dll
 0000:00000000       .debug$S                   0000000180000000     libut:libut.dll
 0000:00000000       .debug$S                   0000000180000000     sf_runtime:sf_runtime.dll
 0000:00000000       .debug$S                   0000000180000000     libmex:libmex.dll
 0000:00000000       .debug$S                   0000000180000000     libmex:libmex.dll
 0000:00000000       .debug$S                   0000000180000000     libmex:libmex.dll
 0000:00000000       .debug$S                   0000000180000000     libmex:libmex.dll
 0000:00000000       .debug$S                   0000000180000000     libmex:libmex.dll
 0000:00000000       .debug$S                   0000000180000000     libmex:libmex.dll
 0000:00000000       .debug$S                   0000000180000000     libmex:libmex.dll
 0000:00000000       .debug$S                   0000000180000000     libmx:libmx.dll
 0000:00000000       .debug$S                   0000000180000000     libmx:libmx.dll
 0000:00000000       .debug$S                   0000000180000000     libmx:libmx.dll
 0000:00000000       .debug$S                   0000000180000000     libmx:libmx.dll
 0000:00000000       .debug$S                   0000000180000000     libmx:libmx.dll
 0000:00000000       .debug$S                   0000000180000000     libmx:libmx.dll
 0000:00000000       .debug$S                   0000000180000000     libmx:libmx.dll
 0000:00000000       .debug$S                   0000000180000000     libmx:libmx.dll
 0000:00000000       .debug$S                   0000000180000000     libmx:libmx.dll
 0000:00000000       .debug$S                   0000000180000000     sf_runtime:sf_runtime.dll
 0000:00000000       .debug$S                   0000000180000000     sf_runtime:sf_runtime.dll
 0000:00000000       .debug$S                   0000000180000000     sf_runtime:sf_runtime.dll
 0000:00000000       .debug$S                   0000000180000000     sf_runtime:sf_runtime.dll
 0000:00000000       .debug$S                   0000000180000000     sf_runtime:sf_runtime.dll
 0000:00000000       .debug$S                   0000000180000000     sf_runtime:sf_runtime.dll
 0000:00000000       .debug$S                   0000000180000000     sf_runtime:sf_runtime.dll
 0000:00000000       .debug$S                   0000000180000000     sf_runtime:sf_runtime.dll
 0000:00000000       .debug$S                   0000000180000000     sf_runtime:sf_runtime.dll
 0000:00000000       .debug$S                   0000000180000000     sf_runtime:sf_runtime.dll
 0000:00000000       .debug$S                   0000000180000000     sf_runtime:sf_runtime.dll
 0000:00000000       .debug$S                   0000000180000000     sf_runtime:sf_runtime.dll
 0000:00000000       .debug$S                   0000000180000000     sf_runtime:sf_runtime.dll
 0000:00000000       .debug$S                   0000000180000000     sf_runtime:sf_runtime.dll
 0000:00000000       .debug$S                   0000000180000000     sf_runtime:sf_runtime.dll
 0000:00000000       .debug$S                   0000000180000000     sf_runtime:sf_runtime.dll
 0000:00000000       .debug$S                   0000000180000000     sf_runtime:sf_runtime.dll
 0000:00000000       .debug$S                   0000000180000000     sf_runtime:sf_runtime.dll
 0000:00000000       .debug$S                   0000000180000000     sf_runtime:sf_runtime.dll
 0000:00000000       .debug$S                   0000000180000000     sf_runtime:sf_runtime.dll
 0000:00000000       .debug$S                   0000000180000000     sf_runtime:sf_runtime.dll
 0000:00000000       .debug$S                   0000000180000000     sf_runtime:sf_runtime.dll
 0000:00000000       .debug$S                   0000000180000000     sf_runtime:sf_runtime.dll
 0000:00000000       .debug$S                   0000000180000000     sf_runtime:sf_runtime.dll
 0000:00000000       .debug$S                   0000000180000000     sf_runtime:sf_runtime.dll
 0000:00000000       .debug$S                   0000000180000000     sf_runtime:sf_runtime.dll
 0000:00000000       .debug$S                   0000000180000000     sf_runtime:sf_runtime.dll
 0000:00000000       .debug$S                   0000000180000000     sf_runtime:sf_runtime.dll
 0000:00000000       .debug$S                   0000000180000000     sf_runtime:sf_runtime.dll
 0000:00000000       .debug$S                   0000000180000000     sf_runtime:sf_runtime.dll
 0000:00000000       .debug$S                   0000000180000000     sf_runtime:sf_runtime.dll
 0000:00000000       .debug$S                   0000000180000000     sf_runtime:sf_runtime.dll
 0000:00000000       .debug$S                   0000000180000000     libmx:libmx.dll
 0000:00000000       .debug$S                   0000000180000000     libmx:libmx.dll
 0000:00000000       .debug$S                   0000000180000000     libmx:libmx.dll
 0000:00000000       .debug$S                   0000000180000000     libmx:libmx.dll
 0000:00000000       .debug$S                   0000000180000000     libmx:libmx.dll
 0000:00000000       .debug$S                   0000000180000000     libmx:libmx.dll
 0000:00000000       .debug$S                   0000000180000000     libmx:libmx.dll
 0000:00000000       .debug$S                   0000000180000000     libmx:libmx.dll
 0000:00000000       .debug$S                   0000000180000000     libmx:libmx.dll
 0000:00000000       .debug$S                   0000000180000000     libmx:libmx.dll
 0000:00000000       .debug$S                   0000000180000000     libmx:libmx.dll
 0000:00000000       .debug$S                   0000000180000000     libmx:libmx.dll
 0000:00000000       .debug$S                   0000000180000000     libmx:libmx.dll
 0000:00000000       .debug$S                   0000000180000000     libmx:libmx.dll
 0001:00001320       chart_debug_initialization 0000000180002320 f   c6_usv_model.obj
 0001:00001f60       chart_debug_initialize_data_addresses 0000000180002f60 f   c6_usv_model.obj
 0001:000021d0       initialize_c6_usv_model    00000001800031d0 f   c6_usv_model.obj
 0001:00002240       initialize_params_c6_usv_model 0000000180003240 f   c6_usv_model.obj
 0001:00002250       enable_c6_usv_model        0000000180003250 f   c6_usv_model.obj
 0001:00002280       disable_c6_usv_model       0000000180003280 f   c6_usv_model.obj
 0001:000022b0       c6_update_debugger_state_c6_usv_model 00000001800032b0 f   c6_usv_model.obj
 0001:000022c0       get_sim_state_c6_usv_model 00000001800032c0 f   c6_usv_model.obj
 0001:00002580       set_sim_state_c6_usv_model 0000000180003580 f   c6_usv_model.obj
 0001:000026e0       finalize_c6_usv_model      00000001800036e0 f   c6_usv_model.obj
 0001:000026f0       sf_gateway_c6_usv_model    00000001800036f0 f   c6_usv_model.obj
 0001:00002bc0       mdl_start_c6_usv_model     0000000180003bc0 f   c6_usv_model.obj
 0001:00002bd0       c6_chartstep_c6_usv_model  0000000180003bd0 f   c6_usv_model.obj
 0001:00004e60       initSimStructsc6_usv_model 0000000180005e60 f   c6_usv_model.obj
 0001:00004e70       init_script_number_translation 0000000180005e70 f   c6_usv_model.obj
 0001:00004e90       c6_sf_marshallOut          0000000180005e90 f   c6_usv_model.obj
 0001:00004f40       c6_emlrt_marshallIn        0000000180005f40 f   c6_usv_model.obj
 0001:00004fb0       c6_b_emlrt_marshallIn      0000000180005fb0 f   c6_usv_model.obj
 0001:00005040       c6_sf_marshallIn           0000000180006040 f   c6_usv_model.obj
 0001:000050f0       c6_b_sf_marshallOut        00000001800060f0 f   c6_usv_model.obj
 0001:000051d0       c6_c_emlrt_marshallIn      00000001800061d0 f   c6_usv_model.obj
 0001:000052b0       c6_b_sf_marshallIn         00000001800062b0 f   c6_usv_model.obj
 0001:000053a0       c6_c_sf_marshallOut        00000001800063a0 f   c6_usv_model.obj
 0001:000054f0       c6_d_emlrt_marshallIn      00000001800064f0 f   c6_usv_model.obj
 0001:00005660       c6_c_sf_marshallIn         0000000180006660 f   c6_usv_model.obj
 0001:000057a0       c6_rdivide                 00000001800067a0 f   c6_usv_model.obj
 0001:000057f0       c6_mpower                  00000001800067f0 f   c6_usv_model.obj
 0001:00005880       c6_fltpower_domain_error   0000000180006880 f   c6_usv_model.obj
 0001:00005970       c6_error                   0000000180006970 f   c6_usv_model.obj
 0001:00005a50       c6_b_mpower                0000000180006a50 f   c6_usv_model.obj
 0001:00005af0       c6_b_error                 0000000180006af0 f   c6_usv_model.obj
 0001:00005c40       c6_roots                   0000000180006c40 f   c6_usv_model.obj
 0001:00006880       c6_isfinite                0000000180007880 f   c6_usv_model.obj
 0001:00006950       c6_c_error                 0000000180007950 f   c6_usv_model.obj
 0001:00006a30       c6_abs                     0000000180007a30 f   c6_usv_model.obj
 0001:00006a70       c6_check_forloop_overflow_error 0000000180007a70 f   c6_usv_model.obj
 0001:00006bd0       c6_eig                     0000000180007bd0 f   c6_usv_model.obj
 0001:00006f70       c6_d_error                 0000000180007f70 f   c6_usv_model.obj
 0001:00007050       c6_e_error                 0000000180008050 f   c6_usv_model.obj
 0001:00007220       c6_warning                 0000000180008220 f   c6_usv_model.obj
 0001:000073f0       c6_f_emlrt_marshallIn      00000001800083f0 f   c6_usv_model.obj
 0001:00007460       c6_g_emlrt_marshallIn      0000000180008460 f   c6_usv_model.obj
 0001:000074f0       c6_b_sqrt                  00000001800084f0 f   c6_usv_model.obj
 0001:00007580       init_dsm_address_info      0000000180008580 f   c6_usv_model.obj
 0001:00007590       init_simulink_io_address   0000000180008590 f   c6_usv_model.obj
 0001:000083f0       sf_get_sim_state_info_c6_usv_model 00000001800093f0 f   c6_usv_model.obj
 0001:000084c0       sf_get_instance_specialization 00000001800094c0 f   c6_usv_model.obj
 0001:000084d0       sf_opaque_initialize_c6_usv_model 00000001800094d0 f   c6_usv_model.obj
 0001:00008510       sf_opaque_enable_c6_usv_model 0000000180009510 f   c6_usv_model.obj
 0001:00008530       sf_opaque_disable_c6_usv_model 0000000180009530 f   c6_usv_model.obj
 0001:00008550       sf_opaque_gateway_c6_usv_model 0000000180009550 f   c6_usv_model.obj
 0001:00008570       sf_opaque_get_sim_state_c6_usv_model 0000000180009570 f   c6_usv_model.obj
 0001:000085a0       sf_opaque_set_sim_state_c6_usv_model 00000001800095a0 f   c6_usv_model.obj
 0001:000085d0       sf_opaque_terminate_c6_usv_model 00000001800095d0 f   c6_usv_model.obj
 0001:00008670       mdlProcessParameters_c6_usv_model 0000000180009670 f   c6_usv_model.obj
 0001:00008730       mdlSetWorkWidths_c6_usv_model 0000000180009730 f   c6_usv_model.obj
 0001:00008da0       mdlRTW_c6_usv_model        0000000180009da0 f   c6_usv_model.obj
 0001:00008de0       mdlStart_c6_usv_model      0000000180009de0 f   c6_usv_model.obj
 0001:0000a328       $LN120                     000000018000b328     usv_model_sfun_registry.obj
 0001:0000bef4       $LN17                      000000018000cef4     usv_model_sfun_registry.obj
 0001:0000c47c       $LN26                      000000018000d47c     usv_model_sfun_registry.obj
 0001:0000cb64       $LN23                      000000018000db64     usv_model_sfun_registry.obj
 0001:0000d140       $LN26                      000000018000e140     usv_model_sfun_registry.obj
 0001:0000f070       sf_debug_api_wrapper       0000000180010070 f   usv_model_sfun_registry.obj
 0001:0000f0c0       ProcessMexSfunctionCmdLineCall 00000001800100c0 f   usv_model_sfun_registry.obj
 0001:0000f470       mdlSetWorkWidths           0000000180010470 f   usv_model_sfun_registry.obj
 0001:0000f4a0       mdlProcessParameters       00000001800104a0 f   usv_model_sfun_registry.obj
 0001:0000f4d0       mdl_start_processing       00000001800104d0 f   usv_model_sfun_registry.obj
 0001:0000f580       mdl_terminate_processing   0000000180010580 f   usv_model_sfun_registry.obj
 0001:0000f600       mdlStart                   0000000180010600 f   usv_model_sfun_registry.obj
 0001:0000f630       mdlTerminate               0000000180010630 f   usv_model_sfun_registry.obj
 0001:0000f660       mdlInitializeSizes         0000000180010660 f   usv_model_sfun_registry.obj
 0001:0000f690       mdlInitializeSampleTimes   0000000180010690 f   usv_model_sfun_registry.obj
 0001:0000f6c0       mdl_outputs_continuous_legacy 00000001800106c0 f   usv_model_sfun_registry.obj
 0001:0000f7c0       mdl_outputs_processing     00000001800107c0 f   usv_model_sfun_registry.obj
 0001:0000f8e0       mdl_zeroCrossings_processing 00000001800108e0 f   usv_model_sfun_registry.obj
 0001:0000f920       mdlZeroCrossings           0000000180010920 f   usv_model_sfun_registry.obj
 0001:0000f950       mdl_derivatives_processing 0000000180010950 f   usv_model_sfun_registry.obj
 0001:0000f9a0       mdlDerivatives             00000001800109a0 f   usv_model_sfun_registry.obj
 0001:0000f9d0       mdl_initialize_conditions_processing 00000001800109d0 f   usv_model_sfun_registry.obj
 0001:0000fa20       mdlInitializeConditions    0000000180010a20 f   usv_model_sfun_registry.obj
 0001:0000fa50       mdl_ext_mode_exec_processing 0000000180010a50 f   usv_model_sfun_registry.obj
 0001:0000fa90       mdlExtModeExec             0000000180010a90 f   usv_model_sfun_registry.obj
 0001:0000fac0       mdlRTW                     0000000180010ac0 f   usv_model_sfun_registry.obj
 0001:0000fb00       mdl_enable_processing      0000000180010b00 f   usv_model_sfun_registry.obj
 0001:0000fb40       mdlEnable                  0000000180010b40 f   usv_model_sfun_registry.obj
 0001:0000fb70       mdl_disable_processing     0000000180010b70 f   usv_model_sfun_registry.obj
 0001:0000fbb0       mdlDisable                 0000000180010bb0 f   usv_model_sfun_registry.obj
 0001:0000fbe0       mdlOutputs                 0000000180010be0 f   usv_model_sfun_registry.obj
 0001:0000fc10       mdl_update_processing      0000000180010c10 f   usv_model_sfun_registry.obj
 0001:0000fc60       mdlUpdate                  0000000180010c60 f   usv_model_sfun_registry.obj
 0001:0000fe40       mdlGetTimeOfNextVarHit     0000000180010e40 f   usv_model_sfun_registry.obj
 0001:0000fe90       _RegNumInputPortsCB        0000000180010e90 f   usv_model_sfun_registry.obj
 0001:0000ff10       _RegNumOutputPortsCB       0000000180010f10 f   usv_model_sfun_registry.obj
 0001:0000ff90       _CreateSimStruct           0000000180010f90 f   usv_model_sfun_registry.obj
 0001:00010170       _ssFatalError              0000000180011170 f   usv_model_sfun_registry.obj
 0001:00010240       _ProcessMexSfunctionCmdLineCall 0000000180011240 f   usv_model_sfun_registry.obj
 0001:00010fc0       $$000000                   0000000180011fc0     MSVCRT:amdsecgs.obj
 0001:0001101c       pre_c_init                 000000018001201c f   MSVCRT:crtdll.obj
 0001:00011314       __DllMainCRTStartup        0000000180012314 f   MSVCRT:crtdll.obj
 0001:00011830       __DllMainCRTStartup$filt$0 0000000180012830 f   MSVCRT:crtdll.obj
 0001:00011855       __DllMainCRTStartup$fin$1  0000000180012855 f   MSVCRT:crtdll.obj
 0001:00011870       _IsNonwritableInCurrentImage$filt$0 0000000180012870 f   MSVCRT:pesect.obj
 0001:00011890       _onexit$fin$0              0000000180012890 f   MSVCRT:atonexit.obj
 0002:00000508       pcinit                     0000000180013508     MSVCRT:crtdll.obj
 0002:00000510       pinit                      0000000180013510     MSVCRT:atonexit.obj
 0002:00000c18       GS_ExceptionPointers       0000000180013c18     MSVCRT:gs_report.obj
 0002:00000ce0       $unwind$load_usv_model_optimization_info 0000000180013ce0     usv_model_sfun.obj
 0002:00000ce8       $unwind$unload_usv_model_optimization_info 0000000180013ce8     usv_model_sfun.obj
 0002:00000cf0       $unwind$sf_usv_model_method_dispatcher 0000000180013cf0     usv_model_sfun.obj
 0002:00000cf8       $unwind$sf_usv_model_uses_exported_functions 0000000180013cf8     usv_model_sfun.obj
 0002:00000d00       $unwind$sf_usv_model_process_check_sum_call 0000000180013d00     usv_model_sfun.obj
 0002:00000d10       $unwind$sf_usv_model_autoinheritance_info 0000000180013d10     usv_model_sfun.obj
 0002:00000d20       $unwind$sf_usv_model_get_eml_resolved_functions_info 0000000180013d20     usv_model_sfun.obj
 0002:00000d30       $unwind$sf_usv_model_third_party_uses_info 0000000180013d30     usv_model_sfun.obj
 0002:00000d40       $unwind$sf_usv_model_jit_fallback_info 0000000180013d40     usv_model_sfun.obj
 0002:00000d50       $unwind$sf_usv_model_updateBuildInfo_args_info 0000000180013d50     usv_model_sfun.obj
 0002:00000d60       $unwind$sf_usv_model_get_post_codegen_info 0000000180013d60     usv_model_sfun.obj
 0002:00000d70       $unwind$usv_model_debug_initialize 0000000180013d70     usv_model_sfun.obj
 0002:00000d78       $unwind$sf_c6_usv_model_get_eml_resolved_functions_info 0000000180013d78     c6_usv_model.obj
 0002:00000d80       $unwind$sf_c6_usv_model_get_check_sum 0000000180013d80     c6_usv_model.obj
 0002:00000d88       $unwind$c6_usv_model_method_dispatcher 0000000180013d88     c6_usv_model.obj
 0002:00000d90       $unwind$chart_debug_initialization 0000000180013d90     c6_usv_model.obj
 0002:00000d98       $unwind$chart_debug_initialize_data_addresses 0000000180013d98     c6_usv_model.obj
 0002:00000da0       $unwind$initialize_c6_usv_model 0000000180013da0     c6_usv_model.obj
 0002:00000da8       $unwind$enable_c6_usv_model 0000000180013da8     c6_usv_model.obj
 0002:00000db0       $unwind$disable_c6_usv_model 0000000180013db0     c6_usv_model.obj
 0002:00000db8       $unwind$get_sim_state_c6_usv_model 0000000180013db8     c6_usv_model.obj
 0002:00000dc0       $unwind$set_sim_state_c6_usv_model 0000000180013dc0     c6_usv_model.obj
 0002:00000dc8       $unwind$sf_gateway_c6_usv_model 0000000180013dc8     c6_usv_model.obj
 0002:00000dd0       $unwind$c6_chartstep_c6_usv_model 0000000180013dd0     c6_usv_model.obj
 0002:00000de4       $unwind$c6_sf_marshallOut  0000000180013de4     c6_usv_model.obj
 0002:00000dec       $unwind$c6_emlrt_marshallIn 0000000180013dec     c6_usv_model.obj
 0002:00000df4       $unwind$c6_b_emlrt_marshallIn 0000000180013df4     c6_usv_model.obj
 0002:00000dfc       $unwind$c6_sf_marshallIn   0000000180013dfc     c6_usv_model.obj
 0002:00000e04       $unwind$c6_b_sf_marshallOut 0000000180013e04     c6_usv_model.obj
 0002:00000e18       $unwind$c6_c_emlrt_marshallIn 0000000180013e18     c6_usv_model.obj
 0002:00000e2c       $unwind$c6_b_sf_marshallIn 0000000180013e2c     c6_usv_model.obj
 0002:00000e40       $unwind$c6_c_sf_marshallOut 0000000180013e40     c6_usv_model.obj
 0002:00000e54       $unwind$c6_d_emlrt_marshallIn 0000000180013e54     c6_usv_model.obj
 0002:00000e68       $unwind$c6_c_sf_marshallIn 0000000180013e68     c6_usv_model.obj
 0002:00000e7c       $unwind$c6_rdivide         0000000180013e7c     c6_usv_model.obj
 0002:00000e84       $unwind$c6_mpower          0000000180013e84     c6_usv_model.obj
 0002:00000e8c       $unwind$c6_fltpower_domain_error 0000000180013e8c     c6_usv_model.obj
 0002:00000e94       $unwind$c6_error           0000000180013e94     c6_usv_model.obj
 0002:00000e9c       $unwind$c6_b_mpower        0000000180013e9c     c6_usv_model.obj
 0002:00000ea4       $unwind$c6_b_error         0000000180013ea4     c6_usv_model.obj
 0002:00000eac       $unwind$c6_roots           0000000180013eac     c6_usv_model.obj
 0002:00000ec0       $unwind$c6_isfinite        0000000180013ec0     c6_usv_model.obj
 0002:00000ec8       $unwind$c6_c_error         0000000180013ec8     c6_usv_model.obj
 0002:00000ed0       $unwind$c6_abs             0000000180013ed0     c6_usv_model.obj
 0002:00000ed8       $unwind$c6_check_forloop_overflow_error 0000000180013ed8     c6_usv_model.obj
 0002:00000ee0       $unwind$c6_eig             0000000180013ee0     c6_usv_model.obj
[...]
 0004:00000060       $pdata$sf_usv_model_jit_fallback_info 0000000180019060     usv_model_sfun.obj
 0004:0000006c       $pdata$sf_usv_model_updateBuildInfo_args_info 000000018001906c     usv_model_sfun.obj
 0004:00000078       $pdata$sf_usv_model_get_post_codegen_info 0000000180019078     usv_model_sfun.obj
 0004:00000084       $pdata$usv_model_debug_initialize 0000000180019084     usv_model_sfun.obj
 0004:00000090       $pdata$sf_c6_usv_model_get_eml_resolved_functions_info 0000000180019090     c6_usv_model.obj
 0004:0000009c       $pdata$sf_c6_usv_model_get_check_sum 000000018001909c     c6_usv_model.obj
 0004:000000a8       $pdata$c6_usv_model_method_dispatcher 00000001800190a8     c6_usv_model.obj
 0004:000000b4       $pdata$chart_debug_initialization 00000001800190b4     c6_usv_model.obj
 0004:000000c0       $pdata$chart_debug_initialize_data_addresses 00000001800190c0     c6_usv_model.obj
 0004:000000cc       $pdata$initialize_c6_usv_model 00000001800190cc     c6_usv_model.obj
 0004:000000d8       $pdata$enable_c6_usv_model 00000001800190d8     c6_usv_model.obj
 0004:000000e4       $pdata$disable_c6_usv_model 00000001800190e4     c6_usv_model.obj
 0004:000000f0       $pdata$get_sim_state_c6_usv_model 00000001800190f0     c6_usv_model.obj
 0004:000000fc       $pdata$set_sim_state_c6_usv_model 00000001800190fc     c6_usv_model.obj
 0004:00000108       $pdata$sf_gateway_c6_usv_model 0000000180019108     c6_usv_model.obj
 0004:00000114       $pdata$c6_chartstep_c6_usv_model 0000000180019114     c6_usv_model.obj
 0004:00000120       $pdata$c6_sf_marshallOut   0000000180019120     c6_usv_model.obj
 0004:0000012c       $pdata$c6_emlrt_marshallIn 000000018001912c     c6_usv_model.obj
 0004:00000138       $pdata$c6_b_emlrt_marshallIn 0000000180019138     c6_usv_model.obj
 0004:00000144       $pdata$c6_sf_marshallIn    0000000180019144     c6_usv_model.obj
 0004:00000150       $pdata$c6_b_sf_marshallOut 0000000180019150     c6_usv_model.obj
 0004:0000015c       $pdata$c6_c_emlrt_marshallIn 000000018001915c     c6_usv_model.obj
 0004:00000168       $pdata$c6_b_sf_marshallIn  0000000180019168     c6_usv_model.obj
 0004:00000174       $pdata$c6_c_sf_marshallOut 0000000180019174     c6_usv_model.obj
 0004:00000180       $pdata$c6_d_emlrt_marshallIn 0000000180019180     c6_usv_model.obj
 0004:0000018c       $pdata$c6_c_sf_marshallIn  000000018001918c     c6_usv_model.obj
 0004:00000198       $pdata$c6_rdivide          0000000180019198     c6_usv_model.obj
 0004:000001a4       $pdata$c6_mpower           00000001800191a4     c6_usv_model.obj
 0004:000001b0       $pdata$c6_fltpower_domain_error 00000001800191b0     c6_usv_model.obj
 0004:000001bc       $pdata$c6_error            00000001800191bc     c6_usv_model.obj
 0004:000001c8       $pdata$c6_b_mpower         00000001800191c8     c6_usv_model.obj
 0004:000001d4       $pdata$c6_b_error          00000001800191d4     c6_usv_model.obj
 0004:000001e0       $pdata$c6_roots            00000001800191e0     c6_usv_model.obj
 0004:000001ec       $pdata$c6_isfinite         00000001800191ec     c6_usv_model.obj
 0004:000001f8       $pdata$c6_c_error          00000001800191f8     c6_usv_model.obj
 0004:00000204       $pdata$c6_abs              0000000180019204     c6_usv_model.obj
 0004:00000210       $pdata$c6_check_forloop_overflow_error 0000000180019210     c6_usv_model.obj
 0004:0000021c       $pdata$c6_eig              000000018001921c     c6_usv_model.obj
 0004:00000228       $pdata$c6_d_error          0000000180019228     c6_usv_model.obj
 0004:00000234       $pdata$c6_e_error          0000000180019234     c6_usv_model.obj
 0004:00000240       $pdata$c6_warning          0000000180019240     c6_usv_model.obj
 0004:0000024c       $pdata$c6_f_emlrt_marshallIn 000000018001924c     c6_usv_model.obj
 0004:00000258       $pdata$c6_g_emlrt_marshallIn 0000000180019258     c6_usv_model.obj
 0004:00000264       $pdata$c6_b_sqrt           0000000180019264     c6_usv_model.obj
 0004:00000270       $pdata$init_simulink_io_address 0000000180019270     c6_usv_model.obj
 0004:0000027c       $pdata$sf_c6_usv_model_get_post_codegen_info 000000018001927c     c6_usv_model.obj
 0004:00000288       $pdata$sf_c6_usv_model_get_autoinheritance_info 0000000180019288     c6_usv_model.obj
 0004:00000294       $pdata$sf_c6_usv_model_third_party_uses_info 0000000180019294     c6_usv_model.obj
 0004:000002a0       $pdata$sf_c6_usv_model_jit_fallback_info 00000001800192a0     c6_usv_model.obj
 0004:000002ac       $pdata$sf_c6_usv_model_updateBuildInfo_args_info 00000001800192ac     c6_usv_model.obj
 0004:000002b8       $pdata$sf_get_sim_state_info_c6_usv_model 00000001800192b8     c6_usv_model.obj
 0004:000002c4       $pdata$sf_opaque_initialize_c6_usv_model 00000001800192c4     c6_usv_model.obj
 0004:000002d0       $pdata$sf_opaque_enable_c6_usv_model 00000001800192d0     c6_usv_model.obj
 0004:000002dc       $pdata$sf_opaque_disable_c6_usv_model 00000001800192dc     c6_usv_model.obj
 0004:000002e8       $pdata$sf_opaque_gateway_c6_usv_model 00000001800192e8     c6_usv_model.obj
 0004:000002f4       $pdata$sf_opaque_get_sim_state_c6_usv_model 00000001800192f4     c6_usv_model.obj
 0004:00000300       $pdata$sf_opaque_set_sim_state_c6_usv_model 0000000180019300     c6_usv_model.obj
 0004:0000030c       $pdata$sf_opaque_terminate_c6_usv_model 000000018001930c     c6_usv_model.obj
 0004:00000318       $pdata$mdlProcessParameters_c6_usv_model 0000000180019318     c6_usv_model.obj
 0004:00000324       $pdata$mdlSetWorkWidths_c6_usv_model 0000000180019324     c6_usv_model.obj
 0004:00000330       $pdata$mdlRTW_c6_usv_model 0000000180019330     c6_usv_model.obj
 0004:0000033c       $pdata$mdlStart_c6_usv_model 000000018001933c     c6_usv_model.obj
 0004:00000348       $pdata$mexFunction         0000000180019348     usv_model_sfun_registry.obj
 0004:00000354       $pdata$_ssSetInputPortDirectFeedThroughFcn 0000000180019354     usv_model_sfun_registry.obj
 0004:00000360       $pdata$_ssGetInputPortSignalPtrsFcn 0000000180019360     usv_model_sfun_registry.obj
 0004:0000036c       $pdata$_ssGetInputPortSignalFcn 000000018001936c     usv_model_sfun_registry.obj
 0004:00000378       $pdata$_ssSetInputPortReusableFcn 0000000180019378     usv_model_sfun_registry.obj
 0004:00000384       $pdata$_ssSetOutputPortReusableFcn 0000000180019384     usv_model_sfun_registry.obj
 0004:00000390       $pdata$_ssSetSymbolicDimsSupport 0000000180019390     usv_model_sfun_registry.obj
 0004:0000039c       $pdata$_ssRegisterSymbolicDimsExpr 000000018001939c     usv_model_sfun_registry.obj
 0004:000003a8       $pdata$_ssRegisterSymbolicDims 00000001800193a8     usv_model_sfun_registry.obj
 0004:000003b4       $pdata$_ssRegisterSymbolicDimsString 00000001800193b4     usv_model_sfun_registry.obj
 0004:000003c0       $pdata$_ssRegisterSymbolicDimsIntValue 00000001800193c0     usv_model_sfun_registry.obj
 0004:000003cc       $pdata$_ssRegisterSymbolicDimsPlus 00000001800193cc     usv_model_sfun_registry.obj
 0004:000003d8       $pdata$_ssRegisterSymbolicDimsMinus 00000001800193d8     usv_model_sfun_registry.obj
 0004:000003e4       $pdata$_ssRegisterSymbolicDimsMultiply 00000001800193e4     usv_model_sfun_registry.obj
 0004:000003f0       $pdata$_ssRegisterSymbolicDimsDivide 00000001800193f0     usv_model_sfun_registry.obj
 0004:000003fc       $pdata$_ssGetNumSymbolicDims 00000001800193fc     usv_model_sfun_registry.obj
 0004:00000408       $pdata$_ssGetSymbolicDim   0000000180019408     usv_model_sfun_registry.obj
 0004:00000414       $pdata$_ssSetInputPortSymbolicDimsId 0000000180019414     usv_model_sfun_registry.obj
 0004:00000420       $pdata$_ssGetCompInputPortSymbolicDimsId 0000000180019420     usv_model_sfun_registry.obj
 0004:0000042c       $pdata$_ssSetCompInputPortSymbolicDimsId 000000018001942c     usv_model_sfun_registry.obj
 0004:00000438       $pdata$_ssSetOutputPortSymbolicDimsId 0000000180019438     usv_model_sfun_registry.obj
 0004:00000444       $pdata$_ssGetCompOutputPortSymbolicDimsId 0000000180019444     usv_model_sfun_registry.obj
 0004:00000450       $pdata$_ssSetCompOutputPortSymbolicDimsId 0000000180019450     usv_model_sfun_registry.obj
 0004:0000045c       $pdata$_ssSetCompDWorkSymbolicDimsId 000000018001945c     usv_model_sfun_registry.obj
 0004:00000468       $pdata$ssGetIsZeroCrossControlDisabled 0000000180019468     usv_model_sfun_registry.obj
 0004:00000474       $pdata$ssSetIsInputPortUsedForContZcSignal 0000000180019474     usv_model_sfun_registry.obj
 0004:00000480       $pdata$ssSetZcSignalIsZcElementDisc 0000000180019480     usv_model_sfun_registry.obj
 0004:0000048c       $pdata$ssSetZcSignalName   000000018001948c     usv_model_sfun_registry.obj
 0004:00000498       $pdata$ssSetZcSignalWidth  0000000180019498     usv_model_sfun_registry.obj
 0004:000004a4       $pdata$ssSetZcSignalZcEventType 00000001800194a4     usv_model_sfun_registry.obj
 0004:000004b0       $pdata$ssSetZcSignalType   00000001800194b0     usv_model_sfun_registry.obj
 0004:000004bc       $pdata$ssSetZcSignalZcTol  00000001800194bc     usv_model_sfun_registry.obj
 0004:000004c8       $pdata$ssSetZcSignalNeedsEventNotification 00000001800194c8     usv_model_sfun_registry.obj
 0004:000004d4       $pdata$ssCreateAndAddZcSignalInfo 00000001800194d4     usv_model_sfun_registry.obj
 0004:000004e0       $pdata$ssCloneAndAddZcSignalInfo 00000001800194e0     usv_model_sfun_registry.obj
 0004:000004ec       $pdata$ssGetNumZcSignals   00000001800194ec     usv_model_sfun_registry.obj
 0004:000004f8       $pdata$ssGetZcSignalVector 00000001800194f8     usv_model_sfun_registry.obj
 0004:00000504       $pdata$ssGetZcSignalName   0000000180019504     usv_model_sfun_registry.obj
 0004:00000510       $pdata$ssGetZcSignalWidth  0000000180019510     usv_model_sfun_registry.obj
 0004:0000051c       $pdata$ssGetZcSignalZcEventType 000000018001951c     usv_model_sfun_registry.obj
 0004:00000528       $pdata$ssGetZcSignalZcEvents 0000000180019528     usv_model_sfun_registry.obj
 0004:00000534       $pdata$ssGetZcSignalType   0000000180019534     usv_model_sfun_registry.obj
 0004:00000540       $pdata$ssGetZcSignalZcTol  0000000180019540     usv_model_sfun_registry.obj
 0004:0000054c       $pdata$ssGetZcSignalNeedsEventNotification 000000018001954c     usv_model_sfun_registry.obj
 0004:00000558       $pdata$ssGetZcSignalIsZcElementDisc 0000000180019558     usv_model_sfun_registry.obj
 0004:00000564       $pdata$ssGetIsInputPortElementContinuous 0000000180019564     usv_model_sfun_registry.obj
 0004:00000570       $pdata$ssGetDTypeIdFromMxArray 0000000180019570     usv_model_sfun_registry.obj
 0004:0000057c       $pdata$ssWriteRTWStr       000000018001957c     usv_model_sfun_registry.obj
 0004:00000588       $pdata$ssWriteRTWNameValuePair 0000000180019588     usv_model_sfun_registry.obj
 0004:00000594       $pdata$ssWriteRTWParamSettings 0000000180019594     usv_model_sfun_registry.obj
 0004:000005a0       $pdata$ssWriteRTWParameters 00000001800195a0     usv_model_sfun_registry.obj
 0004:000005ac       $pdata$ssWriteRTWWorkVect  00000001800195ac     usv_model_sfun_registry.obj
 0004:000005b8       $pdata$ssWriteRTWMxVectParam 00000001800195b8     usv_model_sfun_registry.obj
 0004:000005c4       $pdata$ssWriteRTWMx2dMatParam 00000001800195c4     usv_model_sfun_registry.obj
 0004:000005d0       $pdata$_ssSetInputPortMatrixDimensions 00000001800195d0     usv_model_sfun_registry.obj
 0004:000005dc       $pdata$_ssSetOutputPortMatrixDimensions 00000001800195dc     usv_model_sfun_registry.obj
 0004:000005e8       $pdata$_ssSetInputPortVectorDimension 00000001800195e8     usv_model_sfun_registry.obj
 0004:000005f4       $pdata$_ssSetOutputPortVectorDimension 00000001800195f4     usv_model_sfun_registry.obj
 0004:00000600       $pdata$ssIsRunTimeParamTunable 0000000180019600     usv_model_sfun_registry.obj
 0004:0000060c       $pdata$ssGetSFuncBlockHandle 000000018001960c     usv_model_sfun_registry.obj
 0004:00000618       $pdata$_ssGetCurrentInputPortWidth 0000000180019618     usv_model_sfun_registry.obj
 0004:00000624       $pdata$_ssGetCurrentOutputPortWidth 0000000180019624     usv_model_sfun_registry.obj
 0004:00000630       $pdata$_ssGetCallSystemNumFcnCallDestinations 0000000180019630     usv_model_sfun_registry.obj
 0004:0000063c       $pdata$ssGetParameterTuningCompliance 000000018001963c     usv_model_sfun_registry.obj
 0004:00000648       $pdata$ssWarning           0000000180019648     usv_model_sfun_registry.obj
 0004:00000654       $pdata$_ssGetAbsTol        0000000180019654     usv_model_sfun_registry.obj
 0004:00000660       $pdata$sf_process_check_sum_call 0000000180019660     usv_model_sfun_registry.obj
 0004:0000066c       $pdata$sf_process_machine_uses_exported_functions_call 000000018001966c     usv_model_sfun_registry.obj
 0004:00000678       $pdata$sf_process_autoinheritance_call 0000000180019678     usv_model_sfun_registry.obj
 0004:00000684       $pdata$sf_process_get_third_party_uses_info_call 0000000180019684     usv_model_sfun_registry.obj
 0004:00000690       $pdata$sf_process_get_jit_fallback_info_call 0000000180019690     usv_model_sfun_registry.obj
 0004:0000069c       $pdata$sf_process_get_updateBuildInfo_args_info_call 000000018001969c     usv_model_sfun_registry.obj
 0004:000006a8       $pdata$sf_process_get_eml_resolved_functions_info_call 00000001800196a8     usv_model_sfun_registry.obj
 0004:000006b4       $pdata$sf_process_get_post_codegen_info 00000001800196b4     usv_model_sfun_registry.obj
 0004:000006c0       $pdata$sf_mex_unlock_call  00000001800196c0     usv_model_sfun_registry.obj
 0004:000006cc       $pdata$sf_debug_api_wrapper 00000001800196cc     usv_model_sfun_registry.obj
 0004:000006d8       $pdata$ProcessMexSfunctionCmdLineCall 00000001800196d8     usv_model_sfun_registry.obj
 0004:000006e4       $pdata$sf_machine_global_initializer_called 00000001800196e4     usv_model_sfun_registry.obj
 0004:000006f0       $pdata$sf_machine_global_method_dispatcher 00000001800196f0     usv_model_sfun_registry.obj
 0004:000006fc       $pdata$sf_machine_global_terminator 00000001800196fc     usv_model_sfun_registry.obj
 0004:00000708       $pdata$sf_register_machine_exported_symbols 0000000180019708     usv_model_sfun_registry.obj
 0004:00000714       $pdata$sf_machine_global_initializer 0000000180019714     usv_model_sfun_registry.obj
 0004:00000720       $pdata$mdlGetSimState      0000000180019720     usv_model_sfun_registry.obj
 0004:0000072c       $pdata$mdlSetSimState      000000018001972c     usv_model_sfun_registry.obj
 0004:00000738       $pdata$mdlSetWorkWidths    0000000180019738     usv_model_sfun_registry.obj
 0004:00000744       $pdata$mdlProcessParameters 0000000180019744     usv_model_sfun_registry.obj
 0004:00000750       $pdata$mdl_start_processing 0000000180019750     usv_model_sfun_registry.obj
 0004:0000075c       $pdata$mdl_terminate_processing 000000018001975c     usv_model_sfun_registry.obj
 0004:00000768       $pdata$mdlStart            0000000180019768     usv_model_sfun_registry.obj
 0004:00000774       $pdata$mdlTerminate        0000000180019774     usv_model_sfun_registry.obj
 0004:00000780       $pdata$mdlInitializeSizes  0000000180019780     usv_model_sfun_registry.obj
 0004:0000078c       $pdata$mdlInitializeSampleTimes 000000018001978c     usv_model_sfun_registry.obj
 0004:00000798       $pdata$mdl_outputs_continuous_legacy 0000000180019798     usv_model_sfun_registry.obj
 0004:000007a4       $pdata$mdl_outputs_processing 00000001800197a4     usv_model_sfun_registry.obj
 0004:000007b0       $pdata$mdl_zeroCrossings_processing 00000001800197b0     usv_model_sfun_registry.obj
 0004:000007bc       $pdata$mdlZeroCrossings    00000001800197bc     usv_model_sfun_registry.obj
 0004:000007c8       $pdata$mdl_derivatives_processing 00000001800197c8     usv_model_sfun_registry.obj
 0004:000007d4       $pdata$mdlDerivatives      00000001800197d4     usv_model_sfun_registry.obj
 0004:000007e0       $pdata$mdl_initialize_conditions_processing 00000001800197e0     usv_model_sfun_registry.obj
 0004:000007ec       $pdata$mdlInitializeConditions 00000001800197ec     usv_model_sfun_registry.obj
 0004:000007f8       $pdata$mdl_ext_mode_exec_processing 00000001800197f8     usv_model_sfun_registry.obj
 0004:00000804       $pdata$mdlExtModeExec      0000000180019804     usv_model_sfun_registry.obj
 0004:00000810       $pdata$mdlRTW              0000000180019810     usv_model_sfun_registry.obj
 0004:0000081c       $pdata$mdl_enable_processing 000000018001981c     usv_model_sfun_registry.obj
 0004:00000828       $pdata$mdlEnable           0000000180019828     usv_model_sfun_registry.obj
 0004:00000834       $pdata$mdl_disable_processing 0000000180019834     usv_model_sfun_registry.obj
 0004:00000840       $pdata$mdlDisable          0000000180019840     usv_model_sfun_registry.obj
 0004:0000084c       $pdata$mdlOutputs          000000018001984c     usv_model_sfun_registry.obj
 0004:00000858       $pdata$mdl_update_processing 0000000180019858     usv_model_sfun_registry.obj
 0004:00000864       $pdata$mdlUpdate           0000000180019864     usv_model_sfun_registry.obj
 0004:00000870       $pdata$ProcessMexSfunctionEveryCall 0000000180019870     usv_model_sfun_registry.obj
 0004:0000087c       $pdata$_RegNumInputPortsCB 000000018001987c     usv_model_sfun_registry.obj
 0004:00000888       $pdata$_RegNumOutputPortsCB 0000000180019888     usv_model_sfun_registry.obj
 0004:00000894       $pdata$_CreateSimStruct    0000000180019894     usv_model_sfun_registry.obj
 0004:000008a0       $pdata$_ssFatalError       00000001800198a0     usv_model_sfun_registry.obj
 0004:000008ac       $pdata$_ProcessMexSfunctionCmdLineCall 00000001800198ac     usv_model_sfun_registry.obj
 0004:000008b8       $pdata$__raise_securityfailure 00000001800198b8     MSVCRT:gs_report.obj
 0004:000008c4       $pdata$__report_gsfailure  00000001800198c4     MSVCRT:gs_report.obj
 0004:000008d0       $pdata$__report_rangecheckfailure 00000001800198d0     MSVCRT:gs_report.obj
 0004:000008dc       $pdata$__report_securityfailure 00000001800198dc     MSVCRT:gs_report.obj
 0004:000008e8       $pdata$__report_securityfailureEx 00000001800198e8     MSVCRT:gs_report.obj
 0004:000008f4       $pdata$__GSHandlerCheck    00000001800198f4     MSVCRT:gshandler.obj
 0004:00000900       $pdata$__GSHandlerCheckCommon 0000000180019900     MSVCRT:gshandler.obj
 0004:00000918       $pdata$pre_c_init          0000000180019918     MSVCRT:crtdll.obj
 0004:00000924       $pdata$_CRT_INIT           0000000180019924     MSVCRT:crtdll.obj
 0004:00000930       $pdata$_DllMainCRTStartup  0000000180019930     MSVCRT:crtdll.obj
 0004:0000093c       $pdata$__DllMainCRTStartup 000000018001993c     MSVCRT:crtdll.obj
 0004:00000948       $pdata$_IsNonwritableInCurrentImage 0000000180019948     MSVCRT:pesect.obj
 0004:00000954       $pdata$__atonexitinit      0000000180019954     MSVCRT:atonexit.obj
 0004:00000960       $pdata$_onexit             0000000180019960     MSVCRT:atonexit.obj
 0004:0000096c       $pdata$atexit              000000018001996c     MSVCRT:atonexit.obj
 0004:00000978       $pdata$__security_init_cookie 0000000180019978     MSVCRT:gs_support.obj
 0004:00000984       $pdata$DllMain             0000000180019984     MSVCRT:dllmain.obj
 0004:00000990       $pdata$_RTC_Initialize     0000000180019990     MSVCRT:initsect.obj
 0004:0000099c       $pdata$_RTC_Terminate      000000018001999c     MSVCRT:initsect.obj
 0004:000009a8       $pdata$__DllMainCRTStartup$filt$0 00000001800199a8     MSVCRT:crtdll.obj
 0004:000009b4       $pdata$__DllMainCRTStartup$fin$1 00000001800199b4     MSVCRT:crtdll.obj
 0004:000009c0       $pdata$_IsNonwritableInCurrentImage$filt$0 00000001800199c0     MSVCRT:pesect.obj
 0004:000009cc       $pdata$_onexit$fin$0       00000001800199cc     MSVCRT:atonexit.obj
